Component: ARM Compiler 5.06 update 1 (build 61) Tool: armlink [4d35a8]

==============================================================================

Section Cross References

    main.o(i.main) refers to _printf_percent.o(.ARM.Collect$$_printf_percent$$00000000) for _printf_percent
    main.o(i.main) refers to _printf_c.o(.ARM.Collect$$_printf_percent$$00000013) for _printf_c
    main.o(i.main) refers to _printf_str.o(.text) for _printf_str
    main.o(i.main) refers to rt_memcpy_w.o(.text) for __aeabi_memcpy4
    main.o(i.main) refers to configure.o(i.BoardInit) for BoardInit
    main.o(i.main) refers to eeprom.o(i.AT24CXX_Init) for AT24CXX_Init
    main.o(i.main) refers to delay.o(i.delay_ms) for delay_ms
    main.o(i.main) refers to noretval__2printf.o(.text) for __2printf
    main.o(i.main) refers to eeprom.o(i.AT24CXX_Check) for AT24CXX_Check
    main.o(i.main) refers to eeprom.o(i.AT24CXX_Write) for AT24CXX_Write
    main.o(i.main) refers to eeprom.o(i.AT24CXX_Read) for AT24CXX_Read
    startup_stm32f429xx.o(STACK) refers (Special) to heapauxi.o(.text) for __use_two_region_memory
    startup_stm32f429xx.o(HEAP) refers (Special) to heapauxi.o(.text) for __use_two_region_memory
    startup_stm32f429xx.o(RESET) refers (Special) to heapauxi.o(.text) for __use_two_region_memory
    startup_stm32f429xx.o(RESET) refers to startup_stm32f429xx.o(STACK) for __initial_sp
    startup_stm32f429xx.o(RESET) refers to startup_stm32f429xx.o(.text) for Reset_Handler
    startup_stm32f429xx.o(RESET) refers to stm32f4xx_it.o(i.NMI_Handler) for NMI_Handler
    startup_stm32f429xx.o(RESET) refers to stm32f4xx_it.o(i.HardFault_Handler) for HardFault_Handler
    startup_stm32f429xx.o(RESET) refers to stm32f4xx_it.o(i.MemManage_Handler) for MemManage_Handler
    startup_stm32f429xx.o(RESET) refers to stm32f4xx_it.o(i.BusFault_Handler) for BusFault_Handler
    startup_stm32f429xx.o(RESET) refers to stm32f4xx_it.o(i.UsageFault_Handler) for UsageFault_Handler
    startup_stm32f429xx.o(RESET) refers to stm32f4xx_it.o(i.SVC_Handler) for SVC_Handler
    startup_stm32f429xx.o(RESET) refers to stm32f4xx_it.o(i.DebugMon_Handler) for DebugMon_Handler
    startup_stm32f429xx.o(RESET) refers to stm32f4xx_it.o(i.PendSV_Handler) for PendSV_Handler
    startup_stm32f429xx.o(RESET) refers to stm32f4xx_it.o(i.SysTick_Handler) for SysTick_Handler
    startup_stm32f429xx.o(RESET) refers to usart.o(i.USART1_IRQHandler) for USART1_IRQHandler
    startup_stm32f429xx.o(RESET) refers to rs485.o(i.USART2_IRQHandler) for USART2_IRQHandler
    startup_stm32f429xx.o(.text) refers (Special) to heapauxi.o(.text) for __use_two_region_memory
    startup_stm32f429xx.o(.text) refers to system_stm32f4xx.o(i.SystemInit) for SystemInit
    startup_stm32f429xx.o(.text) refers to __main.o(!!!main) for __main
    startup_stm32f429xx.o(.text) refers to startup_stm32f429xx.o(HEAP) for Heap_Mem
    startup_stm32f429xx.o(.text) refers to startup_stm32f429xx.o(STACK) for Stack_Mem
    configure.o(i.BoardInit) refers to stm32f4xx_hal.o(i.HAL_Init) for HAL_Init
    configure.o(i.BoardInit) refers to sys.o(i.Stm32_Clock_Init) for Stm32_Clock_Init
    configure.o(i.BoardInit) refers to delay.o(i.delay_init) for delay_init
    configure.o(i.BoardInit) refers to usart.o(i.uart_init) for uart_init
    eeprom.o(i.AT24CXX_Check) refers to eeprom.o(i.AT24CXX_ReadOneByte) for AT24CXX_ReadOneByte
    eeprom.o(i.AT24CXX_Check) refers to eeprom.o(i.AT24CXX_WriteOneByte) for AT24CXX_WriteOneByte
    eeprom.o(i.AT24CXX_Init) refers to myiic.o(i.IIC_Init) for IIC_Init
    eeprom.o(i.AT24CXX_Read) refers to eeprom.o(i.AT24CXX_ReadOneByte) for AT24CXX_ReadOneByte
    eeprom.o(i.AT24CXX_ReadLenByte) refers to eeprom.o(i.AT24CXX_ReadOneByte) for AT24CXX_ReadOneByte
    eeprom.o(i.AT24CXX_ReadOneByte) refers to myiic.o(i.IIC_Start) for IIC_Start
    eeprom.o(i.AT24CXX_ReadOneByte) refers to myiic.o(i.IIC_Send_Byte) for IIC_Send_Byte
    eeprom.o(i.AT24CXX_ReadOneByte) refers to myiic.o(i.IIC_Wait_Ack) for IIC_Wait_Ack
    eeprom.o(i.AT24CXX_ReadOneByte) refers to myiic.o(i.IIC_Read_Byte) for IIC_Read_Byte
    eeprom.o(i.AT24CXX_ReadOneByte) refers to myiic.o(i.IIC_Stop) for IIC_Stop
    eeprom.o(i.AT24CXX_Write) refers to eeprom.o(i.AT24CXX_WriteOneByte) for AT24CXX_WriteOneByte
    eeprom.o(i.AT24CXX_WriteLenByte) refers to eeprom.o(i.AT24CXX_WriteOneByte) for AT24CXX_WriteOneByte
    eeprom.o(i.AT24CXX_WriteOneByte) refers to myiic.o(i.IIC_Start) for IIC_Start
    eeprom.o(i.AT24CXX_WriteOneByte) refers to myiic.o(i.IIC_Send_Byte) for IIC_Send_Byte
    eeprom.o(i.AT24CXX_WriteOneByte) refers to myiic.o(i.IIC_Wait_Ack) for IIC_Wait_Ack
    eeprom.o(i.AT24CXX_WriteOneByte) refers to myiic.o(i.IIC_Stop) for IIC_Stop
    eeprom.o(i.AT24CXX_WriteOneByte) refers to delay.o(i.delay_ms) for delay_ms
    can.o(i.CAN_Config) refers to can.o(i.CAN_GPIO_Config) for CAN_GPIO_Config
[...]
    Removing stm32f4xx_hal_tim_ex.o(i.HAL_TIMEx_PWMN_Stop_DMA), (124 bytes).
    Removing stm32f4xx_hal_tim_ex.o(i.HAL_TIMEx_PWMN_Stop_IT), (134 bytes).
    Removing stm32f4xx_hal_tim_ex.o(i.HAL_TIMEx_RemapConfig), (34 bytes).
    Removing stm32f4xx_hal_tim_ex.o(i.TIMEx_DMACommutationCplt), (16 bytes).
    Removing stm32f4xx_hal_tim_ex.o(i.TIM_CCxNChannelCmd), (22 bytes).
    Removing stm32f4xx_hal_uart.o(.rev16_text), (4 bytes).
    Removing stm32f4xx_hal_uart.o(.revsh_text), (4 bytes).
    Removing stm32f4xx_hal_uart.o(.rrx_text), (6 bytes).
    Removing stm32f4xx_hal_uart.o(i.HAL_HalfDuplex_EnableReceiver), (48 bytes).
    Removing stm32f4xx_hal_uart.o(i.HAL_HalfDuplex_EnableTransmitter), (48 bytes).
    Removing stm32f4xx_hal_uart.o(i.HAL_HalfDuplex_Init), (104 bytes).
    Removing stm32f4xx_hal_uart.o(i.HAL_LIN_Init), (124 bytes).
    Removing stm32f4xx_hal_uart.o(i.HAL_LIN_SendBreak), (44 bytes).
    Removing stm32f4xx_hal_uart.o(i.HAL_MultiProcessor_EnterMuteMode), (44 bytes).
    Removing stm32f4xx_hal_uart.o(i.HAL_MultiProcessor_ExitMuteMode), (44 bytes).
    Removing stm32f4xx_hal_uart.o(i.HAL_MultiProcessor_Init), (138 bytes).
    Removing stm32f4xx_hal_uart.o(i.HAL_UART_DMAPause), (86 bytes).
    Removing stm32f4xx_hal_uart.o(i.HAL_UART_DMAResume), (102 bytes).
    Removing stm32f4xx_hal_uart.o(i.HAL_UART_DMAStop), (50 bytes).
    Removing stm32f4xx_hal_uart.o(i.HAL_UART_DeInit), (36 bytes).
    Removing stm32f4xx_hal_uart.o(i.HAL_UART_GetError), (4 bytes).
    Removing stm32f4xx_hal_uart.o(i.HAL_UART_GetState), (6 bytes).
    Removing stm32f4xx_hal_uart.o(i.HAL_UART_MspDeInit), (2 bytes).
    Removing stm32f4xx_hal_uart.o(i.HAL_UART_MspInit), (2 bytes).
    Removing stm32f4xx_hal_uart.o(i.HAL_UART_Receive_DMA), (132 bytes).
    Removing stm32f4xx_hal_uart.o(i.HAL_UART_Receive_IT), (104 bytes).
    Removing stm32f4xx_hal_uart.o(i.HAL_UART_RxHalfCpltCallback), (2 bytes).
    Removing stm32f4xx_hal_uart.o(i.HAL_UART_Transmit), (200 bytes).
    Removing stm32f4xx_hal_uart.o(i.HAL_UART_Transmit_DMA), (144 bytes).
    Removing stm32f4xx_hal_uart.o(i.HAL_UART_Transmit_IT), (84 bytes).
    Removing stm32f4xx_hal_uart.o(i.HAL_UART_TxHalfCpltCallback), (2 bytes).
    Removing stm32f4xx_hal_uart.o(i.UART_DMAError), (30 bytes).
    Removing stm32f4xx_hal_uart.o(i.UART_DMAReceiveCplt), (52 bytes).
    Removing stm32f4xx_hal_uart.o(i.UART_DMARxHalfCplt), (10 bytes).
    Removing stm32f4xx_hal_uart.o(i.UART_DMATransmitCplt), (46 bytes).
    Removing stm32f4xx_hal_uart.o(i.UART_DMATxHalfCplt), (10 bytes).
    Removing stm32f4xx_hal_usart.o(.rev16_text), (4 bytes).
    Removing stm32f4xx_hal_usart.o(.revsh_text), (4 bytes).
    Removing stm32f4xx_hal_usart.o(.rrx_text), (6 bytes).
    Removing stm32f4xx_hal_usart.o(i.HAL_USART_DMAPause), (38 bytes).
    Removing stm32f4xx_hal_usart.o(i.HAL_USART_DMAResume), (38 bytes).
    Removing stm32f4xx_hal_usart.o(i.HAL_USART_DMAStop), (50 bytes).
    Removing stm32f4xx_hal_usart.o(i.HAL_USART_DeInit), (46 bytes).
    Removing stm32f4xx_hal_usart.o(i.HAL_USART_ErrorCallback), (2 bytes).
    Removing stm32f4xx_hal_usart.o(i.HAL_USART_GetError), (4 bytes).
    Removing stm32f4xx_hal_usart.o(i.HAL_USART_GetState), (6 bytes).
    Removing stm32f4xx_hal_usart.o(i.HAL_USART_IRQHandler), (270 bytes).
    Removing stm32f4xx_hal_usart.o(i.HAL_USART_Init), (84 bytes).
    Removing stm32f4xx_hal_usart.o(i.HAL_USART_MspDeInit), (2 bytes).
    Removing stm32f4xx_hal_usart.o(i.HAL_USART_MspInit), (2 bytes).
    Removing stm32f4xx_hal_usart.o(i.HAL_USART_Receive), (210 bytes).
    Removing stm32f4xx_hal_usart.o(i.HAL_USART_Receive_DMA), (156 bytes).
    Removing stm32f4xx_hal_usart.o(i.HAL_USART_Receive_IT), (90 bytes).
    Removing stm32f4xx_hal_usart.o(i.HAL_USART_RxCpltCallback), (2 bytes).
    Removing stm32f4xx_hal_usart.o(i.HAL_USART_RxHalfCpltCallback), (2 bytes).
    Removing stm32f4xx_hal_usart.o(i.HAL_USART_Transmit), (168 bytes).
    Removing stm32f4xx_hal_usart.o(i.HAL_USART_TransmitReceive), (246 bytes).
    Removing stm32f4xx_hal_usart.o(i.HAL_USART_TransmitReceive_DMA), (196 bytes).
    Removing stm32f4xx_hal_usart.o(i.HAL_USART_TransmitReceive_IT), (102 bytes).
    Removing stm32f4xx_hal_usart.o(i.HAL_USART_Transmit_DMA), (128 bytes).
    Removing stm32f4xx_hal_usart.o(i.HAL_USART_Transmit_IT), (62 bytes).
    Removing stm32f4xx_hal_usart.o(i.HAL_USART_TxCpltCallback), (2 bytes).
    Removing stm32f4xx_hal_usart.o(i.HAL_USART_TxHalfCpltCallback), (2 bytes).
    Removing stm32f4xx_hal_usart.o(i.HAL_USART_TxRxCpltCallback), (2 bytes).
    Removing stm32f4xx_hal_usart.o(i.USART_DMAError), (30 bytes).
    Removing stm32f4xx_hal_usart.o(i.USART_DMAReceiveCplt), (80 bytes).
    Removing stm32f4xx_hal_usart.o(i.USART_DMARxHalfCplt), (10 bytes).
    Removing stm32f4xx_hal_usart.o(i.USART_DMATransmitCplt), (62 bytes).
    Removing stm32f4xx_hal_usart.o(i.USART_DMATxHalfCplt), (10 bytes).
    Removing stm32f4xx_hal_usart.o(i.USART_Receive_IT), (176 bytes).
    Removing stm32f4xx_hal_usart.o(i.USART_SetConfig), (260 bytes).
    Removing stm32f4xx_hal_usart.o(i.USART_TransmitReceive_IT), (232 bytes).
    Removing stm32f4xx_hal_usart.o(i.USART_Transmit_IT), (98 bytes).
    Removing stm32f4xx_hal_usart.o(i.USART_WaitOnFlagUntilTimeout), (146 bytes).
    Removing stm32f4xx_it.o(.rev16_text), (4 bytes).
    Removing stm32f4xx_it.o(.revsh_text), (4 bytes).
    Removing stm32f4xx_it.o(.rrx_text), (6 bytes).
    Removing system_stm32f4xx.o(.rev16_text), (4 bytes).
    Removing system_stm32f4xx.o(.revsh_text), (4 bytes).
    Removing system_stm32f4xx.o(.rrx_text), (6 bytes).
    Removing system_stm32f4xx.o(i.SystemCoreClockUpdate), (124 bytes).
    Removing stm32f4xx_hal_i2c.o(.rev16_text), (4 bytes).
    Removing stm32f4xx_hal_i2c.o(.revsh_text), (4 bytes).
    Removing stm32f4xx_hal_i2c.o(.rrx_text), (6 bytes).
    Removing stm32f4xx_hal_i2c.o(i.HAL_I2C_DeInit), (46 bytes).
    Removing stm32f4xx_hal_i2c.o(i.HAL_I2C_ER_IRQHandler), (216 bytes).
    Removing stm32f4xx_hal_i2c.o(i.HAL_I2C_EV_IRQHandler), (404 bytes).
    Removing stm32f4xx_hal_i2c.o(i.HAL_I2C_ErrorCallback), (2 bytes).
    Removing stm32f4xx_hal_i2c.o(i.HAL_I2C_GetError), (4 bytes).
    Removing stm32f4xx_hal_i2c.o(i.HAL_I2C_GetState), (6 bytes).
    Removing stm32f4xx_hal_i2c.o(i.HAL_I2C_Init), (256 bytes).
    Removing stm32f4xx_hal_i2c.o(i.HAL_I2C_IsDeviceReady), (320 bytes).
    Removing stm32f4xx_hal_i2c.o(i.HAL_I2C_MasterRxCpltCallback), (2 bytes).
    Removing stm32f4xx_hal_i2c.o(i.HAL_I2C_MasterTxCpltCallback), (2 bytes).
    Removing stm32f4xx_hal_i2c.o(i.HAL_I2C_Master_Receive), (428 bytes).
    Removing stm32f4xx_hal_i2c.o(i.HAL_I2C_Master_Receive_DMA), (208 bytes).
    Removing stm32f4xx_hal_i2c.o(i.HAL_I2C_Master_Receive_IT), (216 bytes).
    Removing stm32f4xx_hal_i2c.o(i.HAL_I2C_Master_Transmit), (232 bytes).
    Removing stm32f4xx_hal_i2c.o(i.HAL_I2C_Master_Transmit_DMA), (184 bytes).
    Removing stm32f4xx_hal_i2c.o(i.HAL_I2C_Master_Transmit_IT), (148 bytes).
    Removing stm32f4xx_hal_i2c.o(i.HAL_I2C_MemRxCpltCallback), (2 bytes).
    Removing stm32f4xx_hal_i2c.o(i.HAL_I2C_MemTxCpltCallback), (2 bytes).
    Removing stm32f4xx_hal_i2c.o(i.HAL_I2C_Mem_Read), (436 bytes).
    Removing stm32f4xx_hal_i2c.o(i.HAL_I2C_Mem_Read_DMA), (220 bytes).
    Removing stm32f4xx_hal_i2c.o(i.HAL_I2C_Mem_Read_IT), (228 bytes).
    Removing stm32f4xx_hal_i2c.o(i.HAL_I2C_Mem_Write), (236 bytes).
    Removing stm32f4xx_hal_i2c.o(i.HAL_I2C_Mem_Write_DMA), (188 bytes).
    Removing stm32f4xx_hal_i2c.o(i.HAL_I2C_Mem_Write_IT), (152 bytes).
    Removing stm32f4xx_hal_i2c.o(i.HAL_I2C_MspDeInit), (2 bytes).
    Removing stm32f4xx_hal_i2c.o(i.HAL_I2C_MspInit), (2 bytes).
    Removing stm32f4xx_hal_i2c.o(i.HAL_I2C_SlaveRxCpltCallback), (2 bytes).
    Removing stm32f4xx_hal_i2c.o(i.HAL_I2C_SlaveTxCpltCallback), (2 bytes).
    Removing stm32f4xx_hal_i2c.o(i.HAL_I2C_Slave_Receive), (248 bytes).
    Removing stm32f4xx_hal_i2c.o(i.HAL_I2C_Slave_Receive_DMA), (192 bytes).
    Removing stm32f4xx_hal_i2c.o(i.HAL_I2C_Slave_Receive_IT), (120 bytes).
    Removing stm32f4xx_hal_i2c.o(i.HAL_I2C_Slave_Transmit), (276 bytes).
    Removing stm32f4xx_hal_i2c.o(i.HAL_I2C_Slave_Transmit_DMA), (224 bytes).
    Removing stm32f4xx_hal_i2c.o(i.HAL_I2C_Slave_Transmit_IT), (120 bytes).
    Removing stm32f4xx_hal_i2c.o(i.I2C_DMAError), (38 bytes).
    Removing stm32f4xx_hal_i2c.o(i.I2C_DMAMasterReceiveCplt), (70 bytes).
    Removing stm32f4xx_hal_i2c.o(i.I2C_DMAMasterTransmitCplt), (80 bytes).
    Removing stm32f4xx_hal_i2c.o(i.I2C_DMAMemReceiveCplt), (70 bytes).
    Removing stm32f4xx_hal_i2c.o(i.I2C_DMAMemTransmitCplt), (80 bytes).
    Removing stm32f4xx_hal_i2c.o(i.I2C_DMASlaveReceiveCplt), (96 bytes).
    Removing stm32f4xx_hal_i2c.o(i.I2C_DMASlaveTransmitCplt), (86 bytes).
    Removing stm32f4xx_hal_i2c.o(i.I2C_MasterReceive_BTF), (128 bytes).
    Removing stm32f4xx_hal_i2c.o(i.I2C_MasterReceive_RXNE), (100 bytes).
    Removing stm32f4xx_hal_i2c.o(i.I2C_MasterRequestRead), (186 bytes).
    Removing stm32f4xx_hal_i2c.o(i.I2C_MasterRequestWrite), (116 bytes).
    Removing stm32f4xx_hal_i2c.o(i.I2C_RequestMemoryRead), (224 bytes).
    Removing stm32f4xx_hal_i2c.o(i.I2C_RequestMemoryWrite), (144 bytes).
    Removing stm32f4xx_hal_i2c.o(i.I2C_WaitOnFlagUntilTimeout), (138 bytes).
    Removing stm32f4xx_hal_i2c.o(i.I2C_WaitOnMasterAddressFlagUntilTimeout), (130 bytes).
    Removing stm32f4xx_hal_i2c_ex.o(.rev16_text), (4 bytes).
    Removing stm32f4xx_hal_i2c_ex.o(.revsh_text), (4 bytes).
    Removing stm32f4xx_hal_i2c_ex.o(.rrx_text), (6 bytes).
    Removing stm32f4xx_hal_i2c_ex.o(i.HAL_I2CEx_ConfigAnalogFilter), (74 bytes).
    Removing stm32f4xx_hal_i2c_ex.o(i.HAL_I2CEx_ConfigDigitalFilter), (70 bytes).

723 unused section(s) (total 77244 bytes) removed from the image.

==============================================================================

Image Symbol Table

    Local Symbols

    Symbol Name                              Value     Ov Type        Size  Object(Section)

    ../clib/angel/boardlib.s                 0x00000000   Number         0  boardshut.o ABSOLUTE
    ../clib/angel/boardlib.s                 0x00000000   Number         0  boardinit3.o ABSOLUTE
    ../clib/angel/boardlib.s                 0x00000000   Number         0  boardinit2.o ABSOLUTE
    ../clib/angel/boardlib.s                 0x00000000   Number         0  boardinit1.o ABSOLUTE
    ../clib/angel/handlers.s                 0x00000000   Number         0  __scatter_copy.o ABSOLUTE
    ../clib/angel/handlers.s                 0x00000000   Number         0  __scatter_zi.o ABSOLUTE
    ../clib/angel/kernel.s                   0x00000000   Number         0  __rtentry2.o ABSOLUTE
    ../clib/angel/kernel.s                   0x00000000   Number         0  __rtentry4.o ABSOLUTE
    ../clib/angel/kernel.s                   0x00000000   Number         0  rtexit.o ABSOLUTE
    ../clib/angel/kernel.s                   0x00000000   Number         0  __rtentry.o ABSOLUTE
    ../clib/angel/kernel.s                   0x00000000   Number         0  rtexit2.o ABSOLUTE
    ../clib/angel/rt.s                       0x00000000   Number         0  rt_raise.o ABSOLUTE
    ../clib/angel/scatter.s                  0x00000000   Number         0  __scatter.o ABSOLUTE
    ../clib/angel/startup.s                  0x00000000   Number         0  __main.o ABSOLUTE
    ../clib/angel/sys.s                      0x00000000   Number         0  use_no_semi.o ABSOLUTE
    ../clib/angel/sys.s                      0x00000000   Number         0  sys_stackheap_outer.o ABSOLUTE
    ../clib/angel/sys.s                      0x00000000   Number         0  use_no_semi_2.o ABSOLUTE
    ../clib/angel/sys.s                      0x00000000   Number         0  indicate_semi.o ABSOLUTE
    ../clib/angel/sys.s                      0x00000000   Number         0  libspace.o ABSOLUTE
    ../clib/angel/sysapp.c                   0x00000000   Number         0  sys_command.o ABSOLUTE
    ../clib/angel/sysapp.c                   0x00000000   Number         0  sys_wrch.o ABSOLUTE
    ../clib/armsys.c                         0x00000000   Number         0  argv_veneer.o ABSOLUTE
    ../clib/armsys.c                         0x00000000   Number         0  no_argv.o ABSOLUTE
    ../clib/armsys.c                         0x00000000   Number         0  argv_veneer.o ABSOLUTE
    ../clib/armsys.c                         0x00000000   Number         0  _get_argv_nomalloc.o ABSOLUTE
    ../clib/heapalloc.c                      0x00000000   Number         0  hrguard.o ABSOLUTE
    ../clib/heapaux.c                        0x00000000   Number         0  heapauxi.o ABSOLUTE
    ../clib/libinit.s                        0x00000000   Number         0  libshutdown.o ABSOLUTE
    ../clib/libinit.s                        0x00000000   Number         0  libinit.o ABSOLUTE
    ../clib/libinit.s                        0x00000000   Number         0  libinit2.o ABSOLUTE
    ../clib/libinit.s                        0x00000000   Number         0  libshutdown2.o ABSOLUTE
    ../clib/memcpset.s                       0x00000000   Number         0  rt_memcpy_w.o ABSOLUTE
    ../clib/printf.c                         0x00000000   Number         0  __printf_flags_ss_wp.o ABSOLUTE
    ../clib/printf.c                         0x00000000   Number         0  __printf_flags.o ABSOLUTE
    ../clib/printf.c                         0x00000000   Number         0  __printf_ss.o ABSOLUTE
    ../clib/printf.c                         0x00000000   Number         0  _printf_char_file.o ABSOLUTE
    ../clib/printf.c                         0x00000000   Number         0  _printf_hex_int_ll_ptr.o ABSOLUTE
    ../clib/printf.c                         0x00000000   Number         0  noretval__2printf.o ABSOLUTE
    ../clib/printf.c                         0x00000000   Number         0  _printf_hex_int.o ABSOLUTE
    ../clib/printf.c                         0x00000000   Number         0  _printf_hex_ll_ptr.o ABSOLUTE
    ../clib/printf.c                         0x00000000   Number         0  _printf_hex_ll.o ABSOLUTE
    ../clib/printf.c                         0x00000000   Number         0  _printf_char_common.o ABSOLUTE
    ../clib/printf.c                         0x00000000   Number         0  _printf_hex_int_ll.o ABSOLUTE
    ../clib/printf.c                         0x00000000   Number         0  _printf_hex_ptr.o ABSOLUTE
    ../clib/printf.c                         0x00000000   Number         0  _printf_hex_int_ptr.o ABSOLUTE
    ../clib/printf.c                         0x00000000   Number         0  _printf_str.o ABSOLUTE
    ../clib/printf.c                         0x00000000   Number         0  _printf_char.o ABSOLUTE
    ../clib/printf.c                         0x00000000   Number         0  __printf_wp.o ABSOLUTE
    ../clib/printf.c                         0x00000000   Number         0  __2printf.o ABSOLUTE
    ../clib/printf.c                         0x00000000   Number         0  _printf_intcommon.o ABSOLUTE
    ../clib/printf.c                         0x00000000   Number         0  __printf.o ABSOLUTE
    ../clib/printf.c                         0x00000000   Number         0  __printf_flags_ss.o ABSOLUTE
    ../clib/printf.c                         0x00000000   Number         0  __printf_flags_wp.o ABSOLUTE
    ../clib/printf.c                         0x00000000   Number         0  __printf_nopercent.o ABSOLUTE
    ../clib/printf.c                         0x00000000   Number         0  __printf_ss_wp.o ABSOLUTE
    ../clib/printf_percent.s                 0x00000000   Number         0  _printf_c.o ABSOLUTE
    ../clib/printf_percent.s                 0x00000000   Number         0  _printf_percent_end.o ABSOLUTE
    ../clib/printf_percent.s                 0x00000000   Number         0  _printf_percent.o ABSOLUTE
    ../clib/printf_percent.s                 0x00000000   Number         0  _printf_x.o ABSOLUTE
    ../clib/signal.c                         0x00000000   Number         0  defsig_rtred_inner.o ABSOLUTE
    ../clib/signal.c                         0x00000000   Number         0  defsig_fpe_inner.o ABSOLUTE
    ../clib/signal.c                         0x00000000   Number         0  defsig_abrt_inner.o ABSOLUTE
    ../clib/signal.c                         0x00000000   Number         0  defsig_general.o ABSOLUTE
    ../clib/signal.c                         0x00000000   Number         0  __raise.o ABSOLUTE
    ../clib/signal.c                         0x00000000   Number         0  defsig_rtmem_inner.o ABSOLUTE
    ../clib/signal.c                         0x00000000   Number         0  defsig_exit.o ABSOLUTE
    ../clib/signal.c                         0x00000000   Number         0  defsig_rtmem_formal.o ABSOLUTE
    ../clib/signal.c                         0x00000000   Number         0  defsig_rtmem_outer.o ABSOLUTE
    ../clib/signal.c                         0x00000000   Number         0  defsig_other.o ABSOLUTE
    ../clib/signal.c                         0x00000000   Number         0  defsig_segv_inner.o ABSOLUTE
    ../clib/signal.c                         0x00000000   Number         0  defsig_cppl_inner.o ABSOLUTE
    ../clib/signal.c                         0x00000000   Number         0  defsig_pvfn_inner.o ABSOLUTE
    ../clib/signal.c                         0x00000000   Number         0  defsig_stak_inner.o ABSOLUTE
    ../clib/signal.s                         0x00000000   Number         0  defsig.o ABSOLUTE
    ../clib/stdio.c                          0x00000000   Number         0  ferror.o ABSOLUTE
    ../clib/stdio.c                          0x00000000   Number         0  ferror_locked.o ABSOLUTE
    ../clib/stdlib.c                         0x00000000   Number         0  exit.o ABSOLUTE
    ../fplib/dfixu.s                         0x00000000   Number         0  dfixu.o ABSOLUTE
    ../fplib/dflt.s                          0x00000000   Number         0  dflt_clz.o ABSOLUTE
    ../fplib/dmul.s                          0x00000000   Number         0  dmul.o ABSOLUTE
    ../fplib/dnaninf.s                       0x00000000   Number         0  dnaninf.o ABSOLUTE
    ../fplib/dretinf.s                       0x00000000   Number         0  dretinf.o ABSOLUTE
    ../fplib/fpinit.s                        0x00000000   Number         0  fpinit.o ABSOLUTE
    ../fplib/usenofp.s                       0x00000000   Number         0  usenofp.o ABSOLUTE
    ..\SDK\stm32f4xx_hal.c                   0x00000000   Number         0  stm32f4xx_hal.o ABSOLUTE
    ..\SDK\stm32f4xx_hal_can.c               0x00000000   Number         0  stm32f4xx_hal_can.o ABSOLUTE
    ..\SDK\stm32f4xx_hal_cortex.c            0x00000000   Number         0  stm32f4xx_hal_cortex.o ABSOLUTE
    ..\SDK\stm32f4xx_hal_dma.c               0x00000000   Number         0  stm32f4xx_hal_dma.o ABSOLUTE
    ..\SDK\stm32f4xx_hal_dma2d.c             0x00000000   Number         0  stm32f4xx_hal_dma2d.o ABSOLUTE
    ..\SDK\stm32f4xx_hal_dma_ex.c            0x00000000   Number         0  stm32f4xx_hal_dma_ex.o ABSOLUTE
    ..\SDK\stm32f4xx_hal_gpio.c              0x00000000   Number         0  stm32f4xx_hal_gpio.o ABSOLUTE
    ..\SDK\stm32f4xx_hal_i2c.c               0x00000000   Number         0  stm32f4xx_hal_i2c.o ABSOLUTE
    ..\SDK\stm32f4xx_hal_i2c_ex.c            0x00000000   Number         0  stm32f4xx_hal_i2c_ex.o ABSOLUTE
    ..\SDK\stm32f4xx_hal_ltdc.c              0x00000000   Number         0  stm32f4xx_hal_ltdc.o ABSOLUTE
    ..\SDK\stm32f4xx_hal_ltdc_ex.c           0x00000000   Number         0  stm32f4xx_hal_ltdc_ex.o ABSOLUTE
    ..\SDK\stm32f4xx_hal_pwr.c               0x00000000   Number         0  stm32f4xx_hal_pwr.o ABSOLUTE
    ..\SDK\stm32f4xx_hal_pwr_ex.c            0x00000000   Number         0  stm32f4xx_hal_pwr_ex.o ABSOLUTE
    ..\SDK\stm32f4xx_hal_rcc.c               0x00000000   Number         0  stm32f4xx_hal_rcc.o ABSOLUTE
    ..\SDK\stm32f4xx_hal_rcc_ex.c            0x00000000   Number         0  stm32f4xx_hal_rcc_ex.o ABSOLUTE
    ..\SDK\stm32f4xx_hal_sdram.c             0x00000000   Number         0  stm32f4xx_hal_sdram.o ABSOLUTE
    ..\SDK\stm32f4xx_hal_spi.c               0x00000000   Number         0  stm32f4xx_hal_spi.o ABSOLUTE
    ..\SDK\stm32f4xx_hal_sram.c              0x00000000   Number         0  stm32f4xx_hal_sram.o ABSOLUTE
    ..\SDK\stm32f4xx_hal_tim.c               0x00000000   Number         0  stm32f4xx_hal_tim.o ABSOLUTE
    ..\SDK\stm32f4xx_hal_tim_ex.c            0x00000000   Number         0  stm32f4xx_hal_tim_ex.o ABSOLUTE
    ..\SDK\stm32f4xx_hal_uart.c              0x00000000   Number         0  stm32f4xx_hal_uart.o ABSOLUTE
    ..\SDK\stm32f4xx_hal_usart.c             0x00000000   Number         0  stm32f4xx_hal_usart.o ABSOLUTE
    ..\SDK\stm32f4xx_it.c                    0x00000000   Number         0  stm32f4xx_it.o ABSOLUTE
    ..\SDK\stm32f4xx_ll_fmc.c                0x00000000   Number         0  stm32f4xx_ll_fmc.o ABSOLUTE
    ..\SDK\system_stm32f4xx.c                0x00000000   Number         0  system_stm32f4xx.o ABSOLUTE
    ..\\SDK\\stm32f4xx_hal.c                 0x00000000   Number         0  stm32f4xx_hal.o ABSOLUTE
    ..\\SDK\\stm32f4xx_hal_can.c             0x00000000   Number         0  stm32f4xx_hal_can.o ABSOLUTE
    ..\\SDK\\stm32f4xx_hal_cortex.c          0x00000000   Number         0  stm32f4xx_hal_cortex.o ABSOLUTE
    ..\\SDK\\stm32f4xx_hal_dma.c             0x00000000   Number         0  stm32f4xx_hal_dma.o ABSOLUTE
    ..\\SDK\\stm32f4xx_hal_dma2d.c           0x00000000   Number         0  stm32f4xx_hal_dma2d.o ABSOLUTE
    ..\\SDK\\stm32f4xx_hal_dma_ex.c          0x00000000   Number         0  stm32f4xx_hal_dma_ex.o ABSOLUTE
    ..\\SDK\\stm32f4xx_hal_gpio.c            0x00000000   Number         0  stm32f4xx_hal_gpio.o ABSOLUTE
    ..\\SDK\\stm32f4xx_hal_i2c.c             0x00000000   Number         0  stm32f4xx_hal_i2c.o ABSOLUTE
    ..\\SDK\\stm32f4xx_hal_i2c_ex.c          0x00000000   Number         0  stm32f4xx_hal_i2c_ex.o ABSOLUTE
    ..\\SDK\\stm32f4xx_hal_ltdc.c            0x00000000   Number         0  stm32f4xx_hal_ltdc.o ABSOLUTE
    ..\\SDK\\stm32f4xx_hal_ltdc_ex.c         0x00000000   Number         0  stm32f4xx_hal_ltdc_ex.o ABSOLUTE
    ..\\SDK\\stm32f4xx_hal_pwr.c             0x00000000   Number         0  stm32f4xx_hal_pwr.o ABSOLUTE
    ..\\SDK\\stm32f4xx_hal_pwr_ex.c          0x00000000   Number         0  stm32f4xx_hal_pwr_ex.o ABSOLUTE
    ..\\SDK\\stm32f4xx_hal_rcc.c             0x00000000   Number         0  stm32f4xx_hal_rcc.o ABSOLUTE
    ..\\SDK\\stm32f4xx_hal_rcc_ex.c          0x00000000   Number         0  stm32f4xx_hal_rcc_ex.o ABSOLUTE
    ..\\SDK\\stm32f4xx_hal_sdram.c           0x00000000   Number         0  stm32f4xx_hal_sdram.o ABSOLUTE
    ..\\SDK\\stm32f4xx_hal_spi.c             0x00000000   Number         0  stm32f4xx_hal_spi.o ABSOLUTE
    ..\\SDK\\stm32f4xx_hal_sram.c            0x00000000   Number         0  stm32f4xx_hal_sram.o ABSOLUTE
    ..\\SDK\\stm32f4xx_hal_tim.c             0x00000000   Number         0  stm32f4xx_hal_tim.o ABSOLUTE
    ..\\SDK\\stm32f4xx_hal_tim_ex.c          0x00000000   Number         0  stm32f4xx_hal_tim_ex.o ABSOLUTE
    ..\\SDK\\stm32f4xx_hal_uart.c            0x00000000   Number         0  stm32f4xx_hal_uart.o ABSOLUTE
    ..\\SDK\\stm32f4xx_hal_usart.c           0x00000000   Number         0  stm32f4xx_hal_usart.o ABSOLUTE
    ..\\SDK\\stm32f4xx_it.c                  0x00000000   Number         0  stm32f4xx_it.o ABSOLUTE
    ..\\SDK\\stm32f4xx_ll_fmc.c              0x00000000   Number         0  stm32f4xx_ll_fmc.o ABSOLUTE
    ..\\SDK\\system_stm32f4xx.c              0x00000000   Number         0  system_stm32f4xx.o ABSOLUTE
    ..\\configure\\configure.c               0x00000000   Number         0  configure.o ABSOLUTE
    ..\\configure\\eeprom.c                  0x00000000   Number         0  eeprom.o ABSOLUTE
    ..\\configure\\main.c                    0x00000000   Number         0  main.o ABSOLUTE
    ..\\drive\\can.c                         0x00000000   Number         0  can.o ABSOLUTE
    ..\\drive\\delay.c                       0x00000000   Number         0  delay.o ABSOLUTE
    ..\\drive\\key.c                         0x00000000   Number         0  key.o ABSOLUTE
    ..\\drive\\lcd.c                         0x00000000   Number         0  lcd.o ABSOLUTE
    ..\\drive\\led.c                         0x00000000   Number         0  led.o ABSOLUTE
    ..\\drive\\ltdc.c                        0x00000000   Number         0  ltdc.o ABSOLUTE
    ..\\drive\\myiic.c                       0x00000000   Number         0  myiic.o ABSOLUTE
    ..\\drive\\pcf8574.c                     0x00000000   Number         0  pcf8574.o ABSOLUTE
    ..\\drive\\rs485.c                       0x00000000   Number         0  rs485.o ABSOLUTE
    ..\\drive\\sdram.c                       0x00000000   Number         0  sdram.o ABSOLUTE
    ..\\drive\\sys.c                         0x00000000   Number         0  sys.o ABSOLUTE
    ..\\drive\\usart.c                       0x00000000   Number         0  usart.o ABSOLUTE
    ..\configure\configure.c                 0x00000000   Number         0  configure.o ABSOLUTE
    ..\configure\eeprom.c                    0x00000000   Number         0  eeprom.o ABSOLUTE
    ..\configure\main.c                      0x00000000   Number         0  main.o ABSOLUTE
    ..\configure\startup_stm32f429xx.s       0x00000000   Number         0  startup_stm32f429xx.o ABSOLUTE
    ..\drive\can.c                           0x00000000   Number         0  can.o ABSOLUTE
    ..\drive\delay.c                         0x00000000   Number         0  delay.o ABSOLUTE
    ..\drive\key.c                           0x00000000   Number         0  key.o ABSOLUTE
    ..\drive\lcd.c                           0x00000000   Number         0  lcd.o ABSOLUTE
    ..\drive\led.c                           0x00000000   Number         0  led.o ABSOLUTE
    ..\drive\ltdc.c                          0x00000000   Number         0  ltdc.o ABSOLUTE
    ..\drive\myiic.c                         0x00000000   Number         0  myiic.o ABSOLUTE
    ..\drive\pcf8574.c                       0x00000000   Number         0  pcf8574.o ABSOLUTE
    ..\drive\rs485.c                         0x00000000   Number         0  rs485.o ABSOLUTE
    ..\drive\sdram.c                         0x00000000   Number         0  sdram.o ABSOLUTE
    ..\drive\sys.c                           0x00000000   Number         0  sys.o ABSOLUTE
    ..\drive\usart.c                         0x00000000   Number         0  usart.o ABSOLUTE
    dc.s                                     0x00000000   Number         0  dc.o ABSOLUTE
    RESET                                    0x08000000   Section      428  startup_stm32f429xx.o(RESET)
    !!!main                                  0x080001ac   Section        8  __main.o(!!!main)
    !!!scatter                               0x080001b4   Section       52  __scatter.o(!!!scatter)
    !!handler_copy                           0x080001e8   Section       26  __scatter_copy.o(!!handler_copy)
    !!handler_zi                             0x08000204   Section       28  __scatter_zi.o(!!handler_zi)
    .ARM.Collect$$_printf_percent$$00000000  0x08000220   Section        0  _printf_percent.o(.ARM.Collect$$_printf_percent$$00000000)
    .ARM.Collect$$_printf_percent$$00000013  0x08000220   Section        6  _printf_c.o(.ARM.Collect$$_printf_percent$$00000013)
    .ARM.Collect$$_printf_percent$$00000017  0x08000226   Section        4  _printf_percent_end.o(.ARM.Collect$$_printf_percent$$00000017)
    .ARM.Collect$$libinit$$00000000          0x0800022a   Section        2  libinit.o(.ARM.Collect$$libinit$$00000000)
    .ARM.Collect$$libinit$$00000001          0x0800022c   Section        4  libinit2.o(.ARM.Collect$$libinit$$00000001)
    .ARM.Collect$$libinit$$00000004          0x08000230   Section        0  libinit2.o(.ARM.Collect$$libinit$$00000004)
    .ARM.Collect$$libinit$$0000000A          0x08000230   Section        0  libinit2.o(.ARM.Collect$$libinit$$0000000A)
    .ARM.Collect$$libinit$$0000000C          0x08000230   Section        0  libinit2.o(.ARM.Collect$$libinit$$0000000C)
    .ARM.Collect$$libinit$$0000000E          0x08000230   Section        0  libinit2.o(.ARM.Collect$$libinit$$0000000E)
    .ARM.Collect$$libinit$$00000011          0x08000230   Section        0  libinit2.o(.ARM.Collect$$libinit$$00000011)
    .ARM.Collect$$libinit$$00000013          0x08000230   Section        0  libinit2.o(.ARM.Collect$$libinit$$00000013)
    .ARM.Collect$$libinit$$00000015          0x08000230   Section        0  libinit2.o(.ARM.Collect$$libinit$$00000015)
    .ARM.Collect$$libinit$$00000017          0x08000230   Section        0  libinit2.o(.ARM.Collect$$libinit$$00000017)
    .ARM.Collect$$libinit$$00000019          0x08000230   Section        0  libinit2.o(.ARM.Collect$$libinit$$00000019)
    .ARM.Collect$$libinit$$0000001B          0x08000230   Section        0  libinit2.o(.ARM.Collect$$libinit$$0000001B)
    .ARM.Collect$$libinit$$0000001D          0x08000230   Section        0  libinit2.o(.ARM.Collect$$libinit$$0000001D)
    .ARM.Collect$$libinit$$0000001F          0x08000230   Section        0  libinit2.o(.ARM.Collect$$libinit$$0000001F)
    .ARM.Collect$$libinit$$00000021          0x08000230   Section        0  libinit2.o(.ARM.Collect$$libinit$$00000021)
    .ARM.Collect$$libinit$$00000023          0x08000230   Section        0  libinit2.o(.ARM.Collect$$libinit$$00000023)
    .ARM.Collect$$libinit$$00000025          0x08000230   Section        0  libinit2.o(.ARM.Collect$$libinit$$00000025)
    .ARM.Collect$$libinit$$0000002C          0x08000230   Section        0  libinit2.o(.ARM.Collect$$libinit$$0000002C)
    .ARM.Collect$$libinit$$0000002E          0x08000230   Section        0  libinit2.o(.ARM.Collect$$libinit$$0000002E)
    .ARM.Collect$$libinit$$00000030          0x08000230   Section        0  libinit2.o(.ARM.Collect$$libinit$$00000030)
    .ARM.Collect$$libinit$$00000032          0x08000230   Section        0  libinit2.o(.ARM.Collect$$libinit$$00000032)
    .ARM.Collect$$libinit$$00000033          0x08000230   Section        2  libinit2.o(.ARM.Collect$$libinit$$00000033)
    .ARM.Collect$$libshutdown$$00000000      0x08000232   Section        2  libshutdown.o(.ARM.Collect$$libshutdown$$00000000)
    .ARM.Collect$$libshutdown$$00000002      0x08000234   Section        0  libshutdown2.o(.ARM.Collect$$libshutdown$$00000002)
    .ARM.Collect$$libshutdown$$00000004      0x08000234   Section        0  libshutdown2.o(.ARM.Collect$$libshutdown$$00000004)
    .ARM.Collect$$libshutdown$$00000007      0x08000234   Section        0  libshutdown2.o(.ARM.Collect$$libshutdown$$00000007)
    .ARM.Collect$$libshutdown$$0000000A      0x08000234   Section        0  libshutdown2.o(.ARM.Collect$$libshutdown$$0000000A)
    .ARM.Collect$$libshutdown$$0000000C      0x08000234   Section        0  libshutdown2.o(.ARM.Collect$$libshutdown$$0000000C)
    .ARM.Collect$$libshutdown$$0000000F      0x08000234   Section        0  libshutdown2.o(.ARM.Collect$$libshutdown$$0000000F)
    .ARM.Collect$$libshutdown$$00000010      0x08000234   Section        2  libshutdown2.o(.ARM.Collect$$libshutdown$$00000010)
    .ARM.Collect$$rtentry$$00000000          0x08000236   Section        0  __rtentry.o(.ARM.Collect$$rtentry$$00000000)
    .ARM.Collect$$rtentry$$00000002          0x08000236   Section        0  __rtentry2.o(.ARM.Collect$$rtentry$$00000002)
    .ARM.Collect$$rtentry$$00000004          0x08000236   Section        6  __rtentry4.o(.ARM.Collect$$rtentry$$00000004)
    .ARM.Collect$$rtentry$$00000009          0x0800023c   Section        0  __rtentry2.o(.ARM.Collect$$rtentry$$00000009)
    .ARM.Collect$$rtentry$$0000000A          0x0800023c   Section        4  __rtentry2.o(.ARM.Collect$$rtentry$$0000000A)
    .ARM.Collect$$rtentry$$0000000C          0x08000240   Section        0  __rtentry2.o(.ARM.Collect$$rtentry$$0000000C)
    .ARM.Collect$$rtentry$$0000000D          0x08000240   Section        8  __rtentry2.o(.ARM.Collect$$rtentry$$0000000D)
    .ARM.Collect$$rtexit$$00000000           0x08000248   Section        2  rtexit.o(.ARM.Collect$$rtexit$$00000000)
    .ARM.Collect$$rtexit$$00000002           0x0800024a   Section        0  rtexit2.o(.ARM.Collect$$rtexit$$00000002)
    .ARM.Collect$$rtexit$$00000003           0x0800024a   Section        4  rtexit2.o(.ARM.Collect$$rtexit$$00000003)
    .ARM.Collect$$rtexit$$00000004           0x0800024e   Section        6  rtexit2.o(.ARM.Collect$$rtexit$$00000004)
    .text                                    0x08000254   Section       64  startup_stm32f429xx.o(.text)
    $v0                                      0x08000254   Number         0  startup_stm32f429xx.o(.text)
    .text                                    0x08000294   Section        2  use_no_semi_2.o(.text)
    .text                                    0x08000298   Section        0  noretval__2printf.o(.text)
    .text                                    0x080002b0   Section        0  __printf.o(.text)
    .text                                    0x08000318   Section        0  _printf_str.o(.text)
    .text                                    0x0800036a   Section      100  rt_memcpy_w.o(.text)
    .text                                    0x080003ce   Section        0  heapauxi.o(.text)
    .text                                    0x080003d4   Section        2  use_no_semi.o(.text)
    .text                                    0x080003d6   Section        0  _printf_char.o(.text)
    .text                                    0x08000404   Section        0  _printf_char_file.o(.text)
    .text                                    0x08000428   Section        0  _printf_char_common.o(.text)
    _printf_input_char                       0x08000429   Thumb Code    10  _printf_char_common.o(.text)
    .text                                    0x08000458   Section        0  ferror.o(.text)
    .text                                    0x08000460   Section       74  sys_stackheap_outer.o(.text)
    .text                                    0x080004aa   Section        0  exit.o(.text)
    .text                                    0x080004bc   Section        8  libspace.o(.text)
    i.AT24CXX_Check                          0x080004c4   Section        0  eeprom.o(i.AT24CXX_Check)
    i.AT24CXX_Init                           0x080004ea   Section        0  eeprom.o(i.AT24CXX_Init)
    i.AT24CXX_Read                           0x080004ee   Section        0  eeprom.o(i.AT24CXX_Read)
    i.AT24CXX_ReadOneByte                    0x08000510   Section        0  eeprom.o(i.AT24CXX_ReadOneByte)
    i.AT24CXX_Write                          0x08000552   Section        0  eeprom.o(i.AT24CXX_Write)
    i.AT24CXX_WriteOneByte                   0x08000572   Section        0  eeprom.o(i.AT24CXX_WriteOneByte)
    i.BoardInit                              0x080005b0   Section        0  configure.o(i.BoardInit)
    i.BusFault_Handler                       0x080005d6   Section        0  stm32f4xx_it.o(i.BusFault_Handler)
    i.DebugMon_Handler                       0x080005d8   Section        0  stm32f4xx_it.o(i.DebugMon_Handler)
    i.HAL_GPIO_Init                          0x080005dc   Section        0  stm32f4xx_hal_gpio.o(i.HAL_GPIO_Init)
    i.HAL_GetTick                            0x080007b8   Section        0  stm32f4xx_hal.o(i.HAL_GetTick)
    i.HAL_IncTick                            0x080007c4   Section        0  stm32f4xx_hal.o(i.HAL_IncTick)
    i.HAL_Init                               0x080007d4   Section        0  stm32f4xx_hal.o(i.HAL_Init)
    i.HAL_InitTick                           0x08000808   Section        0  stm32f4xx_hal.o(i.HAL_InitTick)
    i.HAL_MspInit                            0x0800082a   Section        0  stm32f4xx_hal.o(i.HAL_MspInit)
    i.HAL_NVIC_EnableIRQ                     0x08000832   Section        0  stm32f4xx_hal_cortex.o(i.HAL_NVIC_EnableIRQ)
    i.HAL_NVIC_SetPriority                   0x08000848   Section        0  stm32f4xx_hal_cortex.o(i.HAL_NVIC_SetPriority)
    i.HAL_NVIC_SetPriorityGrouping           0x08000888   Section        0  stm32f4xx_hal_cortex.o(i.HAL_NVIC_SetPriorityGrouping)
    i.HAL_PWREx_EnableOverDrive              0x080008ac   Section        0  stm32f4xx_hal_pwr_ex.o(i.HAL_PWREx_EnableOverDrive)
    i.HAL_RCC_ClockConfig                    0x08000934   Section        0  stm32f4xx_hal_rcc.o(i.HAL_RCC_ClockConfig)
    i.HAL_RCC_GetHCLKFreq                    0x08000b3c   Section        0  stm32f4xx_hal_rcc.o(i.HAL_RCC_GetHCLKFreq)
    i.HAL_RCC_GetPCLK1Freq                   0x08000b70   Section        0  stm32f4xx_hal_rcc.o(i.HAL_RCC_GetPCLK1Freq)
    i.HAL_RCC_GetPCLK2Freq                   0x08000b9c   Section        0  stm32f4xx_hal_rcc.o(i.HAL_RCC_GetPCLK2Freq)
    i.HAL_RCC_GetSysClockFreq                0x08000bc8   Section        0  stm32f4xx_hal_rcc.o(i.HAL_RCC_GetSysClockFreq)
    i.HAL_RCC_OscConfig                      0x08000c3c   Section        0  stm32f4xx_hal_rcc.o(i.HAL_RCC_OscConfig)
    i.HAL_SYSTICK_CLKSourceConfig            0x08000f58   Section        0  stm32f4xx_hal_cortex.o(i.HAL_SYSTICK_CLKSourceConfig)
    i.HAL_SYSTICK_Config                     0x08000f70   Section        0  stm32f4xx_hal_cortex.o(i.HAL_SYSTICK_Config)
    i.HAL_UART_ErrorCallback                 0x08000f98   Section        0  stm32f4xx_hal_uart.o(i.HAL_UART_ErrorCallback)
    i.HAL_UART_IRQHandler                    0x08000f9a   Section        0  stm32f4xx_hal_uart.o(i.HAL_UART_IRQHandler)
    i.HAL_UART_Init                          0x0800108e   Section        0  stm32f4xx_hal_uart.o(i.HAL_UART_Init)
    i.HAL_UART_MspInit                       0x080010ec   Section        0  usart.o(i.HAL_UART_MspInit)
    i.HAL_UART_Receive                       0x08001180   Section        0  stm32f4xx_hal_uart.o(i.HAL_UART_Receive)
    i.HAL_UART_RxCpltCallback                0x0800124a   Section        0  stm32f4xx_hal_uart.o(i.HAL_UART_RxCpltCallback)
    i.HAL_UART_TxCpltCallback                0x0800124c   Section        0  stm32f4xx_hal_uart.o(i.HAL_UART_TxCpltCallback)
    i.HardFault_Handler                      0x0800124e   Section        0  stm32f4xx_it.o(i.HardFault_Handler)
    i.IIC_Ack                                0x08001250   Section        0  myiic.o(i.IIC_Ack)
    i.IIC_Init                               0x08001290   Section        0  myiic.o(i.IIC_Init)
    i.IIC_NAck                               0x080012d8   Section        0  myiic.o(i.IIC_NAck)
    i.IIC_Read_Byte                          0x08001318   Section        0  myiic.o(i.IIC_Read_Byte)
    i.IIC_Send_Byte                          0x08001380   Section        0  myiic.o(i.IIC_Send_Byte)
    i.IIC_Start                              0x080013e0   Section        0  myiic.o(i.IIC_Start)
    i.IIC_Stop                               0x08001420   Section        0  myiic.o(i.IIC_Stop)
    i.IIC_Wait_Ack                           0x08001460   Section        0  myiic.o(i.IIC_Wait_Ack)
    i.MemManage_Handler                      0x080014b4   Section        0  stm32f4xx_it.o(i.MemManage_Handler)
    i.NMI_Handler                            0x080014b6   Section        0  stm32f4xx_it.o(i.NMI_Handler)
    i.NVIC_SetPriority                       0x080014b8   Section        0  stm32f4xx_hal_cortex.o(i.NVIC_SetPriority)
    NVIC_SetPriority                         0x080014b9   Thumb Code    32  stm32f4xx_hal_cortex.o(i.NVIC_SetPriority)
    i.PendSV_Handler                         0x080014d8   Section        0  stm32f4xx_it.o(i.PendSV_Handler)
    i.SVC_Handler                            0x080014da   Section        0  stm32f4xx_it.o(i.SVC_Handler)
    i.Stm32_Clock_Init                       0x080014dc   Section        0  sys.o(i.Stm32_Clock_Init)
    i.SysTick_Handler                        0x08001560   Section        0  stm32f4xx_it.o(i.SysTick_Handler)
    i.SystemInit                             0x08001564   Section        0  system_stm32f4xx.o(i.SystemInit)
    i.UART_Receive_IT                        0x080015b8   Section        0  stm32f4xx_hal_uart.o(i.UART_Receive_IT)
    UART_Receive_IT                          0x080015b9   Thumb Code   166  stm32f4xx_hal_uart.o(i.UART_Receive_IT)
    i.UART_SetConfig                         0x08001660   Section        0  stm32f4xx_hal_uart.o(i.UART_SetConfig)
    UART_SetConfig                           0x08001661   Thumb Code   364  stm32f4xx_hal_uart.o(i.UART_SetConfig)
    i.UART_Transmit_IT                       0x080017d4   Section        0  stm32f4xx_hal_uart.o(i.UART_Transmit_IT)
    UART_Transmit_IT                         0x080017d5   Thumb Code   102  stm32f4xx_hal_uart.o(i.UART_Transmit_IT)
    i.UART_WaitOnFlagUntilTimeout            0x0800183a   Section        0  stm32f4xx_hal_uart.o(i.UART_WaitOnFlagUntilTimeout)
    UART_WaitOnFlagUntilTimeout              0x0800183b   Thumb Code   146  stm32f4xx_hal_uart.o(i.UART_WaitOnFlagUntilTimeout)
    i.USART1_IRQHandler                      0x080018cc   Section        0  usart.o(i.USART1_IRQHandler)
    i.USART2_IRQHandler                      0x08001938   Section        0  rs485.o(i.USART2_IRQHandler)
    i.UsageFault_Handler                     0x08001974   Section        0  stm32f4xx_it.o(i.UsageFault_Handler)
    i._sys_exit                              0x08001976   Section        0  usart.o(i._sys_exit)
    i.delay_init                             0x08001978   Section        0  delay.o(i.delay_init)
    i.delay_ms                               0x0800198c   Section        0  delay.o(i.delay_ms)
    i.delay_us                               0x080019a8   Section        0  delay.o(i.delay_us)
    i.fputc                                  0x080019dc   Section        0  usart.o(i.fputc)
    i.main                                   0x080019f0   Section        0  main.o(i.main)
    i.uart_init                              0x08001b10   Section        0  usart.o(i.uart_init)
    x$fpl$fpinit                             0x08001b34   Section       10  fpinit.o(x$fpl$fpinit)
    $v0                                      0x08001b34   Number         0  fpinit.o(x$fpl$fpinit)
    .constdata                               0x08001b3e   Section       16  stm32f4xx_hal_rcc.o(.constdata)
    .data                                    0x20000000   Section        4  delay.o(.data)
    fac_us                                   0x20000000   Data           4  delay.o(.data)
    .data                                    0x20000004   Section        1  rs485.o(.data)
    .data                                    0x20000006   Section        2  usart.o(.data)
    .data                                    0x20000008   Section        4  usart.o(.data)
    .data                                    0x2000000c   Section        4  stm32f4xx_hal.o(.data)
    uwTick                                   0x2000000c   Data           4  stm32f4xx_hal.o(.data)
    .data                                    0x20000010   Section       20  system_stm32f4xx.o(.data)
    .bss                                     0x20000024   Section      128  rs485.o(.bss)
    .bss                                     0x200000a4   Section      264  usart.o(.bss)
    .bss                                     0x200001ac   Section       96  libspace.o(.bss)
    HEAP                                     0x20000210   Section      512  startup_stm32f429xx.o(HEAP)
    Heap_Mem                                 0x20000210   Data         512  startup_stm32f429xx.o(HEAP)
    STACK                                    0x20000410   Section     1024  startup_stm32f429xx.o(STACK)
    Stack_Mem                                0x20000410   Data        1024  startup_stm32f429xx.o(STACK)
    __initial_sp                             0x20000810   Data           0  startup_stm32f429xx.o(STACK)
    .ARM.__AT_0xC0000000                     0xc0000000   Section    2048000  ltdc.o(.ARM.__AT_0xC0000000)

    Global Symbols

    Symbol Name                              Value     Ov Type        Size  Object(Section)

    BuildAttributes$$THM_ISAv4$E$P$D$K$B$S$7EM$VFPi3$EXTD16$VFPS$VFMA$PE$A:L22UL41UL21$X:L11$S22US41US21$IEEE1$IW$USESV6$~STKCKD$USESV7$~SHL$OSPACE$ROPI$EBA8$UX$STANDARDLIB$REQ8$PRES8$EABIv2 0x00000000   Number         0  anon$$obj.o ABSOLUTE
    __ARM_use_no_argv                        0x00000000   Number         0  main.o ABSOLUTE
    __ARM_exceptions_init                     - Undefined Weak Reference
    __alloca_initialize                       - Undefined Weak Reference
    __arm_preinit_                            - Undefined Weak Reference
    __cpp_initialize__aeabi_                  - Undefined Weak Reference
    __cxa_finalize                            - Undefined Weak Reference
    __rt_locale                               - Undefined Weak Reference
    __sigvec_lookup                           - Undefined Weak Reference
    _atexit_init                              - Undefined Weak Reference
    _call_atexit_fns                          - Undefined Weak Reference
    _clock_init                               - Undefined Weak Reference
    _fp_trap_init                             - Undefined Weak Reference
    _fp_trap_shutdown                         - Undefined Weak Reference
    _get_lc_collate                           - Undefined Weak Reference
    _get_lc_ctype                             - Undefined Weak Reference
    _get_lc_monetary                          - Undefined Weak Reference
    _get_lc_numeric                           - Undefined Weak Reference
    _get_lc_time                              - Undefined Weak Reference
    _getenv_init                              - Undefined Weak Reference
    _handle_redirection                       - Undefined Weak Reference
    _init_alloc                               - Undefined Weak Reference
    _init_user_alloc                          - Undefined Weak Reference
    _initio                                   - Undefined Weak Reference
    _mutex_acquire                            - Undefined Weak Reference
    _mutex_release                            - Undefined Weak Reference
    _printf_mbtowc                            - Undefined Weak Reference
    _printf_post_padding                      - Undefined Weak Reference
    _printf_pre_padding                       - Undefined Weak Reference
    _printf_truncate_unsigned                 - Undefined Weak Reference
    _rand_init                                - Undefined Weak Reference
    _signal_finish                            - Undefined Weak Reference
    _signal_init                              - Undefined Weak Reference
    _terminate_alloc                          - Undefined Weak Reference
    _terminate_user_alloc                     - Undefined Weak Reference
    _terminateio                              - Undefined Weak Reference
    __Vectors_Size                           0x000001ac   Number         0  startup_stm32f429xx.o ABSOLUTE
    __Vectors                                0x08000000   Data           4  startup_stm32f429xx.o(RESET)
    __Vectors_End                            0x080001ac   Data           0  startup_stm32f429xx.o(RESET)
    __main                                   0x080001ad   Thumb Code     8  __main.o(!!!main)
    __scatterload                            0x080001b5   Thumb Code     0  __scatter.o(!!!scatter)
    __scatterload_rt2                        0x080001b5   Thumb Code    44  __scatter.o(!!!scatter)
    __scatterload_rt2_thumb_only             0x080001b5   Thumb Code     0  __scatter.o(!!!scatter)
    __scatterload_null                       0x080001c3   Thumb Code     0  __scatter.o(!!!scatter)
    __scatterload_copy                       0x080001e9   Thumb Code    26  __scatter_copy.o(!!handler_copy)
    __scatterload_zeroinit                   0x08000205   Thumb Code    28  __scatter_zi.o(!!handler_zi)
    _printf_c                                0x08000221   Thumb Code     0  _printf_c.o(.ARM.Collect$$_printf_percent$$00000013)
    _printf_percent                          0x08000221   Thumb Code     0  _printf_percent.o(.ARM.Collect$$_printf_percent$$00000000)
    _printf_percent_end                      0x08000227   Thumb Code     0  _printf_percent_end.o(.ARM.Collect$$_printf_percent$$00000017)
    __rt_lib_init                            0x0800022b   Thumb Code     0  libinit.o(.ARM.Collect$$libinit$$00000000)
    __rt_lib_init_fp_1                       0x0800022d   Thumb Code     0  libinit2.o(.ARM.Collect$$libinit$$00000001)
    __rt_lib_init_alloca_1                   0x08000231   Thumb Code     0  libinit2.o(.ARM.Collect$$libinit$$0000002E)
    __rt_lib_init_argv_1                     0x08000231   Thumb Code     0  libinit2.o(.ARM.Collect$$libinit$$0000002C)
    __rt_lib_init_atexit_1                   0x08000231   Thumb Code     0  libinit2.o(.ARM.Collect$$libinit$$0000001B)
    __rt_lib_init_clock_1                    0x08000231   Thumb Code     0  libinit2.o(.ARM.Collect$$libinit$$00000021)
    __rt_lib_init_cpp_1                      0x08000231   Thumb Code     0  libinit2.o(.ARM.Collect$$libinit$$00000032)
    __rt_lib_init_exceptions_1               0x08000231   Thumb Code     0  libinit2.o(.ARM.Collect$$libinit$$00000030)
    __rt_lib_init_fp_trap_1                  0x08000231   Thumb Code     0  libinit2.o(.ARM.Collect$$libinit$$0000001F)
    __rt_lib_init_getenv_1                   0x08000231   Thumb Code     0  libinit2.o(.ARM.Collect$$libinit$$00000023)
    __rt_lib_init_heap_1                     0x08000231   Thumb Code     0  libinit2.o(.ARM.Collect$$libinit$$0000000A)
    __rt_lib_init_lc_collate_1               0x08000231   Thumb Code     0  libinit2.o(.ARM.Collect$$libinit$$00000011)
    __rt_lib_init_lc_ctype_1                 0x08000231   Thumb Code     0  libinit2.o(.ARM.Collect$$libinit$$00000013)
    __rt_lib_init_lc_monetary_1              0x08000231   Thumb Code     0  libinit2.o(.ARM.Collect$$libinit$$00000015)
    __rt_lib_init_lc_numeric_1               0x08000231   Thumb Code     0  libinit2.o(.ARM.Collect$$libinit$$00000017)
    __rt_lib_init_lc_time_1                  0x08000231   Thumb Code     0  libinit2.o(.ARM.Collect$$libinit$$00000019)
    __rt_lib_init_preinit_1                  0x08000231   Thumb Code     0  libinit2.o(.ARM.Collect$$libinit$$00000004)
    __rt_lib_init_rand_1                     0x08000231   Thumb Code     0  libinit2.o(.ARM.Collect$$libinit$$0000000E)
    __rt_lib_init_return                     0x08000231   Thumb Code     0  libinit2.o(.ARM.Collect$$libinit$$00000033)
    __rt_lib_init_signal_1                   0x08000231   Thumb Code     0  libinit2.o(.ARM.Collect$$libinit$$0000001D)
    __rt_lib_init_stdio_1                    0x08000231   Thumb Code     0  libinit2.o(.ARM.Collect$$libinit$$00000025)
    __rt_lib_init_user_alloc_1               0x08000231   Thumb Code     0  libinit2.o(.ARM.Collect$$libinit$$0000000C)
    __rt_lib_shutdown                        0x08000233   Thumb Code     0  libshutdown.o(.ARM.Collect$$libshutdown$$00000000)
    __rt_lib_shutdown_cpp_1                  0x08000235   Thumb Code     0  libshutdown2.o(.ARM.Collect$$libshutdown$$00000002)
    __rt_lib_shutdown_fp_trap_1              0x08000235   Thumb Code     0  libshutdown2.o(.ARM.Collect$$libshutdown$$00000007)
    __rt_lib_shutdown_heap_1                 0x08000235   Thumb Code     0  libshutdown2.o(.ARM.Collect$$libshutdown$$0000000F)
    __rt_lib_shutdown_return                 0x08000235   Thumb Code     0  libshutdown2.o(.ARM.Collect$$libshutdown$$00000010)
    __rt_lib_shutdown_signal_1               0x08000235   Thumb Code     0  libshutdown2.o(.ARM.Collect$$libshutdown$$0000000A)
    __rt_lib_shutdown_stdio_1                0x08000235   Thumb Code     0  libshutdown2.o(.ARM.Collect$$libshutdown$$00000004)
    __rt_lib_shutdown_user_alloc_1           0x08000235   Thumb Code     0  libshutdown2.o(.ARM.Collect$$libshutdown$$0000000C)
    __rt_entry                               0x08000237   Thumb Code     0  __rtentry.o(.ARM.Collect$$rtentry$$00000000)
    __rt_entry_presh_1                       0x08000237   Thumb Code     0  __rtentry2.o(.ARM.Collect$$rtentry$$00000002)
    __rt_entry_sh                            0x08000237   Thumb Code     0  __rtentry4.o(.ARM.Collect$$rtentry$$00000004)
    __rt_entry_li                            0x0800023d   Thumb Code     0  __rtentry2.o(.ARM.Collect$$rtentry$$0000000A)
    __rt_entry_postsh_1                      0x0800023d   Thumb Code     0  __rtentry2.o(.ARM.Collect$$rtentry$$00000009)
    __rt_entry_main                          0x08000241   Thumb Code     0  __rtentry2.o(.ARM.Collect$$rtentry$$0000000D)
    __rt_entry_postli_1                      0x08000241   Thumb Code     0  __rtentry2.o(.ARM.Collect$$rtentry$$0000000C)
    __rt_exit                                0x08000249   Thumb Code     0  rtexit.o(.ARM.Collect$$rtexit$$00000000)
    __rt_exit_ls                             0x0800024b   Thumb Code     0  rtexit2.o(.ARM.Collect$$rtexit$$00000003)
    __rt_exit_prels_1                        0x0800024b   Thumb Code     0  rtexit2.o(.ARM.Collect$$rtexit$$00000002)
    __rt_exit_exit                           0x0800024f   Thumb Code     0  rtexit2.o(.ARM.Collect$$rtexit$$00000004)
    Reset_Handler                            0x08000255   Thumb Code     8  startup_stm32f429xx.o(.text)
    ADC_IRQHandler                           0x0800026f   Thumb Code     0  startup_stm32f429xx.o(.text)
    CAN1_RX0_IRQHandler                      0x0800026f   Thumb Code     0  startup_stm32f429xx.o(.text)
    CAN1_RX1_IRQHandler                      0x0800026f   Thumb Code     0  startup_stm32f429xx.o(.text)
    CAN1_SCE_IRQHandler                      0x0800026f   Thumb Code     0  startup_stm32f429xx.o(.text)
    CAN1_TX_IRQHandler                       0x0800026f   Thumb Code     0  startup_stm32f429xx.o(.text)
    CAN2_RX0_IRQHandler                      0x0800026f   Thumb Code     0  startup_stm32f429xx.o(.text)
    CAN2_RX1_IRQHandler                      0x0800026f   Thumb Code     0  startup_stm32f429xx.o(.text)
    CAN2_SCE_IRQHandler                      0x0800026f   Thumb Code     0  startup_stm32f429xx.o(.text)
    CAN2_TX_IRQHandler                       0x0800026f   Thumb Code     0  startup_stm32f429xx.o(.text)
    DCMI_IRQHandler                          0x0800026f   Thumb Code     0  startup_stm32f429xx.o(.text)
    DMA1_Stream0_IRQHandler                  0x0800026f   Thumb Code     0  startup_stm32f429xx.o(.text)
    DMA1_Stream1_IRQHandler                  0x0800026f   Thumb Code     0  startup_stm32f429xx.o(.text)
    DMA1_Stream2_IRQHandler                  0x0800026f   Thumb Code     0  startup_stm32f429xx.o(.text)
    DMA1_Stream3_IRQHandler                  0x0800026f   Thumb Code     0  startup_stm32f429xx.o(.text)
    DMA1_Stream4_IRQHandler                  0x0800026f   Thumb Code     0  startup_stm32f429xx.o(.text)
    DMA1_Stream5_IRQHandler                  0x0800026f   Thumb Code     0  startup_stm32f429xx.o(.text)
    DMA1_Stream6_IRQHandler                  0x0800026f   Thumb Code     0  startup_stm32f429xx.o(.text)
    DMA1_Stream7_IRQHandler                  0x0800026f   Thumb Code     0  startup_stm32f429xx.o(.text)
    DMA2D_IRQHandler                         0x0800026f   Thumb Code     0  startup_stm32f429xx.o(.text)
    DMA2_Stream0_IRQHandler                  0x0800026f   Thumb Code     0  startup_stm32f429xx.o(.text)
    DMA2_Stream1_IRQHandler                  0x0800026f   Thumb Code     0  startup_stm32f429xx.o(.text)
    DMA2_Stream2_IRQHandler                  0x0800026f   Thumb Code     0  startup_stm32f429xx.o(.text)
    DMA2_Stream3_IRQHandler                  0x0800026f   Thumb Code     0  startup_stm32f429xx.o(.text)
    DMA2_Stream4_IRQHandler                  0x0800026f   Thumb Code     0  startup_stm32f429xx.o(.text)
    DMA2_Stream5_IRQHandler                  0x0800026f   Thumb Code     0  startup_stm32f429xx.o(.text)
    DMA2_Stream6_IRQHandler                  0x0800026f   Thumb Code     0  startup_stm32f429xx.o(.text)
    DMA2_Stream7_IRQHandler                  0x0800026f   Thumb Code     0  startup_stm32f429xx.o(.text)
    ETH_IRQHandler                           0x0800026f   Thumb Code     0  startup_stm32f429xx.o(.text)
    ETH_WKUP_IRQHandler                      0x0800026f   Thumb Code     0  startup_stm32f429xx.o(.text)
    EXTI0_IRQHandler                         0x0800026f   Thumb Code     0  startup_stm32f429xx.o(.text)
    EXTI15_10_IRQHandler                     0x0800026f   Thumb Code     0  startup_stm32f429xx.o(.text)
    EXTI1_IRQHandler                         0x0800026f   Thumb Code     0  startup_stm32f429xx.o(.text)
    EXTI2_IRQHandler                         0x0800026f   Thumb Code     0  startup_stm32f429xx.o(.text)
    EXTI3_IRQHandler                         0x0800026f   Thumb Code     0  startup_stm32f429xx.o(.text)
    EXTI4_IRQHandler                         0x0800026f   Thumb Code     0  startup_stm32f429xx.o(.text)
    EXTI9_5_IRQHandler                       0x0800026f   Thumb Code     0  startup_stm32f429xx.o(.text)
    FLASH_IRQHandler                         0x0800026f   Thumb Code     0  startup_stm32f429xx.o(.text)
    FMC_IRQHandler                           0x0800026f   Thumb Code     0  startup_stm32f429xx.o(.text)
    FPU_IRQHandler                           0x0800026f   Thumb Code     0  startup_stm32f429xx.o(.text)
    HASH_RNG_IRQHandler                      0x0800026f   Thumb Code     0  startup_stm32f429xx.o(.text)
    I2C1_ER_IRQHandler                       0x0800026f   Thumb Code     0  startup_stm32f429xx.o(.text)
    I2C1_EV_IRQHandler                       0x0800026f   Thumb Code     0  startup_stm32f429xx.o(.text)
    I2C2_ER_IRQHandler                       0x0800026f   Thumb Code     0  startup_stm32f429xx.o(.text)
    I2C2_EV_IRQHandler                       0x0800026f   Thumb Code     0  startup_stm32f429xx.o(.text)
    I2C3_ER_IRQHandler                       0x0800026f   Thumb Code     0  startup_stm32f429xx.o(.text)
    I2C3_EV_IRQHandler                       0x0800026f   Thumb Code     0  startup_stm32f429xx.o(.text)
    LTDC_ER_IRQHandler                       0x0800026f   Thumb Code     0  startup_stm32f429xx.o(.text)
    LTDC_IRQHandler                          0x0800026f   Thumb Code     0  startup_stm32f429xx.o(.text)
    OTG_FS_IRQHandler                        0x0800026f   Thumb Code     0  startup_stm32f429xx.o(.text)
    OTG_FS_WKUP_IRQHandler                   0x0800026f   Thumb Code     0  startup_stm32f429xx.o(.text)
    OTG_HS_EP1_IN_IRQHandler                 0x0800026f   Thumb Code     0  startup_stm32f429xx.o(.text)
    OTG_HS_EP1_OUT_IRQHandler                0x0800026f   Thumb Code     0  startup_stm32f429xx.o(.text)
    OTG_HS_IRQHandler                        0x0800026f   Thumb Code     0  startup_stm32f429xx.o(.text)
    OTG_HS_WKUP_IRQHandler                   0x0800026f   Thumb Code     0  startup_stm32f429xx.o(.text)
    PVD_IRQHandler                           0x0800026f   Thumb Code     0  startup_stm32f429xx.o(.text)
    RCC_IRQHandler                           0x0800026f   Thumb Code     0  startup_stm32f429xx.o(.text)
    RTC_Alarm_IRQHandler                     0x0800026f   Thumb Code     0  startup_stm32f429xx.o(.text)
    RTC_WKUP_IRQHandler                      0x0800026f   Thumb Code     0  startup_stm32f429xx.o(.text)
    SAI1_IRQHandler                          0x0800026f   Thumb Code     0  startup_stm32f429xx.o(.text)
    SDIO_IRQHandler                          0x0800026f   Thumb Code     0  startup_stm32f429xx.o(.text)
    SPI1_IRQHandler                          0x0800026f   Thumb Code     0  startup_stm32f429xx.o(.text)
    SPI2_IRQHandler                          0x0800026f   Thumb Code     0  startup_stm32f429xx.o(.text)
    SPI3_IRQHandler                          0x0800026f   Thumb Code     0  startup_stm32f429xx.o(.text)
    SPI4_IRQHandler                          0x0800026f   Thumb Code     0  startup_stm32f429xx.o(.text)
    SPI5_IRQHandler                          0x0800026f   Thumb Code     0  startup_stm32f429xx.o(.text)
    SPI6_IRQHandler                          0x0800026f   Thumb Code     0  startup_stm32f429xx.o(.text)
    TAMP_STAMP_IRQHandler                    0x0800026f   Thumb Code     0  startup_stm32f429xx.o(.text)
    TIM1_BRK_TIM9_IRQHandler                 0x0800026f   Thumb Code     0  startup_stm32f429xx.o(.text)
    TIM1_CC_IRQHandler                       0x0800026f   Thumb Code     0  startup_stm32f429xx.o(.text)
    TIM1_TRG_COM_TIM11_IRQHandler            0x0800026f   Thumb Code     0  startup_stm32f429xx.o(.text)
    TIM1_UP_TIM10_IRQHandler                 0x0800026f   Thumb Code     0  startup_stm32f429xx.o(.text)
    TIM2_IRQHandler                          0x0800026f   Thumb Code     0  startup_stm32f429xx.o(.text)
    TIM3_IRQHandler                          0x0800026f   Thumb Code     0  startup_stm32f429xx.o(.text)
    TIM4_IRQHandler                          0x0800026f   Thumb Code     0  startup_stm32f429xx.o(.text)
    TIM5_IRQHandler                          0x0800026f   Thumb Code     0  startup_stm32f429xx.o(.text)
    TIM6_DAC_IRQHandler                      0x0800026f   Thumb Code     0  startup_stm32f429xx.o(.text)
    TIM7_IRQHandler                          0x0800026f   Thumb Code     0  startup_stm32f429xx.o(.text)
    TIM8_BRK_TIM12_IRQHandler                0x0800026f   Thumb Code     0  startup_stm32f429xx.o(.text)
    TIM8_CC_IRQHandler                       0x0800026f   Thumb Code     0  startup_stm32f429xx.o(.text)
    TIM8_TRG_COM_TIM14_IRQHandler            0x0800026f   Thumb Code     0  startup_stm32f429xx.o(.text)
    TIM8_UP_TIM13_IRQHandler                 0x0800026f   Thumb Code     0  startup_stm32f429xx.o(.text)
    UART4_IRQHandler                         0x0800026f   Thumb Code     0  startup_stm32f429xx.o(.text)
    UART5_IRQHandler                         0x0800026f   Thumb Code     0  startup_stm32f429xx.o(.text)
    UART7_IRQHandler                         0x0800026f   Thumb Code     0  startup_stm32f429xx.o(.text)
    UART8_IRQHandler                         0x0800026f   Thumb Code     0  startup_stm32f429xx.o(.text)
    USART3_IRQHandler                        0x0800026f   Thumb Code     0  startup_stm32f429xx.o(.text)
    USART6_IRQHandler                        0x0800026f   Thumb Code     0  startup_stm32f429xx.o(.text)
    WWDG_IRQHandler                          0x0800026f   Thumb Code     0  startup_stm32f429xx.o(.text)
    __user_initial_stackheap                 0x08000271   Thumb Code     0  startup_stm32f429xx.o(.text)
    __use_no_semihosting                     0x08000295   Thumb Code     2  use_no_semi_2.o(.text)
    __2printf                                0x08000299   Thumb Code    20  noretval__2printf.o(.text)
    __printf                                 0x080002b1   Thumb Code   104  __printf.o(.text)
    _printf_str                              0x08000319   Thumb Code    82  _printf_str.o(.text)
    __aeabi_memcpy4                          0x0800036b   Thumb Code     0  rt_memcpy_w.o(.text)
    __aeabi_memcpy8                          0x0800036b   Thumb Code     0  rt_memcpy_w.o(.text)
    __rt_memcpy_w                            0x0800036b   Thumb Code   100  rt_memcpy_w.o(.text)
    _memcpy_lastbytes_aligned                0x080003b3   Thumb Code     0  rt_memcpy_w.o(.text)
    __use_two_region_memory                  0x080003cf   Thumb Code     2  heapauxi.o(.text)
    __rt_heap_escrow$2region                 0x080003d1   Thumb Code     2  heapauxi.o(.text)
    __rt_heap_expand$2region                 0x080003d3   Thumb Code     2  heapauxi.o(.text)
    __I$use$semihosting                      0x080003d5   Thumb Code     0  use_no_semi.o(.text)
    __use_no_semihosting_swi                 0x080003d5   Thumb Code     2  use_no_semi.o(.text)
    _printf_cs_common                        0x080003d7   Thumb Code    20  _printf_char.o(.text)
    _printf_char                             0x080003eb   Thumb Code    16  _printf_char.o(.text)
    _printf_string                           0x080003fb   Thumb Code     8  _printf_char.o(.text)
    _printf_char_file                        0x08000405   Thumb Code    32  _printf_char_file.o(.text)
    _printf_char_common                      0x08000433   Thumb Code    32  _printf_char_common.o(.text)
    ferror                                   0x08000459   Thumb Code     8  ferror.o(.text)
    __user_setup_stackheap                   0x08000461   Thumb Code    74  sys_stackheap_outer.o(.text)
    exit                                     0x080004ab   Thumb Code    18  exit.o(.text)
    __user_libspace                          0x080004bd   Thumb Code     8  libspace.o(.text)
    __user_perproc_libspace                  0x080004bd   Thumb Code     0  libspace.o(.text)
    __user_perthread_libspace                0x080004bd   Thumb Code     0  libspace.o(.text)
    AT24CXX_Check                            0x080004c5   Thumb Code    38  eeprom.o(i.AT24CXX_Check)
    AT24CXX_Init                             0x080004eb   Thumb Code     4  eeprom.o(i.AT24CXX_Init)
    AT24CXX_Read                             0x080004ef   Thumb Code    34  eeprom.o(i.AT24CXX_Read)
    AT24CXX_ReadOneByte                      0x08000511   Thumb Code    66  eeprom.o(i.AT24CXX_ReadOneByte)
    AT24CXX_Write                            0x08000553   Thumb Code    32  eeprom.o(i.AT24CXX_Write)
    AT24CXX_WriteOneByte                     0x08000573   Thumb Code    62  eeprom.o(i.AT24CXX_WriteOneByte)
    BoardInit                                0x080005b1   Thumb Code    38  configure.o(i.BoardInit)
    BusFault_Handler                         0x080005d7   Thumb Code     2  stm32f4xx_it.o(i.BusFault_Handler)
    DebugMon_Handler                         0x080005d9   Thumb Code     2  stm32f4xx_it.o(i.DebugMon_Handler)
    HAL_GPIO_Init                            0x080005dd   Thumb Code   422  stm32f4xx_hal_gpio.o(i.HAL_GPIO_Init)
    HAL_GetTick                              0x080007b9   Thumb Code     6  stm32f4xx_hal.o(i.HAL_GetTick)
    HAL_IncTick                              0x080007c5   Thumb Code    10  stm32f4xx_hal.o(i.HAL_IncTick)
    HAL_Init                                 0x080007d5   Thumb Code    48  stm32f4xx_hal.o(i.HAL_Init)
    HAL_InitTick                             0x08000809   Thumb Code    34  stm32f4xx_hal.o(i.HAL_InitTick)
    HAL_MspInit                              0x0800082b   Thumb Code     8  stm32f4xx_hal.o(i.HAL_MspInit)
    HAL_NVIC_EnableIRQ                       0x08000833   Thumb Code    22  stm32f4xx_hal_cortex.o(i.HAL_NVIC_EnableIRQ)
    HAL_NVIC_SetPriority                     0x08000849   Thumb Code    60  stm32f4xx_hal_cortex.o(i.HAL_NVIC_SetPriority)
    HAL_NVIC_SetPriorityGrouping             0x08000889   Thumb Code    26  stm32f4xx_hal_cortex.o(i.HAL_NVIC_SetPriorityGrouping)
    HAL_PWREx_EnableOverDrive                0x080008ad   Thumb Code   122  stm32f4xx_hal_pwr_ex.o(i.HAL_PWREx_EnableOverDrive)
    HAL_RCC_ClockConfig                      0x08000935   Thumb Code   512  stm32f4xx_hal_rcc.o(i.HAL_RCC_ClockConfig)
    HAL_RCC_GetHCLKFreq                      0x08000b3d   Thumb Code    38  stm32f4xx_hal_rcc.o(i.HAL_RCC_GetHCLKFreq)
    HAL_RCC_GetPCLK1Freq                     0x08000b71   Thumb Code    36  stm32f4xx_hal_rcc.o(i.HAL_RCC_GetPCLK1Freq)
    HAL_RCC_GetPCLK2Freq                     0x08000b9d   Thumb Code    36  stm32f4xx_hal_rcc.o(i.HAL_RCC_GetPCLK2Freq)
    HAL_RCC_GetSysClockFreq                  0x08000bc9   Thumb Code   104  stm32f4xx_hal_rcc.o(i.HAL_RCC_GetSysClockFreq)
    HAL_RCC_OscConfig                        0x08000c3d   Thumb Code   774  stm32f4xx_hal_rcc.o(i.HAL_RCC_OscConfig)
    HAL_SYSTICK_CLKSourceConfig              0x08000f59   Thumb Code    24  stm32f4xx_hal_cortex.o(i.HAL_SYSTICK_CLKSourceConfig)
    HAL_SYSTICK_Config                       0x08000f71   Thumb Code    40  stm32f4xx_hal_cortex.o(i.HAL_SYSTICK_Config)
    HAL_UART_ErrorCallback                   0x08000f99   Thumb Code     2  stm32f4xx_hal_uart.o(i.HAL_UART_ErrorCallback)
    HAL_UART_IRQHandler                      0x08000f9b   Thumb Code   244  stm32f4xx_hal_uart.o(i.HAL_UART_IRQHandler)
    HAL_UART_Init                            0x0800108f   Thumb Code    94  stm32f4xx_hal_uart.o(i.HAL_UART_Init)
    HAL_UART_MspInit                         0x080010ed   Thumb Code   134  usart.o(i.HAL_UART_MspInit)
    HAL_UART_Receive                         0x08001181   Thumb Code   202  stm32f4xx_hal_uart.o(i.HAL_UART_Receive)
    HAL_UART_RxCpltCallback                  0x0800124b   Thumb Code     2  stm32f4xx_hal_uart.o(i.HAL_UART_RxCpltCallback)
    HAL_UART_TxCpltCallback                  0x0800124d   Thumb Code     2  stm32f4xx_hal_uart.o(i.HAL_UART_TxCpltCallback)
    HardFault_Handler                        0x0800124f   Thumb Code     2  stm32f4xx_it.o(i.HardFault_Handler)
    IIC_Ack                                  0x08001251   Thumb Code    56  myiic.o(i.IIC_Ack)
    IIC_Init                                 0x08001291   Thumb Code    58  myiic.o(i.IIC_Init)
    IIC_NAck                                 0x080012d9   Thumb Code    56  myiic.o(i.IIC_NAck)
    IIC_Read_Byte                            0x08001319   Thumb Code    96  myiic.o(i.IIC_Read_Byte)
    IIC_Send_Byte                            0x08001381   Thumb Code    86  myiic.o(i.IIC_Send_Byte)
    IIC_Start                                0x080013e1   Thumb Code    56  myiic.o(i.IIC_Start)
    IIC_Stop                                 0x08001421   Thumb Code    56  myiic.o(i.IIC_Stop)
    IIC_Wait_Ack                             0x08001461   Thumb Code    74  myiic.o(i.IIC_Wait_Ack)
    MemManage_Handler                        0x080014b5   Thumb Code     2  stm32f4xx_it.o(i.MemManage_Handler)
    NMI_Handler                              0x080014b7   Thumb Code     2  stm32f4xx_it.o(i.NMI_Handler)
    PendSV_Handler                           0x080014d9   Thumb Code     2  stm32f4xx_it.o(i.PendSV_Handler)
    SVC_Handler                              0x080014db   Thumb Code     2  stm32f4xx_it.o(i.SVC_Handler)
    Stm32_Clock_Init                         0x080014dd   Thumb Code   122  sys.o(i.Stm32_Clock_Init)
    SysTick_Handler                          0x08001561   Thumb Code     4  stm32f4xx_it.o(i.SysTick_Handler)
    SystemInit                               0x08001565   Thumb Code    66  system_stm32f4xx.o(i.SystemInit)
    USART1_IRQHandler                        0x080018cd   Thumb Code   100  usart.o(i.USART1_IRQHandler)
    USART2_IRQHandler                        0x08001939   Thumb Code    52  rs485.o(i.USART2_IRQHandler)
    UsageFault_Handler                       0x08001975   Thumb Code     2  stm32f4xx_it.o(i.UsageFault_Handler)
    _sys_exit                                0x08001977   Thumb Code     2  usart.o(i._sys_exit)
    delay_init                               0x08001979   Thumb Code    16  delay.o(i.delay_init)
    delay_ms                                 0x0800198d   Thumb Code    26  delay.o(i.delay_ms)
    delay_us                                 0x080019a9   Thumb Code    48  delay.o(i.delay_us)
    fputc                                    0x080019dd   Thumb Code    14  usart.o(i.fputc)
    main                                     0x080019f1   Thumb Code   124  main.o(i.main)
    uart_init                                0x08001b11   Thumb Code    28  usart.o(i.uart_init)
    _fp_init                                 0x08001b35   Thumb Code    10  fpinit.o(x$fpl$fpinit)
    __fplib_config_fpu_vfp                   0x08001b3d   Thumb Code     0  fpinit.o(x$fpl$fpinit)
    __fplib_config_pureend_doubles           0x08001b3d   Thumb Code     0  fpinit.o(x$fpl$fpinit)
    APBAHBPrescTable                         0x08001b3e   Data          16  stm32f4xx_hal_rcc.o(.constdata)
    Region$$Table$$Base                      0x08001b50   Number         0  anon$$obj.o(Region$$Table)
    Region$$Table$$Limit                     0x08001b70   Number         0  anon$$obj.o(Region$$Table)
    RS485_RX_CNT                             0x20000004   Data           1  rs485.o(.data)
    USART_RX_STA                             0x20000006   Data           2  usart.o(.data)
    __stdout                                 0x20000008   Data           4  usart.o(.data)
    SystemCoreClock                          0x20000010   Data           4  system_stm32f4xx.o(.data)
    AHBPrescTable                            0x20000014   Data          16  system_stm32f4xx.o(.data)
    USART2_RS485Handler                      0x20000024   Data          64  rs485.o(.bss)
    RS485_RX_BUF                             0x20000064   Data          64  rs485.o(.bss)
    USART_RX_BUF                             0x200000a4   Data         200  usart.o(.bss)
    UART1_Handler                            0x2000016c   Data          64  usart.o(.bss)
    __libspace_start                         0x200001ac   Data          96  libspace.o(.bss)
    __temporary_stack_top$libspace           0x2000020c   Data           0  libspace.o(.bss)
    ltdc_lcd_framebuf                        0xc0000000   Data       2048000  ltdc.o(.ARM.__AT_0xC0000000)



==============================================================================

Memory Map of the image

  Image Entry point : 0x080001ad

  Load Region LR_IROM1 (Base: 0x08000000, Size: 0x00001b94, Max: 0x00100000, ABSOLUTE)

    Execution Region ER_IROM1 (Base: 0x08000000, Size: 0x00001b70, Max: 0x00100000, ABSOLUTE)

    Base Addr    Size         Type   Attr      Idx    E Section Name        Object

    0x08000000   0x000001ac   Data   RO          265    RESET               startup_stm32f429xx.o
    0x080001ac   0x00000008   Code   RO         4982  * !!!main             c_w.l(__main.o)
    0x080001b4   0x00000034   Code   RO         5169    !!!scatter          c_w.l(__scatter.o)
    0x080001e8   0x0000001a   Code   RO         5171    !!handler_copy      c_w.l(__scatter_copy.o)
    0x08000202   0x00000002   PAD
    0x08000204   0x0000001c   Code   RO         5173    !!handler_zi        c_w.l(__scatter_zi.o)
    0x08000220   0x00000000   Code   RO         4977    .ARM.Collect$$_printf_percent$$00000000  c_w.l(_printf_percent.o)
    0x08000220   0x00000006   Code   RO         4975    .ARM.Collect$$_printf_percent$$00000013  c_w.l(_printf_c.o)
    0x08000226   0x00000004   Code   RO         5005    .ARM.Collect$$_printf_percent$$00000017  c_w.l(_printf_percent_end.o)
    0x0800022a   0x00000002   Code   RO         5043    .ARM.Collect$$libinit$$00000000  c_w.l(libinit.o)
    0x0800022c   0x00000004   Code   RO         5049    .ARM.Collect$$libinit$$00000001  c_w.l(libinit2.o)
    0x08000230   0x00000000   Code   RO         5052    .ARM.Collect$$libinit$$00000004  c_w.l(libinit2.o)
    0x08000230   0x00000000   Code   RO         5055    .ARM.Collect$$libinit$$0000000A  c_w.l(libinit2.o)
    0x08000230   0x00000000   Code   RO         5057    .ARM.Collect$$libinit$$0000000C  c_w.l(libinit2.o)
    0x08000230   0x00000000   Code   RO         5059    .ARM.Collect$$libinit$$0000000E  c_w.l(libinit2.o)
    0x08000230   0x00000000   Code   RO         5062    .ARM.Collect$$libinit$$00000011  c_w.l(libinit2.o)
    0x08000230   0x00000000   Code   RO         5064    .ARM.Collect$$libinit$$00000013  c_w.l(libinit2.o)
    0x08000230   0x00000000   Code   RO         5066    .ARM.Collect$$libinit$$00000015  c_w.l(libinit2.o)
    0x08000230   0x00000000   Code   RO         5068    .ARM.Collect$$libinit$$00000017  c_w.l(libinit2.o)
    0x08000230   0x00000000   Code   RO         5070    .ARM.Collect$$libinit$$00000019  c_w.l(libinit2.o)
    0x08000230   0x00000000   Code   RO         5072    .ARM.Collect$$libinit$$0000001B  c_w.l(libinit2.o)
    0x08000230   0x00000000   Code   RO         5074    .ARM.Collect$$libinit$$0000001D  c_w.l(libinit2.o)
    0x08000230   0x00000000   Code   RO         5076    .ARM.Collect$$libinit$$0000001F  c_w.l(libinit2.o)
    0x08000230   0x00000000   Code   RO         5078    .ARM.Collect$$libinit$$00000021  c_w.l(libinit2.o)
    0x08000230   0x00000000   Code   RO         5080    .ARM.Collect$$libinit$$00000023  c_w.l(libinit2.o)
    0x08000230   0x00000000   Code   RO         5082    .ARM.Collect$$libinit$$00000025  c_w.l(libinit2.o)
    0x08000230   0x00000000   Code   RO         5086    .ARM.Collect$$libinit$$0000002C  c_w.l(libinit2.o)
    0x08000230   0x00000000   Code   RO         5088    .ARM.Collect$$libinit$$0000002E  c_w.l(libinit2.o)
    0x08000230   0x00000000   Code   RO         5090    .ARM.Collect$$libinit$$00000030  c_w.l(libinit2.o)
    0x08000230   0x00000000   Code   RO         5092    .ARM.Collect$$libinit$$00000032  c_w.l(libinit2.o)
    0x08000230   0x00000002   Code   RO         5093    .ARM.Collect$$libinit$$00000033  c_w.l(libinit2.o)
    0x08000232   0x00000002   Code   RO         5111    .ARM.Collect$$libshutdown$$00000000  c_w.l(libshutdown.o)
    0x08000234   0x00000000   Code   RO         5121    .ARM.Collect$$libshutdown$$00000002  c_w.l(libshutdown2.o)
    0x08000234   0x00000000   Code   RO         5123    .ARM.Collect$$libshutdown$$00000004  c_w.l(libshutdown2.o)
    0x08000234   0x00000000   Code   RO         5126    .ARM.Collect$$libshutdown$$00000007  c_w.l(libshutdown2.o)
    0x08000234   0x00000000   Code   RO         5129    .ARM.Collect$$libshutdown$$0000000A  c_w.l(libshutdown2.o)
    0x08000234   0x00000000   Code   RO         5131    .ARM.Collect$$libshutdown$$0000000C  c_w.l(libshutdown2.o)
    0x08000234   0x00000000   Code   RO         5134    .ARM.Collect$$libshutdown$$0000000F  c_w.l(libshutdown2.o)
    0x08000234   0x00000002   Code   RO         5135    .ARM.Collect$$libshutdown$$00000010  c_w.l(libshutdown2.o)
    0x08000236   0x00000000   Code   RO         4998    .ARM.Collect$$rtentry$$00000000  c_w.l(__rtentry.o)
    0x08000236   0x00000000   Code   RO         5012    .ARM.Collect$$rtentry$$00000002  c_w.l(__rtentry2.o)
    0x08000236   0x00000006   Code   RO         5024    .ARM.Collect$$rtentry$$00000004  c_w.l(__rtentry4.o)
    0x0800023c   0x00000000   Code   RO         5014    .ARM.Collect$$rtentry$$00000009  c_w.l(__rtentry2.o)
    0x0800023c   0x00000004   Code   RO         5015    .ARM.Collect$$rtentry$$0000000A  c_w.l(__rtentry2.o)
    0x08000240   0x00000000   Code   RO         5017    .ARM.Collect$$rtentry$$0000000C  c_w.l(__rtentry2.o)
    0x08000240   0x00000008   Code   RO         5018    .ARM.Collect$$rtentry$$0000000D  c_w.l(__rtentry2.o)
    0x08000248   0x00000002   Code   RO         5047    .ARM.Collect$$rtexit$$00000000  c_w.l(rtexit.o)
    0x0800024a   0x00000000   Code   RO         5095    .ARM.Collect$$rtexit$$00000002  c_w.l(rtexit2.o)
    0x0800024a   0x00000004   Code   RO         5096    .ARM.Collect$$rtexit$$00000003  c_w.l(rtexit2.o)
    0x0800024e   0x00000006   Code   RO         5097    .ARM.Collect$$rtexit$$00000004  c_w.l(rtexit2.o)
    0x08000254   0x00000040   Code   RO          266    .text               startup_stm32f429xx.o
    0x08000294   0x00000002   Code   RO         4924    .text               c_w.l(use_no_semi_2.o)
    0x08000296   0x00000002   PAD
    0x08000298   0x00000018   Code   RO         4928    .text               c_w.l(noretval__2printf.o)
    0x080002b0   0x00000068   Code   RO         4930    .text               c_w.l(__printf.o)
    0x08000318   0x00000052   Code   RO         4932    .text               c_w.l(_printf_str.o)
    0x0800036a   0x00000064   Code   RO         4978    .text               c_w.l(rt_memcpy_w.o)
    0x080003ce   0x00000006   Code   RO         4980    .text               c_w.l(heapauxi.o)
    0x080003d4   0x00000002   Code   RO         4996    .text               c_w.l(use_no_semi.o)
    0x080003d6   0x0000002c   Code   RO         5001    .text               c_w.l(_printf_char.o)
    0x08000402   0x00000002   PAD
    0x08000404   0x00000024   Code   RO         5003    .text               c_w.l(_printf_char_file.o)
    0x08000428   0x00000030   Code   RO         5026    .text               c_w.l(_printf_char_common.o)
    0x08000458   0x00000008   Code   RO         5028    .text               c_w.l(ferror.o)
    0x08000460   0x0000004a   Code   RO         5032    .text               c_w.l(sys_stackheap_outer.o)
    0x080004aa   0x00000012   Code   RO         5036    .text               c_w.l(exit.o)
    0x080004bc   0x00000008   Code   RO         5044    .text               c_w.l(libspace.o)
    0x080004c4   0x00000026   Code   RO          301    i.AT24CXX_Check     eeprom.o
    0x080004ea   0x00000004   Code   RO          302    i.AT24CXX_Init      eeprom.o
    0x080004ee   0x00000022   Code   RO          303    i.AT24CXX_Read      eeprom.o
    0x08000510   0x00000042   Code   RO          305    i.AT24CXX_ReadOneByte  eeprom.o
    0x08000552   0x00000020   Code   RO          306    i.AT24CXX_Write     eeprom.o
    0x08000572   0x0000003e   Code   RO          308    i.AT24CXX_WriteOneByte  eeprom.o
    0x080005b0   0x00000026   Code   RO          273    i.BoardInit         configure.o
    0x080005d6   0x00000002   Code   RO         4484    i.BusFault_Handler  stm32f4xx_it.o
    0x080005d8   0x00000002   Code   RO         4485    i.DebugMon_Handler  stm32f4xx_it.o
    0x080005da   0x00000002   PAD
    0x080005dc   0x000001dc   Code   RO         2052    i.HAL_GPIO_Init     stm32f4xx_hal_gpio.o
    0x080007b8   0x0000000c   Code   RO         1206    i.HAL_GetTick       stm32f4xx_hal.o
    0x080007c4   0x00000010   Code   RO         1207    i.HAL_IncTick       stm32f4xx_hal.o
    0x080007d4   0x00000034   Code   RO         1208    i.HAL_Init          stm32f4xx_hal.o
    0x08000808   0x00000022   Code   RO         1209    i.HAL_InitTick      stm32f4xx_hal.o
    0x0800082a   0x00000008   Code   RO         1211    i.HAL_MspInit       stm32f4xx_hal.o
    0x08000832   0x00000016   Code   RO         1482    i.HAL_NVIC_EnableIRQ  stm32f4xx_hal_cortex.o
    0x08000848   0x00000040   Code   RO         1488    i.HAL_NVIC_SetPriority  stm32f4xx_hal_cortex.o
    0x08000888   0x00000024   Code   RO         1489    i.HAL_NVIC_SetPriorityGrouping  stm32f4xx_hal_cortex.o
    0x080008ac   0x00000088   Code   RO         2432    i.HAL_PWREx_EnableOverDrive  stm32f4xx_hal_pwr_ex.o
    0x08000934   0x00000208   Code   RO         2499    i.HAL_RCC_ClockConfig  stm32f4xx_hal_rcc.o
    0x08000b3c   0x00000034   Code   RO         2504    i.HAL_RCC_GetHCLKFreq  stm32f4xx_hal_rcc.o
    0x08000b70   0x0000002c   Code   RO         2506    i.HAL_RCC_GetPCLK1Freq  stm32f4xx_hal_rcc.o
    0x08000b9c   0x0000002c   Code   RO         2507    i.HAL_RCC_GetPCLK2Freq  stm32f4xx_hal_rcc.o
    0x08000bc8   0x00000074   Code   RO         2508    i.HAL_RCC_GetSysClockFreq  stm32f4xx_hal_rcc.o
    0x08000c3c   0x0000031c   Code   RO         2511    i.HAL_RCC_OscConfig  stm32f4xx_hal_rcc.o
    0x08000f58   0x00000018   Code   RO         1491    i.HAL_SYSTICK_CLKSourceConfig  stm32f4xx_hal_cortex.o
    0x08000f70   0x00000028   Code   RO         1493    i.HAL_SYSTICK_Config  stm32f4xx_hal_cortex.o
    0x08000f98   0x00000002   Code   RO         4041    i.HAL_UART_ErrorCallback  stm32f4xx_hal_uart.o
    0x08000f9a   0x000000f4   Code   RO         4044    i.HAL_UART_IRQHandler  stm32f4xx_hal_uart.o
    0x0800108e   0x0000005e   Code   RO         4045    i.HAL_UART_Init     stm32f4xx_hal_uart.o
    0x080010ec   0x00000094   Code   RO         1130    i.HAL_UART_MspInit  usart.o
    0x08001180   0x000000ca   Code   RO         4048    i.HAL_UART_Receive  stm32f4xx_hal_uart.o
    0x0800124a   0x00000002   Code   RO         4051    i.HAL_UART_RxCpltCallback  stm32f4xx_hal_uart.o
    0x0800124c   0x00000002   Code   RO         4056    i.HAL_UART_TxCpltCallback  stm32f4xx_hal_uart.o
    0x0800124e   0x00000002   Code   RO         4486    i.HardFault_Handler  stm32f4xx_it.o
    0x08001250   0x00000040   Code   RO          871    i.IIC_Ack           myiic.o
    0x08001290   0x00000048   Code   RO          872    i.IIC_Init          myiic.o
    0x080012d8   0x00000040   Code   RO          873    i.IIC_NAck          myiic.o
    0x08001318   0x00000068   Code   RO          874    i.IIC_Read_Byte     myiic.o
    0x08001380   0x00000060   Code   RO          875    i.IIC_Send_Byte     myiic.o
    0x080013e0   0x00000040   Code   RO          876    i.IIC_Start         myiic.o
    0x08001420   0x00000040   Code   RO          877    i.IIC_Stop          myiic.o
    0x08001460   0x00000054   Code   RO          878    i.IIC_Wait_Ack      myiic.o
    0x080014b4   0x00000002   Code   RO         4487    i.MemManage_Handler  stm32f4xx_it.o
    0x080014b6   0x00000002   Code   RO         4488    i.NMI_Handler       stm32f4xx_it.o
    0x080014b8   0x00000020   Code   RO         1495    i.NVIC_SetPriority  stm32f4xx_hal_cortex.o
    0x080014d8   0x00000002   Code   RO         4489    i.PendSV_Handler    stm32f4xx_it.o
    0x080014da   0x00000002   Code   RO         4490    i.SVC_Handler       stm32f4xx_it.o
    0x080014dc   0x00000084   Code   RO         1103    i.Stm32_Clock_Init  sys.o
    0x08001560   0x00000004   Code   RO         4491    i.SysTick_Handler   stm32f4xx_it.o
    0x08001564   0x00000054   Code   RO         4563    i.SystemInit        system_stm32f4xx.o
    0x080015b8   0x000000a6   Code   RO         4063    i.UART_Receive_IT   stm32f4xx_hal_uart.o
    0x0800165e   0x00000002   PAD
    0x08001660   0x00000174   Code   RO         4064    i.UART_SetConfig    stm32f4xx_hal_uart.o
    0x080017d4   0x00000066   Code   RO         4065    i.UART_Transmit_IT  stm32f4xx_hal_uart.o
    0x0800183a   0x00000092   Code   RO         4066    i.UART_WaitOnFlagUntilTimeout  stm32f4xx_hal_uart.o
    0x080018cc   0x0000006c   Code   RO         1131    i.USART1_IRQHandler  usart.o
    0x08001938   0x0000003c   Code   RO          991    i.USART2_IRQHandler  rs485.o
    0x08001974   0x00000002   Code   RO         4492    i.UsageFault_Handler  stm32f4xx_it.o
    0x08001976   0x00000002   Code   RO         1132    i._sys_exit         usart.o
    0x08001978   0x00000014   Code   RO          435    i.delay_init        delay.o
    0x0800198c   0x0000001a   Code   RO          436    i.delay_ms          delay.o
    0x080019a6   0x00000002   PAD
    0x080019a8   0x00000034   Code   RO          437    i.delay_us          delay.o
    0x080019dc   0x00000014   Code   RO         1133    i.fputc             usart.o
    0x080019f0   0x00000120   Code   RO            4    i.main              main.o
    0x08001b10   0x00000024   Code   RO         1134    i.uart_init         usart.o
    0x08001b34   0x0000000a   Code   RO         5103    x$fpl$fpinit        fz_wm.l(fpinit.o)
    0x08001b3e   0x00000010   Data   RO         2512    .constdata          stm32f4xx_hal_rcc.o
    0x08001b4e   0x00000002   PAD
    0x08001b50   0x00000020   Data   RO         5167    Region$$Table       anon$$obj.o


    Execution Region RW_IRAM1 (Base: 0x20000000, Size: 0x00000810, Max: 0x00030000, ABSOLUTE)

    Base Addr    Size         Type   Attr      Idx    E Section Name        Object

    0x20000000   0x00000004   Data   RW          438    .data               delay.o
    0x20000004   0x00000001   Data   RW          993    .data               rs485.o
    0x20000005   0x00000001   PAD
    0x20000006   0x00000002   Data   RW         1136    .data               usart.o
    0x20000008   0x00000004   Data   RW         1137    .data               usart.o
    0x2000000c   0x00000004   Data   RW         1214    .data               stm32f4xx_hal.o
    0x20000010   0x00000014   Data   RW         4564    .data               system_stm32f4xx.o
    0x20000024   0x00000080   Zero   RW          992    .bss                rs485.o
    0x200000a4   0x00000108   Zero   RW         1135    .bss                usart.o
    0x200001ac   0x00000060   Zero   RW         5045    .bss                c_w.l(libspace.o)
    0x2000020c   0x00000004   PAD
    0x20000210   0x00000200   Zero   RW          264    HEAP                startup_stm32f429xx.o
    0x20000410   0x00000400   Zero   RW          263    STACK               startup_stm32f429xx.o



  Load Region LR$$.ARM.__AT_0xC0000000 (Base: 0xc0000000, Size: 0x00000000, Max: 0x001f4000, ABSOLUTE)

    Execution Region ER$$.ARM.__AT_0xC0000000 (Base: 0xc0000000, Size: 0x001f4000, Max: 0x001f4000, ABSOLUTE, UNINIT)

    Base Addr    Size         Type   Attr      Idx    E Section Name        Object

    0xc0000000   0x001f4000   Zero   RW          768    .ARM.__AT_0xC0000000  ltdc.o


==============================================================================

Image component sizes


      Code (inc. data)   RO Data    RW Data    ZI Data      Debug   Object Name

        38          0          0          0          0        488   configure.o
        98          8          0          4          0       1791   delay.o
       236          0          0          0          0       3843   eeprom.o
         0          0          0          0    2048000       1866   ltdc.o
       288        164          0          0          0     387819   main.o
       612         74          0          0          0       4666   myiic.o
        60          8          0          1        128       1167   rs485.o
        64         26        428          0       1536        828   startup_stm32f429xx.o
       122         16          0          4          0       3632   stm32f4xx_hal.o
       218         14          0          0          0      30529   stm32f4xx_hal_cortex.o
       476         54          0          0          0       1824   stm32f4xx_hal_gpio.o
       136         14          0          0          0       1136   stm32f4xx_hal_pwr_ex.o
      1572         72         16          0          0       5771   stm32f4xx_hal_rcc.o
      1332          8          0          0          0       7886   stm32f4xx_hal_uart.o
        20          0          0          0          0       3970   stm32f4xx_it.o
       132         10          0          0          0       1091   sys.o
        84         18          0         20          0       1037   system_stm32f4xx.o
       314         36          0          6        264       4587   usart.o

    ----------------------------------------------------------------------
      5808        522        478         36    2049928     463931   Object Totals
         0          0         32          0          0          0   (incl. Generated)
         6          0          2          1          0          0   (incl. Padding)

    ----------------------------------------------------------------------

      Code (inc. data)   RO Data    RW Data    ZI Data      Debug   Library Member Name

         8          0          0          0          0         68   __main.o
       104          0          0          0          0         84   __printf.o
         0          0          0          0          0          0   __rtentry.o
        12          0          0          0          0          0   __rtentry2.o
         6          0          0          0          0          0   __rtentry4.o
        52          8          0          0          0          0   __scatter.o
        26          0          0          0          0          0   __scatter_copy.o
        28          0          0          0          0          0   __scatter_zi.o
         6          0          0          0          0          0   _printf_c.o
        44          0          0          0          0        108   _printf_char.o
        48          6          0          0          0         96   _printf_char_common.o
        36          4          0          0          0         80   _printf_char_file.o
         0          0          0          0          0          0   _printf_percent.o
         4          0          0          0          0          0   _printf_percent_end.o
        82          0          0          0          0         80   _printf_str.o
        18          0          0          0          0         80   exit.o
         8          0          0          0          0         68   ferror.o
         6          0          0          0          0        152   heapauxi.o
         2          0          0          0          0          0   libinit.o
         6          0          0          0          0          0   libinit2.o
         2          0          0          0          0          0   libshutdown.o
         2          0          0          0          0          0   libshutdown2.o
         8          4          0          0         96         68   libspace.o
        24          4          0          0          0         84   noretval__2printf.o
       100          0          0          0          0         80   rt_memcpy_w.o
         2          0          0          0          0          0   rtexit.o
        10          0          0          0          0          0   rtexit2.o
        74          0          0          0          0         80   sys_stackheap_outer.o
         2          0          0          0          0         68   use_no_semi.o
         2          0          0          0          0         68   use_no_semi_2.o
        10          0          0          0          0        116   fpinit.o

    ----------------------------------------------------------------------
       738         26          0          0        100       1380   Library Totals
         6          0          0          0          4          0   (incl. Padding)

    ----------------------------------------------------------------------

      Code (inc. data)   RO Data    RW Data    ZI Data      Debug   Library Name

       722         26          0          0         96       1264   c_w.l
        10          0          0          0          0        116   fz_wm.l

    ----------------------------------------------------------------------
       738         26          0          0        100       1380   Library Totals

    ----------------------------------------------------------------------

==============================================================================


      Code (inc. data)   RO Data    RW Data    ZI Data      Debug   

      6546        548        478         36    2050028     458939   Grand Totals
      6546        548        478         36    2050028     458939   ELF Image Totals
      6546        548        478         36          0          0   ROM Totals

==============================================================================

    Total RO  Size (Code + RO Data)                 7024 (   6.86kB)
    Total RW  Size (RW Data + ZI Data)           2050064 (2002.02kB)
    Total ROM Size (Code + RO Data + RW Data)       7060 (   6.89kB)

==============================================================================

