Component: ARM Compiler 5.06 update 1 (build 61) Tool: armlink [4d35a8]

==============================================================================

Section Cross References

    main.o(i.main) refers to _printf_percent.o(.ARM.Collect$$_printf_percent$$00000000) for _printf_percent
    main.o(i.main) refers to _printf_d.o(.ARM.Collect$$_printf_percent$$00000009) for _printf_d
    main.o(i.main) refers to _printf_dec.o(.text) for _printf_int_dec
    main.o(i.main) refers to configure.o(i.BoardInit) for BoardInit
    main.o(i.main) refers to can.o(i.CAN_Config) for CAN_Config
    main.o(i.main) refers to noretval__2printf.o(.text) for __2printf
    main.o(i.main) refers to can.o(i.CAN_SetMsg) for CAN_SetMsg
    main.o(i.main) refers to stm32f4xx_hal_can.o(i.HAL_CAN_Transmit_IT) for HAL_CAN_Transmit_IT
    main.o(i.main) refers to delay.o(i.delay_ms) for delay_ms
    main.o(i.main) refers to stm32f4xx_hal.o(i.HAL_Delay) for HAL_Delay
    main.o(i.main) refers to main.o(.constdata) for .constdata
    main.o(i.main) refers to main.o(.data) for .data
    main.o(i.main) refers to can.o(.bss) for Can_Handle
    startup_stm32f429xx.o(STACK) refers (Special) to heapauxi.o(.text) for __use_two_region_memory
    startup_stm32f429xx.o(HEAP) refers (Special) to heapauxi.o(.text) for __use_two_region_memory
    startup_stm32f429xx.o(RESET) refers (Special) to heapauxi.o(.text) for __use_two_region_memory
    startup_stm32f429xx.o(RESET) refers to startup_stm32f429xx.o(STACK) for __initial_sp
    startup_stm32f429xx.o(RESET) refers to startup_stm32f429xx.o(.text) for Reset_Handler
    startup_stm32f429xx.o(RESET) refers to stm32f4xx_it.o(i.NMI_Handler) for NMI_Handler
    startup_stm32f429xx.o(RESET) refers to stm32f4xx_it.o(i.HardFault_Handler) for HardFault_Handler
    startup_stm32f429xx.o(RESET) refers to stm32f4xx_it.o(i.MemManage_Handler) for MemManage_Handler
    startup_stm32f429xx.o(RESET) refers to stm32f4xx_it.o(i.BusFault_Handler) for BusFault_Handler
    startup_stm32f429xx.o(RESET) refers to stm32f4xx_it.o(i.UsageFault_Handler) for UsageFault_Handler
    startup_stm32f429xx.o(RESET) refers to stm32f4xx_it.o(i.SVC_Handler) for SVC_Handler
    startup_stm32f429xx.o(RESET) refers to stm32f4xx_it.o(i.DebugMon_Handler) for DebugMon_Handler
    startup_stm32f429xx.o(RESET) refers to stm32f4xx_it.o(i.PendSV_Handler) for PendSV_Handler
    startup_stm32f429xx.o(RESET) refers to stm32f4xx_it.o(i.SysTick_Handler) for SysTick_Handler
    startup_stm32f429xx.o(RESET) refers to stm32f4xx_it.o(i.CAN1_TX_IRQHandler) for CAN1_TX_IRQHandler
    startup_stm32f429xx.o(RESET) refers to stm32f4xx_it.o(i.CAN1_RX0_IRQHandler) for CAN1_RX0_IRQHandler
    startup_stm32f429xx.o(RESET) refers to usart.o(i.USART1_IRQHandler) for USART1_IRQHandler
    startup_stm32f429xx.o(RESET) refers to rs485.o(i.USART2_IRQHandler) for USART2_IRQHandler
    startup_stm32f429xx.o(.text) refers (Special) to heapauxi.o(.text) for __use_two_region_memory
    startup_stm32f429xx.o(.text) refers to system_stm32f4xx.o(i.SystemInit) for SystemInit
    startup_stm32f429xx.o(.text) refers to __main.o(!!!main) for __main
    startup_stm32f429xx.o(.text) refers to startup_stm32f429xx.o(HEAP) for Heap_Mem
    startup_stm32f429xx.o(.text) refers to startup_stm32f429xx.o(STACK) for Stack_Mem
    configure.o(i.BoardInit) refers to stm32f4xx_hal.o(i.HAL_Init) for HAL_Init
    configure.o(i.BoardInit) refers to sys.o(i.Stm32_Clock_Init) for Stm32_Clock_Init
    configure.o(i.BoardInit) refers to delay.o(i.delay_init) for delay_init
    configure.o(i.BoardInit) refers to usart.o(i.uart_init) for uart_init
    eeprom.o(i.AT24CXX_Check) refers to eeprom.o(i.AT24CXX_ReadOneByte) for AT24CXX_ReadOneByte
    eeprom.o(i.AT24CXX_Check) refers to eeprom.o(i.AT24CXX_WriteOneByte) for AT24CXX_WriteOneByte
    eeprom.o(i.AT24CXX_Init) refers to myiic.o(i.IIC_Init) for IIC_Init
    eeprom.o(i.AT24CXX_Read) refers to eeprom.o(i.AT24CXX_ReadOneByte) for AT24CXX_ReadOneByte
    eeprom.o(i.AT24CXX_ReadLenByte) refers to eeprom.o(i.AT24CXX_ReadOneByte) for AT24CXX_ReadOneByte
    eeprom.o(i.AT24CXX_ReadOneByte) refers to myiic.o(i.IIC_Start) for IIC_Start
    eeprom.o(i.AT24CXX_ReadOneByte) refers to myiic.o(i.IIC_Send_Byte) for IIC_Send_Byte
    eeprom.o(i.AT24CXX_ReadOneByte) refers to myiic.o(i.IIC_Wait_Ack) for IIC_Wait_Ack
    eeprom.o(i.AT24CXX_ReadOneByte) refers to myiic.o(i.IIC_Read_Byte) for IIC_Read_Byte
    eeprom.o(i.AT24CXX_ReadOneByte) refers to myiic.o(i.IIC_Stop) for IIC_Stop
    eeprom.o(i.AT24CXX_Write) refers to eeprom.o(i.AT24CXX_WriteOneByte) for AT24CXX_WriteOneByte
    eeprom.o(i.AT24CXX_WriteLenByte) refers to eeprom.o(i.AT24CXX_WriteOneByte) for AT24CXX_WriteOneByte
    eeprom.o(i.AT24CXX_WriteOneByte) refers to myiic.o(i.IIC_Start) for IIC_Start
    eeprom.o(i.AT24CXX_WriteOneByte) refers to myiic.o(i.IIC_Send_Byte) for IIC_Send_Byte
    eeprom.o(i.AT24CXX_WriteOneByte) refers to myiic.o(i.IIC_Wait_Ack) for IIC_Wait_Ack
[...]
    Removing stm32f4xx_hal_tim_ex.o(i.HAL_TIMEx_HallSensor_Stop), (46 bytes).
    Removing stm32f4xx_hal_tim_ex.o(i.HAL_TIMEx_HallSensor_Stop_DMA), (56 bytes).
    Removing stm32f4xx_hal_tim_ex.o(i.HAL_TIMEx_HallSensor_Stop_IT), (56 bytes).
    Removing stm32f4xx_hal_tim_ex.o(i.HAL_TIMEx_MasterConfigSynchronization), (80 bytes).
    Removing stm32f4xx_hal_tim_ex.o(i.HAL_TIMEx_OCN_Start), (36 bytes).
    Removing stm32f4xx_hal_tim_ex.o(i.HAL_TIMEx_OCN_Start_DMA), (220 bytes).
    Removing stm32f4xx_hal_tim_ex.o(i.HAL_TIMEx_OCN_Start_IT), (96 bytes).
    Removing stm32f4xx_hal_tim_ex.o(i.HAL_TIMEx_OCN_Stop), (68 bytes).
    Removing stm32f4xx_hal_tim_ex.o(i.HAL_TIMEx_OCN_Stop_DMA), (124 bytes).
    Removing stm32f4xx_hal_tim_ex.o(i.HAL_TIMEx_OCN_Stop_IT), (134 bytes).
    Removing stm32f4xx_hal_tim_ex.o(i.HAL_TIMEx_OnePulseN_Start), (26 bytes).
    Removing stm32f4xx_hal_tim_ex.o(i.HAL_TIMEx_OnePulseN_Start_IT), (46 bytes).
    Removing stm32f4xx_hal_tim_ex.o(i.HAL_TIMEx_OnePulseN_Stop), (68 bytes).
    Removing stm32f4xx_hal_tim_ex.o(i.HAL_TIMEx_OnePulseN_Stop_IT), (88 bytes).
    Removing stm32f4xx_hal_tim_ex.o(i.HAL_TIMEx_PWMN_Start), (36 bytes).
    Removing stm32f4xx_hal_tim_ex.o(i.HAL_TIMEx_PWMN_Start_DMA), (220 bytes).
    Removing stm32f4xx_hal_tim_ex.o(i.HAL_TIMEx_PWMN_Start_IT), (96 bytes).
    Removing stm32f4xx_hal_tim_ex.o(i.HAL_TIMEx_PWMN_Stop), (68 bytes).
    Removing stm32f4xx_hal_tim_ex.o(i.HAL_TIMEx_PWMN_Stop_DMA), (124 bytes).
    Removing stm32f4xx_hal_tim_ex.o(i.HAL_TIMEx_PWMN_Stop_IT), (134 bytes).
    Removing stm32f4xx_hal_tim_ex.o(i.HAL_TIMEx_RemapConfig), (34 bytes).
    Removing stm32f4xx_hal_tim_ex.o(i.TIMEx_DMACommutationCplt), (16 bytes).
    Removing stm32f4xx_hal_tim_ex.o(i.TIM_CCxNChannelCmd), (22 bytes).
    Removing stm32f4xx_hal_uart.o(.rev16_text), (4 bytes).
    Removing stm32f4xx_hal_uart.o(.revsh_text), (4 bytes).
    Removing stm32f4xx_hal_uart.o(.rrx_text), (6 bytes).
    Removing stm32f4xx_hal_uart.o(i.HAL_HalfDuplex_EnableReceiver), (50 bytes).
    Removing stm32f4xx_hal_uart.o(i.HAL_HalfDuplex_EnableTransmitter), (50 bytes).
    Removing stm32f4xx_hal_uart.o(i.HAL_HalfDuplex_Init), (108 bytes).
    Removing stm32f4xx_hal_uart.o(i.HAL_LIN_Init), (128 bytes).
    Removing stm32f4xx_hal_uart.o(i.HAL_LIN_SendBreak), (46 bytes).
    Removing stm32f4xx_hal_uart.o(i.HAL_MultiProcessor_EnterMuteMode), (46 bytes).
    Removing stm32f4xx_hal_uart.o(i.HAL_MultiProcessor_ExitMuteMode), (46 bytes).
    Removing stm32f4xx_hal_uart.o(i.HAL_MultiProcessor_Init), (142 bytes).
    Removing stm32f4xx_hal_uart.o(i.HAL_UART_DMAPause), (102 bytes).
    Removing stm32f4xx_hal_uart.o(i.HAL_UART_DMAResume), (94 bytes).
    Removing stm32f4xx_hal_uart.o(i.HAL_UART_DMAStop), (88 bytes).
    Removing stm32f4xx_hal_uart.o(i.HAL_UART_DeInit), (40 bytes).
    Removing stm32f4xx_hal_uart.o(i.HAL_UART_GetError), (4 bytes).
    Removing stm32f4xx_hal_uart.o(i.HAL_UART_GetState), (10 bytes).
    Removing stm32f4xx_hal_uart.o(i.HAL_UART_MspDeInit), (2 bytes).
    Removing stm32f4xx_hal_uart.o(i.HAL_UART_MspInit), (2 bytes).
    Removing stm32f4xx_hal_uart.o(i.HAL_UART_Receive_DMA), (140 bytes).
    Removing stm32f4xx_hal_uart.o(i.HAL_UART_Receive_IT), (72 bytes).
    Removing stm32f4xx_hal_uart.o(i.HAL_UART_RxHalfCpltCallback), (2 bytes).
    Removing stm32f4xx_hal_uart.o(i.HAL_UART_Transmit), (186 bytes).
    Removing stm32f4xx_hal_uart.o(i.HAL_UART_Transmit_DMA), (128 bytes).
    Removing stm32f4xx_hal_uart.o(i.HAL_UART_Transmit_IT), (62 bytes).
    Removing stm32f4xx_hal_uart.o(i.HAL_UART_TxHalfCpltCallback), (2 bytes).
    Removing stm32f4xx_hal_uart.o(i.UART_DMAError), (74 bytes).
    Removing stm32f4xx_hal_uart.o(i.UART_DMAReceiveCplt), (60 bytes).
    Removing stm32f4xx_hal_uart.o(i.UART_DMARxHalfCplt), (10 bytes).
    Removing stm32f4xx_hal_uart.o(i.UART_DMATransmitCplt), (46 bytes).
    Removing stm32f4xx_hal_uart.o(i.UART_DMATxHalfCplt), (10 bytes).
    Removing stm32f4xx_hal_uart.o(i.UART_EndTxTransfer), (18 bytes).
    Removing stm32f4xx_hal_usart.o(.rev16_text), (4 bytes).
    Removing stm32f4xx_hal_usart.o(.revsh_text), (4 bytes).
    Removing stm32f4xx_hal_usart.o(.rrx_text), (6 bytes).
    Removing stm32f4xx_hal_usart.o(i.HAL_USART_DMAPause), (38 bytes).
    Removing stm32f4xx_hal_usart.o(i.HAL_USART_DMAResume), (38 bytes).
    Removing stm32f4xx_hal_usart.o(i.HAL_USART_DMAStop), (92 bytes).
    Removing stm32f4xx_hal_usart.o(i.HAL_USART_DeInit), (46 bytes).
    Removing stm32f4xx_hal_usart.o(i.HAL_USART_ErrorCallback), (2 bytes).
    Removing stm32f4xx_hal_usart.o(i.HAL_USART_GetError), (4 bytes).
    Removing stm32f4xx_hal_usart.o(i.HAL_USART_GetState), (6 bytes).
    Removing stm32f4xx_hal_usart.o(i.HAL_USART_IRQHandler), (320 bytes).
    Removing stm32f4xx_hal_usart.o(i.HAL_USART_Init), (84 bytes).
    Removing stm32f4xx_hal_usart.o(i.HAL_USART_MspDeInit), (2 bytes).
    Removing stm32f4xx_hal_usart.o(i.HAL_USART_MspInit), (2 bytes).
    Removing stm32f4xx_hal_usart.o(i.HAL_USART_Receive), (230 bytes).
    Removing stm32f4xx_hal_usart.o(i.HAL_USART_Receive_DMA), (200 bytes).
    Removing stm32f4xx_hal_usart.o(i.HAL_USART_Receive_IT), (80 bytes).
    Removing stm32f4xx_hal_usart.o(i.HAL_USART_RxCpltCallback), (2 bytes).
    Removing stm32f4xx_hal_usart.o(i.HAL_USART_RxHalfCpltCallback), (2 bytes).
    Removing stm32f4xx_hal_usart.o(i.HAL_USART_Transmit), (186 bytes).
    Removing stm32f4xx_hal_usart.o(i.HAL_USART_TransmitReceive), (274 bytes).
    Removing stm32f4xx_hal_usart.o(i.HAL_USART_TransmitReceive_DMA), (220 bytes).
    Removing stm32f4xx_hal_usart.o(i.HAL_USART_TransmitReceive_IT), (102 bytes).
    Removing stm32f4xx_hal_usart.o(i.HAL_USART_Transmit_DMA), (128 bytes).
    Removing stm32f4xx_hal_usart.o(i.HAL_USART_Transmit_IT), (62 bytes).
    Removing stm32f4xx_hal_usart.o(i.HAL_USART_TxCpltCallback), (2 bytes).
    Removing stm32f4xx_hal_usart.o(i.HAL_USART_TxHalfCpltCallback), (2 bytes).
    Removing stm32f4xx_hal_usart.o(i.HAL_USART_TxRxCpltCallback), (2 bytes).
    Removing stm32f4xx_hal_usart.o(i.USART_DMAAbortOnError), (16 bytes).
    Removing stm32f4xx_hal_usart.o(i.USART_DMAError), (80 bytes).
    Removing stm32f4xx_hal_usart.o(i.USART_DMAReceiveCplt), (100 bytes).
    Removing stm32f4xx_hal_usart.o(i.USART_DMARxHalfCplt), (10 bytes).
    Removing stm32f4xx_hal_usart.o(i.USART_DMATransmitCplt), (62 bytes).
    Removing stm32f4xx_hal_usart.o(i.USART_DMATxHalfCplt), (10 bytes).
    Removing stm32f4xx_hal_usart.o(i.USART_EndRxTransfer), (28 bytes).
    Removing stm32f4xx_hal_usart.o(i.USART_EndTxTransfer), (18 bytes).
    Removing stm32f4xx_hal_usart.o(i.USART_Receive_IT), (176 bytes).
    Removing stm32f4xx_hal_usart.o(i.USART_SetConfig), (260 bytes).
    Removing stm32f4xx_hal_usart.o(i.USART_TransmitReceive_IT), (232 bytes).
    Removing stm32f4xx_hal_usart.o(i.USART_Transmit_IT), (98 bytes).
    Removing stm32f4xx_hal_usart.o(i.USART_WaitOnFlagUntilTimeout), (114 bytes).
    Removing stm32f4xx_it.o(.rev16_text), (4 bytes).
    Removing stm32f4xx_it.o(.revsh_text), (4 bytes).
    Removing stm32f4xx_it.o(.rrx_text), (6 bytes).
    Removing system_stm32f4xx.o(.rev16_text), (4 bytes).
    Removing system_stm32f4xx.o(.revsh_text), (4 bytes).
    Removing system_stm32f4xx.o(.rrx_text), (6 bytes).
    Removing system_stm32f4xx.o(i.SystemCoreClockUpdate), (124 bytes).
    Removing system_stm32f4xx.o(.constdata), (16 bytes).
    Removing system_stm32f4xx.o(.constdata), (8 bytes).
    Removing stm32f4xx_hal_i2c_ex.o(.rev16_text), (4 bytes).
    Removing stm32f4xx_hal_i2c_ex.o(.revsh_text), (4 bytes).
    Removing stm32f4xx_hal_i2c_ex.o(.rrx_text), (6 bytes).
    Removing stm32f4xx_hal_i2c_ex.o(i.HAL_I2CEx_ConfigAnalogFilter), (66 bytes).
    Removing stm32f4xx_hal_i2c_ex.o(i.HAL_I2CEx_ConfigDigitalFilter), (62 bytes).

677 unused section(s) (total 71822 bytes) removed from the image.

==============================================================================

Image Symbol Table

    Local Symbols

    Symbol Name                              Value     Ov Type        Size  Object(Section)

    ../clib/angel/boardlib.s                 0x00000000   Number         0  boardinit1.o ABSOLUTE
    ../clib/angel/boardlib.s                 0x00000000   Number         0  boardinit2.o ABSOLUTE
    ../clib/angel/boardlib.s                 0x00000000   Number         0  boardinit3.o ABSOLUTE
    ../clib/angel/boardlib.s                 0x00000000   Number         0  boardshut.o ABSOLUTE
    ../clib/angel/handlers.s                 0x00000000   Number         0  __scatter_zi.o ABSOLUTE
    ../clib/angel/handlers.s                 0x00000000   Number         0  __scatter_copy.o ABSOLUTE
    ../clib/angel/kernel.s                   0x00000000   Number         0  __rtentry.o ABSOLUTE
    ../clib/angel/kernel.s                   0x00000000   Number         0  rtexit2.o ABSOLUTE
    ../clib/angel/kernel.s                   0x00000000   Number         0  __rtentry2.o ABSOLUTE
    ../clib/angel/kernel.s                   0x00000000   Number         0  __rtentry4.o ABSOLUTE
    ../clib/angel/kernel.s                   0x00000000   Number         0  rtexit.o ABSOLUTE
    ../clib/angel/rt.s                       0x00000000   Number         0  rt_raise.o ABSOLUTE
    ../clib/angel/scatter.s                  0x00000000   Number         0  __scatter.o ABSOLUTE
    ../clib/angel/startup.s                  0x00000000   Number         0  __main.o ABSOLUTE
    ../clib/angel/sys.s                      0x00000000   Number         0  use_no_semi.o ABSOLUTE
    ../clib/angel/sys.s                      0x00000000   Number         0  libspace.o ABSOLUTE
    ../clib/angel/sys.s                      0x00000000   Number         0  use_no_semi_2.o ABSOLUTE
    ../clib/angel/sys.s                      0x00000000   Number         0  indicate_semi.o ABSOLUTE
    ../clib/angel/sys.s                      0x00000000   Number         0  sys_stackheap_outer.o ABSOLUTE
    ../clib/angel/sysapp.c                   0x00000000   Number         0  sys_wrch.o ABSOLUTE
    ../clib/angel/sysapp.c                   0x00000000   Number         0  sys_command.o ABSOLUTE
    ../clib/armsys.c                         0x00000000   Number         0  argv_veneer.o ABSOLUTE
    ../clib/armsys.c                         0x00000000   Number         0  argv_veneer.o ABSOLUTE
    ../clib/armsys.c                         0x00000000   Number         0  _get_argv_nomalloc.o ABSOLUTE
    ../clib/armsys.c                         0x00000000   Number         0  no_argv.o ABSOLUTE
    ../clib/heapalloc.c                      0x00000000   Number         0  hrguard.o ABSOLUTE
    ../clib/heapaux.c                        0x00000000   Number         0  heapauxi.o ABSOLUTE
    ../clib/libinit.s                        0x00000000   Number         0  libshutdown.o ABSOLUTE
    ../clib/libinit.s                        0x00000000   Number         0  libshutdown2.o ABSOLUTE
    ../clib/libinit.s                        0x00000000   Number         0  libinit2.o ABSOLUTE
    ../clib/libinit.s                        0x00000000   Number         0  libinit.o ABSOLUTE
    ../clib/memcpset.s                       0x00000000   Number         0  rt_memcpy_w.o ABSOLUTE
    ../clib/printf.c                         0x00000000   Number         0  _printf_hex_int_ll_ptr.o ABSOLUTE
    ../clib/printf.c                         0x00000000   Number         0  _printf_char_common.o ABSOLUTE
    ../clib/printf.c                         0x00000000   Number         0  __printf_flags_ss.o ABSOLUTE
    ../clib/printf.c                         0x00000000   Number         0  __printf_ss.o ABSOLUTE
    ../clib/printf.c                         0x00000000   Number         0  __printf_flags.o ABSOLUTE
    ../clib/printf.c                         0x00000000   Number         0  _printf_dec.o ABSOLUTE
    ../clib/printf.c                         0x00000000   Number         0  _printf_hex_ll_ptr.o ABSOLUTE
    ../clib/printf.c                         0x00000000   Number         0  _printf_hex_ptr.o ABSOLUTE
    ../clib/printf.c                         0x00000000   Number         0  _printf_hex_int_ll.o ABSOLUTE
    ../clib/printf.c                         0x00000000   Number         0  _printf_hex_int.o ABSOLUTE
    ../clib/printf.c                         0x00000000   Number         0  _printf_hex_ll.o ABSOLUTE
    ../clib/printf.c                         0x00000000   Number         0  _printf_hex_int_ptr.o ABSOLUTE
    ../clib/printf.c                         0x00000000   Number         0  _printf_intcommon.o ABSOLUTE
    ../clib/printf.c                         0x00000000   Number         0  __printf.o ABSOLUTE
    ../clib/printf.c                         0x00000000   Number         0  noretval__2printf.o ABSOLUTE
    ../clib/printf.c                         0x00000000   Number         0  __2printf.o ABSOLUTE
    ../clib/printf.c                         0x00000000   Number         0  _printf_char_file.o ABSOLUTE
    ../clib/printf.c                         0x00000000   Number         0  __printf_nopercent.o ABSOLUTE
    ../clib/printf.c                         0x00000000   Number         0  __printf_flags_ss_wp.o ABSOLUTE
    ../clib/printf.c                         0x00000000   Number         0  __printf_ss_wp.o ABSOLUTE
    ../clib/printf.c                         0x00000000   Number         0  __printf_flags_wp.o ABSOLUTE
    ../clib/printf.c                         0x00000000   Number         0  __printf_wp.o ABSOLUTE
    ../clib/printf_percent.s                 0x00000000   Number         0  _printf_percent.o ABSOLUTE
    ../clib/printf_percent.s                 0x00000000   Number         0  _printf_percent_end.o ABSOLUTE
    ../clib/printf_percent.s                 0x00000000   Number         0  _printf_x.o ABSOLUTE
    ../clib/printf_percent.s                 0x00000000   Number         0  _printf_d.o ABSOLUTE
    ../clib/signal.c                         0x00000000   Number         0  defsig_rtmem_formal.o ABSOLUTE
    ../clib/signal.c                         0x00000000   Number         0  defsig_rtmem_outer.o ABSOLUTE
    ../clib/signal.c                         0x00000000   Number         0  defsig_rtred_inner.o ABSOLUTE
    ../clib/signal.c                         0x00000000   Number         0  defsig_stak_inner.o ABSOLUTE
    ../clib/signal.c                         0x00000000   Number         0  defsig_pvfn_inner.o ABSOLUTE
    ../clib/signal.c                         0x00000000   Number         0  defsig_cppl_inner.o ABSOLUTE
    ../clib/signal.c                         0x00000000   Number         0  defsig_general.o ABSOLUTE
    ../clib/signal.c                         0x00000000   Number         0  defsig_segv_inner.o ABSOLUTE
    ../clib/signal.c                         0x00000000   Number         0  defsig_other.o ABSOLUTE
    ../clib/signal.c                         0x00000000   Number         0  __raise.o ABSOLUTE
    ../clib/signal.c                         0x00000000   Number         0  defsig_rtmem_inner.o ABSOLUTE
    ../clib/signal.c                         0x00000000   Number         0  defsig_exit.o ABSOLUTE
    ../clib/signal.c                         0x00000000   Number         0  defsig_abrt_inner.o ABSOLUTE
    ../clib/signal.c                         0x00000000   Number         0  defsig_fpe_inner.o ABSOLUTE
    ../clib/signal.s                         0x00000000   Number         0  defsig.o ABSOLUTE
    ../clib/stdio.c                          0x00000000   Number         0  ferror_locked.o ABSOLUTE
    ../clib/stdio.c                          0x00000000   Number         0  ferror.o ABSOLUTE
    ../clib/stdlib.c                         0x00000000   Number         0  exit.o ABSOLUTE
    ../fplib/dfixu.s                         0x00000000   Number         0  dfixu.o ABSOLUTE
    ../fplib/dflt.s                          0x00000000   Number         0  dflt_clz.o ABSOLUTE
    ../fplib/dmul.s                          0x00000000   Number         0  dmul.o ABSOLUTE
    ../fplib/dnaninf.s                       0x00000000   Number         0  dnaninf.o ABSOLUTE
    ../fplib/dretinf.s                       0x00000000   Number         0  dretinf.o ABSOLUTE
    ../fplib/fpinit.s                        0x00000000   Number         0  fpinit.o ABSOLUTE
    ../fplib/usenofp.s                       0x00000000   Number         0  usenofp.o ABSOLUTE
    ..\SDK\stm32f4xx_hal.c                   0x00000000   Number         0  stm32f4xx_hal.o ABSOLUTE
    ..\SDK\stm32f4xx_hal_can.c               0x00000000   Number         0  stm32f4xx_hal_can.o ABSOLUTE
    ..\SDK\stm32f4xx_hal_cortex.c            0x00000000   Number         0  stm32f4xx_hal_cortex.o ABSOLUTE
    ..\SDK\stm32f4xx_hal_dma.c               0x00000000   Number         0  stm32f4xx_hal_dma.o ABSOLUTE
    ..\SDK\stm32f4xx_hal_dma_ex.c            0x00000000   Number         0  stm32f4xx_hal_dma_ex.o ABSOLUTE
    ..\SDK\stm32f4xx_hal_gpio.c              0x00000000   Number         0  stm32f4xx_hal_gpio.o ABSOLUTE
    ..\SDK\stm32f4xx_hal_i2c_ex.c            0x00000000   Number         0  stm32f4xx_hal_i2c_ex.o ABSOLUTE
    ..\SDK\stm32f4xx_hal_ltdc.c              0x00000000   Number         0  stm32f4xx_hal_ltdc.o ABSOLUTE
    ..\SDK\stm32f4xx_hal_ltdc_ex.c           0x00000000   Number         0  stm32f4xx_hal_ltdc_ex.o ABSOLUTE
    ..\SDK\stm32f4xx_hal_pwr.c               0x00000000   Number         0  stm32f4xx_hal_pwr.o ABSOLUTE
    ..\SDK\stm32f4xx_hal_pwr_ex.c            0x00000000   Number         0  stm32f4xx_hal_pwr_ex.o ABSOLUTE
    ..\SDK\stm32f4xx_hal_rcc.c               0x00000000   Number         0  stm32f4xx_hal_rcc.o ABSOLUTE
    ..\SDK\stm32f4xx_hal_rcc_ex.c            0x00000000   Number         0  stm32f4xx_hal_rcc_ex.o ABSOLUTE
    ..\SDK\stm32f4xx_hal_sdram.c             0x00000000   Number         0  stm32f4xx_hal_sdram.o ABSOLUTE
    ..\SDK\stm32f4xx_hal_spi.c               0x00000000   Number         0  stm32f4xx_hal_spi.o ABSOLUTE
    ..\SDK\stm32f4xx_hal_sram.c              0x00000000   Number         0  stm32f4xx_hal_sram.o ABSOLUTE
    ..\SDK\stm32f4xx_hal_tim.c               0x00000000   Number         0  stm32f4xx_hal_tim.o ABSOLUTE
    ..\SDK\stm32f4xx_hal_tim_ex.c            0x00000000   Number         0  stm32f4xx_hal_tim_ex.o ABSOLUTE
    ..\SDK\stm32f4xx_hal_uart.c              0x00000000   Number         0  stm32f4xx_hal_uart.o ABSOLUTE
    ..\SDK\stm32f4xx_hal_usart.c             0x00000000   Number         0  stm32f4xx_hal_usart.o ABSOLUTE
    ..\SDK\stm32f4xx_it.c                    0x00000000   Number         0  stm32f4xx_it.o ABSOLUTE
    ..\SDK\stm32f4xx_ll_fmc.c                0x00000000   Number         0  stm32f4xx_ll_fmc.o ABSOLUTE
    ..\SDK\system_stm32f4xx.c                0x00000000   Number         0  system_stm32f4xx.o ABSOLUTE
    ..\\SDK\\stm32f4xx_hal.c                 0x00000000   Number         0  stm32f4xx_hal.o ABSOLUTE
    ..\\SDK\\stm32f4xx_hal_can.c             0x00000000   Number         0  stm32f4xx_hal_can.o ABSOLUTE
    ..\\SDK\\stm32f4xx_hal_cortex.c          0x00000000   Number         0  stm32f4xx_hal_cortex.o ABSOLUTE
    ..\\SDK\\stm32f4xx_hal_dma.c             0x00000000   Number         0  stm32f4xx_hal_dma.o ABSOLUTE
    ..\\SDK\\stm32f4xx_hal_dma_ex.c          0x00000000   Number         0  stm32f4xx_hal_dma_ex.o ABSOLUTE
    ..\\SDK\\stm32f4xx_hal_gpio.c            0x00000000   Number         0  stm32f4xx_hal_gpio.o ABSOLUTE
    ..\\SDK\\stm32f4xx_hal_i2c_ex.c          0x00000000   Number         0  stm32f4xx_hal_i2c_ex.o ABSOLUTE
    ..\\SDK\\stm32f4xx_hal_ltdc.c            0x00000000   Number         0  stm32f4xx_hal_ltdc.o ABSOLUTE
    ..\\SDK\\stm32f4xx_hal_ltdc_ex.c         0x00000000   Number         0  stm32f4xx_hal_ltdc_ex.o ABSOLUTE
    ..\\SDK\\stm32f4xx_hal_pwr.c             0x00000000   Number         0  stm32f4xx_hal_pwr.o ABSOLUTE
    ..\\SDK\\stm32f4xx_hal_pwr_ex.c          0x00000000   Number         0  stm32f4xx_hal_pwr_ex.o ABSOLUTE
    ..\\SDK\\stm32f4xx_hal_rcc.c             0x00000000   Number         0  stm32f4xx_hal_rcc.o ABSOLUTE
    ..\\SDK\\stm32f4xx_hal_rcc_ex.c          0x00000000   Number         0  stm32f4xx_hal_rcc_ex.o ABSOLUTE
    ..\\SDK\\stm32f4xx_hal_sdram.c           0x00000000   Number         0  stm32f4xx_hal_sdram.o ABSOLUTE
    ..\\SDK\\stm32f4xx_hal_spi.c             0x00000000   Number         0  stm32f4xx_hal_spi.o ABSOLUTE
    ..\\SDK\\stm32f4xx_hal_sram.c            0x00000000   Number         0  stm32f4xx_hal_sram.o ABSOLUTE
    ..\\SDK\\stm32f4xx_hal_tim.c             0x00000000   Number         0  stm32f4xx_hal_tim.o ABSOLUTE
    ..\\SDK\\stm32f4xx_hal_tim_ex.c          0x00000000   Number         0  stm32f4xx_hal_tim_ex.o ABSOLUTE
    ..\\SDK\\stm32f4xx_hal_uart.c            0x00000000   Number         0  stm32f4xx_hal_uart.o ABSOLUTE
    ..\\SDK\\stm32f4xx_hal_usart.c           0x00000000   Number         0  stm32f4xx_hal_usart.o ABSOLUTE
    ..\\SDK\\stm32f4xx_it.c                  0x00000000   Number         0  stm32f4xx_it.o ABSOLUTE
    ..\\SDK\\stm32f4xx_ll_fmc.c              0x00000000   Number         0  stm32f4xx_ll_fmc.o ABSOLUTE
    ..\\SDK\\system_stm32f4xx.c              0x00000000   Number         0  system_stm32f4xx.o ABSOLUTE
    ..\\configure\\configure.c               0x00000000   Number         0  configure.o ABSOLUTE
    ..\\configure\\eeprom.c                  0x00000000   Number         0  eeprom.o ABSOLUTE
    ..\\configure\\main.c                    0x00000000   Number         0  main.o ABSOLUTE
    ..\\drive\\can.c                         0x00000000   Number         0  can.o ABSOLUTE
    ..\\drive\\delay.c                       0x00000000   Number         0  delay.o ABSOLUTE
    ..\\drive\\key.c                         0x00000000   Number         0  key.o ABSOLUTE
    ..\\drive\\lcd.c                         0x00000000   Number         0  lcd.o ABSOLUTE
    ..\\drive\\led.c                         0x00000000   Number         0  led.o ABSOLUTE
    ..\\drive\\ltdc.c                        0x00000000   Number         0  ltdc.o ABSOLUTE
    ..\\drive\\myiic.c                       0x00000000   Number         0  myiic.o ABSOLUTE
    ..\\drive\\pcf8574.c                     0x00000000   Number         0  pcf8574.o ABSOLUTE
    ..\\drive\\rs485.c                       0x00000000   Number         0  rs485.o ABSOLUTE
    ..\\drive\\sdram.c                       0x00000000   Number         0  sdram.o ABSOLUTE
    ..\\drive\\sys.c                         0x00000000   Number         0  sys.o ABSOLUTE
    ..\\drive\\usart.c                       0x00000000   Number         0  usart.o ABSOLUTE
    ..\configure\configure.c                 0x00000000   Number         0  configure.o ABSOLUTE
    ..\configure\eeprom.c                    0x00000000   Number         0  eeprom.o ABSOLUTE
    ..\configure\main.c                      0x00000000   Number         0  main.o ABSOLUTE
    ..\configure\startup_stm32f429xx.s       0x00000000   Number         0  startup_stm32f429xx.o ABSOLUTE
    ..\drive\can.c                           0x00000000   Number         0  can.o ABSOLUTE
    ..\drive\delay.c                         0x00000000   Number         0  delay.o ABSOLUTE
    ..\drive\key.c                           0x00000000   Number         0  key.o ABSOLUTE
    ..\drive\lcd.c                           0x00000000   Number         0  lcd.o ABSOLUTE
    ..\drive\led.c                           0x00000000   Number         0  led.o ABSOLUTE
    ..\drive\ltdc.c                          0x00000000   Number         0  ltdc.o ABSOLUTE
    ..\drive\myiic.c                         0x00000000   Number         0  myiic.o ABSOLUTE
    ..\drive\pcf8574.c                       0x00000000   Number         0  pcf8574.o ABSOLUTE
    ..\drive\rs485.c                         0x00000000   Number         0  rs485.o ABSOLUTE
    ..\drive\sdram.c                         0x00000000   Number         0  sdram.o ABSOLUTE
    ..\drive\sys.c                           0x00000000   Number         0  sys.o ABSOLUTE
    ..\drive\usart.c                         0x00000000   Number         0  usart.o ABSOLUTE
    dc.s                                     0x00000000   Number         0  dc.o ABSOLUTE
    RESET                                    0x08000000   Section      428  startup_stm32f429xx.o(RESET)
    !!!main                                  0x080001ac   Section        8  __main.o(!!!main)
    !!!scatter                               0x080001b4   Section       52  __scatter.o(!!!scatter)
    !!handler_copy                           0x080001e8   Section       26  __scatter_copy.o(!!handler_copy)
    !!handler_zi                             0x08000204   Section       28  __scatter_zi.o(!!handler_zi)
    .ARM.Collect$$_printf_percent$$00000000  0x08000220   Section        0  _printf_percent.o(.ARM.Collect$$_printf_percent$$00000000)
    .ARM.Collect$$_printf_percent$$00000009  0x08000220   Section        6  _printf_d.o(.ARM.Collect$$_printf_percent$$00000009)
    .ARM.Collect$$_printf_percent$$00000017  0x08000226   Section        4  _printf_percent_end.o(.ARM.Collect$$_printf_percent$$00000017)
    .ARM.Collect$$libinit$$00000000          0x0800022a   Section        2  libinit.o(.ARM.Collect$$libinit$$00000000)
    .ARM.Collect$$libinit$$00000001          0x0800022c   Section        4  libinit2.o(.ARM.Collect$$libinit$$00000001)
    .ARM.Collect$$libinit$$00000004          0x08000230   Section        0  libinit2.o(.ARM.Collect$$libinit$$00000004)
    .ARM.Collect$$libinit$$0000000A          0x08000230   Section        0  libinit2.o(.ARM.Collect$$libinit$$0000000A)
    .ARM.Collect$$libinit$$0000000C          0x08000230   Section        0  libinit2.o(.ARM.Collect$$libinit$$0000000C)
    .ARM.Collect$$libinit$$0000000E          0x08000230   Section        0  libinit2.o(.ARM.Collect$$libinit$$0000000E)
    .ARM.Collect$$libinit$$00000011          0x08000230   Section        0  libinit2.o(.ARM.Collect$$libinit$$00000011)
    .ARM.Collect$$libinit$$00000013          0x08000230   Section        0  libinit2.o(.ARM.Collect$$libinit$$00000013)
    .ARM.Collect$$libinit$$00000015          0x08000230   Section        0  libinit2.o(.ARM.Collect$$libinit$$00000015)
    .ARM.Collect$$libinit$$00000017          0x08000230   Section        0  libinit2.o(.ARM.Collect$$libinit$$00000017)
    .ARM.Collect$$libinit$$00000019          0x08000230   Section        0  libinit2.o(.ARM.Collect$$libinit$$00000019)
    .ARM.Collect$$libinit$$0000001B          0x08000230   Section        0  libinit2.o(.ARM.Collect$$libinit$$0000001B)
    .ARM.Collect$$libinit$$0000001D          0x08000230   Section        0  libinit2.o(.ARM.Collect$$libinit$$0000001D)
    .ARM.Collect$$libinit$$0000001F          0x08000230   Section        0  libinit2.o(.ARM.Collect$$libinit$$0000001F)
    .ARM.Collect$$libinit$$00000021          0x08000230   Section        0  libinit2.o(.ARM.Collect$$libinit$$00000021)
    .ARM.Collect$$libinit$$00000023          0x08000230   Section        0  libinit2.o(.ARM.Collect$$libinit$$00000023)
    .ARM.Collect$$libinit$$00000025          0x08000230   Section        0  libinit2.o(.ARM.Collect$$libinit$$00000025)
    .ARM.Collect$$libinit$$0000002C          0x08000230   Section        0  libinit2.o(.ARM.Collect$$libinit$$0000002C)
    .ARM.Collect$$libinit$$0000002E          0x08000230   Section        0  libinit2.o(.ARM.Collect$$libinit$$0000002E)
    .ARM.Collect$$libinit$$00000030          0x08000230   Section        0  libinit2.o(.ARM.Collect$$libinit$$00000030)
    .ARM.Collect$$libinit$$00000032          0x08000230   Section        0  libinit2.o(.ARM.Collect$$libinit$$00000032)
    .ARM.Collect$$libinit$$00000033          0x08000230   Section        2  libinit2.o(.ARM.Collect$$libinit$$00000033)
    .ARM.Collect$$libshutdown$$00000000      0x08000232   Section        2  libshutdown.o(.ARM.Collect$$libshutdown$$00000000)
    .ARM.Collect$$libshutdown$$00000002      0x08000234   Section        0  libshutdown2.o(.ARM.Collect$$libshutdown$$00000002)
    .ARM.Collect$$libshutdown$$00000004      0x08000234   Section        0  libshutdown2.o(.ARM.Collect$$libshutdown$$00000004)
    .ARM.Collect$$libshutdown$$00000007      0x08000234   Section        0  libshutdown2.o(.ARM.Collect$$libshutdown$$00000007)
    .ARM.Collect$$libshutdown$$0000000A      0x08000234   Section        0  libshutdown2.o(.ARM.Collect$$libshutdown$$0000000A)
    .ARM.Collect$$libshutdown$$0000000C      0x08000234   Section        0  libshutdown2.o(.ARM.Collect$$libshutdown$$0000000C)
    .ARM.Collect$$libshutdown$$0000000F      0x08000234   Section        0  libshutdown2.o(.ARM.Collect$$libshutdown$$0000000F)
    .ARM.Collect$$libshutdown$$00000010      0x08000234   Section        2  libshutdown2.o(.ARM.Collect$$libshutdown$$00000010)
    .ARM.Collect$$rtentry$$00000000          0x08000236   Section        0  __rtentry.o(.ARM.Collect$$rtentry$$00000000)
    .ARM.Collect$$rtentry$$00000002          0x08000236   Section        0  __rtentry2.o(.ARM.Collect$$rtentry$$00000002)
    .ARM.Collect$$rtentry$$00000004          0x08000236   Section        6  __rtentry4.o(.ARM.Collect$$rtentry$$00000004)
    .ARM.Collect$$rtentry$$00000009          0x0800023c   Section        0  __rtentry2.o(.ARM.Collect$$rtentry$$00000009)
    .ARM.Collect$$rtentry$$0000000A          0x0800023c   Section        4  __rtentry2.o(.ARM.Collect$$rtentry$$0000000A)
    .ARM.Collect$$rtentry$$0000000C          0x08000240   Section        0  __rtentry2.o(.ARM.Collect$$rtentry$$0000000C)
    .ARM.Collect$$rtentry$$0000000D          0x08000240   Section        8  __rtentry2.o(.ARM.Collect$$rtentry$$0000000D)
    .ARM.Collect$$rtexit$$00000000           0x08000248   Section        2  rtexit.o(.ARM.Collect$$rtexit$$00000000)
    .ARM.Collect$$rtexit$$00000002           0x0800024a   Section        0  rtexit2.o(.ARM.Collect$$rtexit$$00000002)
    .ARM.Collect$$rtexit$$00000003           0x0800024a   Section        4  rtexit2.o(.ARM.Collect$$rtexit$$00000003)
    .ARM.Collect$$rtexit$$00000004           0x0800024e   Section        6  rtexit2.o(.ARM.Collect$$rtexit$$00000004)
    .text                                    0x08000254   Section       64  startup_stm32f429xx.o(.text)
    $v0                                      0x08000254   Number         0  startup_stm32f429xx.o(.text)
    .text                                    0x08000294   Section        2  use_no_semi_2.o(.text)
    .text                                    0x08000298   Section        0  noretval__2printf.o(.text)
    .text                                    0x080002b0   Section        0  __printf.o(.text)
    .text                                    0x08000318   Section        0  _printf_dec.o(.text)
    .text                                    0x08000390   Section        0  heapauxi.o(.text)
    .text                                    0x08000396   Section        2  use_no_semi.o(.text)
    .text                                    0x08000398   Section        0  _printf_intcommon.o(.text)
    .text                                    0x0800044c   Section        0  _printf_char_file.o(.text)
    .text                                    0x08000470   Section        0  _printf_char_common.o(.text)
    _printf_input_char                       0x08000471   Thumb Code    10  _printf_char_common.o(.text)
    .text                                    0x080004a0   Section        0  ferror.o(.text)
    .text                                    0x080004a8   Section       74  sys_stackheap_outer.o(.text)
    .text                                    0x080004f2   Section        0  exit.o(.text)
    .text                                    0x08000504   Section        8  libspace.o(.text)
    i.BoardInit                              0x0800050c   Section        0  configure.o(i.BoardInit)
    i.BusFault_Handler                       0x08000532   Section        0  stm32f4xx_it.o(i.BusFault_Handler)
    i.CAN1_RX0_IRQHandler                    0x08000534   Section        0  stm32f4xx_it.o(i.CAN1_RX0_IRQHandler)
    i.CAN1_TX_IRQHandler                     0x08000540   Section        0  stm32f4xx_it.o(i.CAN1_TX_IRQHandler)
    i.CAN_Config                             0x0800054c   Section        0  can.o(i.CAN_Config)
    i.CAN_GPIO_Config                        0x080005ac   Section        0  can.o(i.CAN_GPIO_Config)
    CAN_GPIO_Config                          0x080005ad   Thumb Code    84  can.o(i.CAN_GPIO_Config)
    i.CAN_Mode_Config                        0x08000608   Section        0  can.o(i.CAN_Mode_Config)
    i.CAN_Receive_IT                         0x08000668   Section        0  stm32f4xx_hal_can.o(i.CAN_Receive_IT)
    CAN_Receive_IT                           0x08000669   Thumb Code   294  stm32f4xx_hal_can.o(i.CAN_Receive_IT)
    i.CAN_SetMsg                             0x08000790   Section        0  can.o(i.CAN_SetMsg)
    i.CAN_Transmit_IT                        0x080007d0   Section        0  stm32f4xx_hal_can.o(i.CAN_Transmit_IT)
    CAN_Transmit_IT                          0x080007d1   Thumb Code    96  stm32f4xx_hal_can.o(i.CAN_Transmit_IT)
    i.DebugMon_Handler                       0x08000830   Section        0  stm32f4xx_it.o(i.DebugMon_Handler)
    i.HAL_CAN_ConfigFilter                   0x08000834   Section        0  stm32f4xx_hal_can.o(i.HAL_CAN_ConfigFilter)
    i.HAL_CAN_ErrorCallback                  0x08000918   Section        0  can.o(i.HAL_CAN_ErrorCallback)
    i.HAL_CAN_IRQHandler                     0x0800092c   Section        0  stm32f4xx_hal_can.o(i.HAL_CAN_IRQHandler)
    i.HAL_CAN_Init                           0x08000aac   Section        0  stm32f4xx_hal_can.o(i.HAL_CAN_Init)
    i.HAL_CAN_MspInit                        0x08000bf0   Section        0  stm32f4xx_hal_can.o(i.HAL_CAN_MspInit)
    i.HAL_CAN_Receive_IT                     0x08000bf2   Section        0  stm32f4xx_hal_can.o(i.HAL_CAN_Receive_IT)
    i.HAL_CAN_RxCpltCallback                 0x08000c78   Section        0  can.o(i.HAL_CAN_RxCpltCallback)
    i.HAL_CAN_Transmit_IT                    0x08000cac   Section        0  stm32f4xx_hal_can.o(i.HAL_CAN_Transmit_IT)
    i.HAL_CAN_TxCpltCallback                 0x08000df0   Section        0  stm32f4xx_hal_can.o(i.HAL_CAN_TxCpltCallback)
    i.HAL_DMA_Abort_IT                       0x08000df2   Section        0  stm32f4xx_hal_dma.o(i.HAL_DMA_Abort_IT)
    i.HAL_Delay                              0x08000e16   Section        0  stm32f4xx_hal.o(i.HAL_Delay)
    i.HAL_GPIO_Init                          0x08000e2c   Section        0  stm32f4xx_hal_gpio.o(i.HAL_GPIO_Init)
    i.HAL_GetTick                            0x08001008   Section        0  stm32f4xx_hal.o(i.HAL_GetTick)
    i.HAL_IncTick                            0x08001014   Section        0  stm32f4xx_hal.o(i.HAL_IncTick)
    i.HAL_Init                               0x08001024   Section        0  stm32f4xx_hal.o(i.HAL_Init)
    i.HAL_InitTick                           0x08001058   Section        0  stm32f4xx_hal.o(i.HAL_InitTick)
    i.HAL_MspInit                            0x08001080   Section        0  stm32f4xx_hal.o(i.HAL_MspInit)
    i.HAL_NVIC_EnableIRQ                     0x08001082   Section        0  stm32f4xx_hal_cortex.o(i.HAL_NVIC_EnableIRQ)
    i.HAL_NVIC_SetPriority                   0x08001098   Section        0  stm32f4xx_hal_cortex.o(i.HAL_NVIC_SetPriority)
    i.HAL_NVIC_SetPriorityGrouping           0x080010d8   Section        0  stm32f4xx_hal_cortex.o(i.HAL_NVIC_SetPriorityGrouping)
    i.HAL_PWREx_EnableOverDrive              0x080010fc   Section        0  stm32f4xx_hal_pwr_ex.o(i.HAL_PWREx_EnableOverDrive)
    i.HAL_RCC_ClockConfig                    0x08001184   Section        0  stm32f4xx_hal_rcc.o(i.HAL_RCC_ClockConfig)
    i.HAL_RCC_GetPCLK1Freq                   0x080012f8   Section        0  stm32f4xx_hal_rcc.o(i.HAL_RCC_GetPCLK1Freq)
    i.HAL_RCC_GetPCLK2Freq                   0x08001328   Section        0  stm32f4xx_hal_rcc.o(i.HAL_RCC_GetPCLK2Freq)
    i.HAL_RCC_GetSysClockFreq                0x08001358   Section        0  stm32f4xx_hal_rcc.o(i.HAL_RCC_GetSysClockFreq)
    i.HAL_RCC_OscConfig                      0x080013cc   Section        0  stm32f4xx_hal_rcc.o(i.HAL_RCC_OscConfig)
    i.HAL_SYSTICK_CLKSourceConfig            0x080016a4   Section        0  stm32f4xx_hal_cortex.o(i.HAL_SYSTICK_CLKSourceConfig)
    i.HAL_SYSTICK_Config                     0x080016bc   Section        0  stm32f4xx_hal_cortex.o(i.HAL_SYSTICK_Config)
    i.HAL_UART_ErrorCallback                 0x080016e4   Section        0  stm32f4xx_hal_uart.o(i.HAL_UART_ErrorCallback)
    i.HAL_UART_IRQHandler                    0x080016e8   Section        0  stm32f4xx_hal_uart.o(i.HAL_UART_IRQHandler)
    i.HAL_UART_Init                          0x080017f8   Section        0  stm32f4xx_hal_uart.o(i.HAL_UART_Init)
    i.HAL_UART_MspInit                       0x0800185c   Section        0  usart.o(i.HAL_UART_MspInit)
    i.HAL_UART_Receive                       0x080018f0   Section        0  stm32f4xx_hal_uart.o(i.HAL_UART_Receive)
    i.HAL_UART_RxCpltCallback                0x080019aa   Section        0  stm32f4xx_hal_uart.o(i.HAL_UART_RxCpltCallback)
    i.HAL_UART_TxCpltCallback                0x080019ac   Section        0  stm32f4xx_hal_uart.o(i.HAL_UART_TxCpltCallback)
    i.HardFault_Handler                      0x080019ae   Section        0  stm32f4xx_it.o(i.HardFault_Handler)
    i.Init_RxMes                             0x080019b0   Section        0  can.o(i.Init_RxMes)
    i.MemManage_Handler                      0x080019e4   Section        0  stm32f4xx_it.o(i.MemManage_Handler)
    i.NMI_Handler                            0x080019e6   Section        0  stm32f4xx_it.o(i.NMI_Handler)
    i.NVIC_SetPriority                       0x080019e8   Section        0  stm32f4xx_hal_cortex.o(i.NVIC_SetPriority)
    NVIC_SetPriority                         0x080019e9   Thumb Code    32  stm32f4xx_hal_cortex.o(i.NVIC_SetPriority)
    i.PendSV_Handler                         0x08001a08   Section        0  stm32f4xx_it.o(i.PendSV_Handler)
    i.SVC_Handler                            0x08001a0a   Section        0  stm32f4xx_it.o(i.SVC_Handler)
    i.Stm32_Clock_Init                       0x08001a0c   Section        0  sys.o(i.Stm32_Clock_Init)
    i.SysTick_Handler                        0x08001a90   Section        0  stm32f4xx_it.o(i.SysTick_Handler)
    i.SystemInit                             0x08001a94   Section        0  system_stm32f4xx.o(i.SystemInit)
    i.UART_DMAAbortOnError                   0x08001ae8   Section        0  stm32f4xx_hal_uart.o(i.UART_DMAAbortOnError)
    UART_DMAAbortOnError                     0x08001ae9   Thumb Code    16  stm32f4xx_hal_uart.o(i.UART_DMAAbortOnError)
    i.UART_EndRxTransfer                     0x08001af8   Section        0  stm32f4xx_hal_uart.o(i.UART_EndRxTransfer)
    UART_EndRxTransfer                       0x08001af9   Thumb Code    28  stm32f4xx_hal_uart.o(i.UART_EndRxTransfer)
    i.UART_Receive_IT                        0x08001b14   Section        0  stm32f4xx_hal_uart.o(i.UART_Receive_IT)
    UART_Receive_IT                          0x08001b15   Thumb Code   140  stm32f4xx_hal_uart.o(i.UART_Receive_IT)
    i.UART_SetConfig                         0x08001ba0   Section        0  stm32f4xx_hal_uart.o(i.UART_SetConfig)
    UART_SetConfig                           0x08001ba1   Thumb Code   676  stm32f4xx_hal_uart.o(i.UART_SetConfig)
    i.UART_Transmit_IT                       0x08001e4c   Section        0  stm32f4xx_hal_uart.o(i.UART_Transmit_IT)
    UART_Transmit_IT                         0x08001e4d   Thumb Code    98  stm32f4xx_hal_uart.o(i.UART_Transmit_IT)
    i.UART_WaitOnFlagUntilTimeout            0x08001eae   Section        0  stm32f4xx_hal_uart.o(i.UART_WaitOnFlagUntilTimeout)
    UART_WaitOnFlagUntilTimeout              0x08001eaf   Thumb Code    98  stm32f4xx_hal_uart.o(i.UART_WaitOnFlagUntilTimeout)
    i.USART1_IRQHandler                      0x08001f10   Section        0  usart.o(i.USART1_IRQHandler)
    i.USART2_IRQHandler                      0x08001f7c   Section        0  rs485.o(i.USART2_IRQHandler)
    i.UsageFault_Handler                     0x08001fb8   Section        0  stm32f4xx_it.o(i.UsageFault_Handler)
    i._sys_exit                              0x08001fba   Section        0  usart.o(i._sys_exit)
    i.delay_init                             0x08001fbc   Section        0  delay.o(i.delay_init)
    i.delay_ms                               0x08001fd0   Section        0  delay.o(i.delay_ms)
    i.delay_us                               0x08001fec   Section        0  delay.o(i.delay_us)
    i.fputc                                  0x08002020   Section        0  usart.o(i.fputc)
    i.main                                   0x08002034   Section        0  main.o(i.main)
    i.uart_init                              0x08002148   Section        0  usart.o(i.uart_init)
    x$fpl$fpinit                             0x0800216c   Section       10  fpinit.o(x$fpl$fpinit)
    $v0                                      0x0800216c   Number         0  fpinit.o(x$fpl$fpinit)
    .constdata                               0x08002178   Section       16  main.o(.constdata)
    .constdata                               0x08002188   Section       16  stm32f4xx_hal_rcc.o(.constdata)
    .data                                    0x20000000   Section        4  main.o(.data)
    .data                                    0x20000004   Section        4  delay.o(.data)
    fac_us                                   0x20000004   Data           4  delay.o(.data)
    .data                                    0x20000008   Section        1  rs485.o(.data)
    .data                                    0x2000000a   Section        2  usart.o(.data)
    .data                                    0x2000000c   Section        4  usart.o(.data)
    .data                                    0x20000010   Section        4  stm32f4xx_hal.o(.data)
    .data                                    0x20000014   Section        4  system_stm32f4xx.o(.data)
    .bss                                     0x20000018   Section      128  can.o(.bss)
    .bss                                     0x20000098   Section      128  rs485.o(.bss)
    .bss                                     0x20000118   Section      264  usart.o(.bss)
    .bss                                     0x20000220   Section       96  libspace.o(.bss)
    HEAP                                     0x20000280   Section      512  startup_stm32f429xx.o(HEAP)
    Heap_Mem                                 0x20000280   Data         512  startup_stm32f429xx.o(HEAP)
    STACK                                    0x20000480   Section     1024  startup_stm32f429xx.o(STACK)
    Stack_Mem                                0x20000480   Data        1024  startup_stm32f429xx.o(STACK)
    __initial_sp                             0x20000880   Data           0  startup_stm32f429xx.o(STACK)
    .ARM.__AT_0xC0000000                     0xc0000000   Section    2048000  ltdc.o(.ARM.__AT_0xC0000000)

    Global Symbols

    Symbol Name                              Value     Ov Type        Size  Object(Section)

    BuildAttributes$$THM_ISAv4$E$P$D$K$B$S$7EM$VFPi3$EXTD16$VFPS$VFMA$PE$A:L22UL41UL21$X:L11$S22US41US21$IEEE1$IW$USESV6$~STKCKD$USESV7$~SHL$OSPACE$ROPI$EBA8$UX$STANDARDLIB$REQ8$PRES8$EABIv2 0x00000000   Number         0  anon$$obj.o ABSOLUTE
    __ARM_use_no_argv                        0x00000000   Number         0  main.o ABSOLUTE
    __ARM_exceptions_init                     - Undefined Weak Reference
    __alloca_initialize                       - Undefined Weak Reference
    __arm_preinit_                            - Undefined Weak Reference
    __cpp_initialize__aeabi_                  - Undefined Weak Reference
    __cxa_finalize                            - Undefined Weak Reference
    __rt_locale                               - Undefined Weak Reference
    __sigvec_lookup                           - Undefined Weak Reference
    _atexit_init                              - Undefined Weak Reference
    _call_atexit_fns                          - Undefined Weak Reference
    _clock_init                               - Undefined Weak Reference
    _fp_trap_init                             - Undefined Weak Reference
    _fp_trap_shutdown                         - Undefined Weak Reference
    _get_lc_collate                           - Undefined Weak Reference
    _get_lc_ctype                             - Undefined Weak Reference
    _get_lc_monetary                          - Undefined Weak Reference
    _get_lc_numeric                           - Undefined Weak Reference
    _get_lc_time                              - Undefined Weak Reference
    _getenv_init                              - Undefined Weak Reference
    _handle_redirection                       - Undefined Weak Reference
    _init_alloc                               - Undefined Weak Reference
    _init_user_alloc                          - Undefined Weak Reference
    _initio                                   - Undefined Weak Reference
    _mutex_acquire                            - Undefined Weak Reference
    _mutex_release                            - Undefined Weak Reference
    _printf_post_padding                      - Undefined Weak Reference
    _printf_pre_padding                       - Undefined Weak Reference
    _printf_truncate_signed                   - Undefined Weak Reference
    _printf_truncate_unsigned                 - Undefined Weak Reference
    _rand_init                                - Undefined Weak Reference
    _signal_finish                            - Undefined Weak Reference
    _signal_init                              - Undefined Weak Reference
    _terminate_alloc                          - Undefined Weak Reference
    _terminate_user_alloc                     - Undefined Weak Reference
    _terminateio                              - Undefined Weak Reference
    __Vectors_Size                           0x000001ac   Number         0  startup_stm32f429xx.o ABSOLUTE
    __Vectors                                0x08000000   Data           4  startup_stm32f429xx.o(RESET)
    __Vectors_End                            0x080001ac   Data           0  startup_stm32f429xx.o(RESET)
    __main                                   0x080001ad   Thumb Code     8  __main.o(!!!main)
    __scatterload                            0x080001b5   Thumb Code     0  __scatter.o(!!!scatter)
    __scatterload_rt2                        0x080001b5   Thumb Code    44  __scatter.o(!!!scatter)
    __scatterload_rt2_thumb_only             0x080001b5   Thumb Code     0  __scatter.o(!!!scatter)
    __scatterload_null                       0x080001c3   Thumb Code     0  __scatter.o(!!!scatter)
    __scatterload_copy                       0x080001e9   Thumb Code    26  __scatter_copy.o(!!handler_copy)
    __scatterload_zeroinit                   0x08000205   Thumb Code    28  __scatter_zi.o(!!handler_zi)
    _printf_d                                0x08000221   Thumb Code     0  _printf_d.o(.ARM.Collect$$_printf_percent$$00000009)
    _printf_percent                          0x08000221   Thumb Code     0  _printf_percent.o(.ARM.Collect$$_printf_percent$$00000000)
    _printf_percent_end                      0x08000227   Thumb Code     0  _printf_percent_end.o(.ARM.Collect$$_printf_percent$$00000017)
    __rt_lib_init                            0x0800022b   Thumb Code     0  libinit.o(.ARM.Collect$$libinit$$00000000)
    __rt_lib_init_fp_1                       0x0800022d   Thumb Code     0  libinit2.o(.ARM.Collect$$libinit$$00000001)
    __rt_lib_init_alloca_1                   0x08000231   Thumb Code     0  libinit2.o(.ARM.Collect$$libinit$$0000002E)
    __rt_lib_init_argv_1                     0x08000231   Thumb Code     0  libinit2.o(.ARM.Collect$$libinit$$0000002C)
    __rt_lib_init_atexit_1                   0x08000231   Thumb Code     0  libinit2.o(.ARM.Collect$$libinit$$0000001B)
    __rt_lib_init_clock_1                    0x08000231   Thumb Code     0  libinit2.o(.ARM.Collect$$libinit$$00000021)
    __rt_lib_init_cpp_1                      0x08000231   Thumb Code     0  libinit2.o(.ARM.Collect$$libinit$$00000032)
    __rt_lib_init_exceptions_1               0x08000231   Thumb Code     0  libinit2.o(.ARM.Collect$$libinit$$00000030)
    __rt_lib_init_fp_trap_1                  0x08000231   Thumb Code     0  libinit2.o(.ARM.Collect$$libinit$$0000001F)
    __rt_lib_init_getenv_1                   0x08000231   Thumb Code     0  libinit2.o(.ARM.Collect$$libinit$$00000023)
    __rt_lib_init_heap_1                     0x08000231   Thumb Code     0  libinit2.o(.ARM.Collect$$libinit$$0000000A)
    __rt_lib_init_lc_collate_1               0x08000231   Thumb Code     0  libinit2.o(.ARM.Collect$$libinit$$00000011)
    __rt_lib_init_lc_ctype_1                 0x08000231   Thumb Code     0  libinit2.o(.ARM.Collect$$libinit$$00000013)
    __rt_lib_init_lc_monetary_1              0x08000231   Thumb Code     0  libinit2.o(.ARM.Collect$$libinit$$00000015)
    __rt_lib_init_lc_numeric_1               0x08000231   Thumb Code     0  libinit2.o(.ARM.Collect$$libinit$$00000017)
    __rt_lib_init_lc_time_1                  0x08000231   Thumb Code     0  libinit2.o(.ARM.Collect$$libinit$$00000019)
    __rt_lib_init_preinit_1                  0x08000231   Thumb Code     0  libinit2.o(.ARM.Collect$$libinit$$00000004)
    __rt_lib_init_rand_1                     0x08000231   Thumb Code     0  libinit2.o(.ARM.Collect$$libinit$$0000000E)
    __rt_lib_init_return                     0x08000231   Thumb Code     0  libinit2.o(.ARM.Collect$$libinit$$00000033)
    __rt_lib_init_signal_1                   0x08000231   Thumb Code     0  libinit2.o(.ARM.Collect$$libinit$$0000001D)
    __rt_lib_init_stdio_1                    0x08000231   Thumb Code     0  libinit2.o(.ARM.Collect$$libinit$$00000025)
    __rt_lib_init_user_alloc_1               0x08000231   Thumb Code     0  libinit2.o(.ARM.Collect$$libinit$$0000000C)
    __rt_lib_shutdown                        0x08000233   Thumb Code     0  libshutdown.o(.ARM.Collect$$libshutdown$$00000000)
    __rt_lib_shutdown_cpp_1                  0x08000235   Thumb Code     0  libshutdown2.o(.ARM.Collect$$libshutdown$$00000002)
    __rt_lib_shutdown_fp_trap_1              0x08000235   Thumb Code     0  libshutdown2.o(.ARM.Collect$$libshutdown$$00000007)
    __rt_lib_shutdown_heap_1                 0x08000235   Thumb Code     0  libshutdown2.o(.ARM.Collect$$libshutdown$$0000000F)
    __rt_lib_shutdown_return                 0x08000235   Thumb Code     0  libshutdown2.o(.ARM.Collect$$libshutdown$$00000010)
    __rt_lib_shutdown_signal_1               0x08000235   Thumb Code     0  libshutdown2.o(.ARM.Collect$$libshutdown$$0000000A)
    __rt_lib_shutdown_stdio_1                0x08000235   Thumb Code     0  libshutdown2.o(.ARM.Collect$$libshutdown$$00000004)
    __rt_lib_shutdown_user_alloc_1           0x08000235   Thumb Code     0  libshutdown2.o(.ARM.Collect$$libshutdown$$0000000C)
    __rt_entry                               0x08000237   Thumb Code     0  __rtentry.o(.ARM.Collect$$rtentry$$00000000)
    __rt_entry_presh_1                       0x08000237   Thumb Code     0  __rtentry2.o(.ARM.Collect$$rtentry$$00000002)
    __rt_entry_sh                            0x08000237   Thumb Code     0  __rtentry4.o(.ARM.Collect$$rtentry$$00000004)
    __rt_entry_li                            0x0800023d   Thumb Code     0  __rtentry2.o(.ARM.Collect$$rtentry$$0000000A)
    __rt_entry_postsh_1                      0x0800023d   Thumb Code     0  __rtentry2.o(.ARM.Collect$$rtentry$$00000009)
    __rt_entry_main                          0x08000241   Thumb Code     0  __rtentry2.o(.ARM.Collect$$rtentry$$0000000D)
    __rt_entry_postli_1                      0x08000241   Thumb Code     0  __rtentry2.o(.ARM.Collect$$rtentry$$0000000C)
    __rt_exit                                0x08000249   Thumb Code     0  rtexit.o(.ARM.Collect$$rtexit$$00000000)
    __rt_exit_ls                             0x0800024b   Thumb Code     0  rtexit2.o(.ARM.Collect$$rtexit$$00000003)
    __rt_exit_prels_1                        0x0800024b   Thumb Code     0  rtexit2.o(.ARM.Collect$$rtexit$$00000002)
    __rt_exit_exit                           0x0800024f   Thumb Code     0  rtexit2.o(.ARM.Collect$$rtexit$$00000004)
    Reset_Handler                            0x08000255   Thumb Code     8  startup_stm32f429xx.o(.text)
    ADC_IRQHandler                           0x0800026f   Thumb Code     0  startup_stm32f429xx.o(.text)
    CAN1_RX1_IRQHandler                      0x0800026f   Thumb Code     0  startup_stm32f429xx.o(.text)
    CAN1_SCE_IRQHandler                      0x0800026f   Thumb Code     0  startup_stm32f429xx.o(.text)
    CAN2_RX0_IRQHandler                      0x0800026f   Thumb Code     0  startup_stm32f429xx.o(.text)
    CAN2_RX1_IRQHandler                      0x0800026f   Thumb Code     0  startup_stm32f429xx.o(.text)
    CAN2_SCE_IRQHandler                      0x0800026f   Thumb Code     0  startup_stm32f429xx.o(.text)
    CAN2_TX_IRQHandler                       0x0800026f   Thumb Code     0  startup_stm32f429xx.o(.text)
    DCMI_IRQHandler                          0x0800026f   Thumb Code     0  startup_stm32f429xx.o(.text)
    DMA1_Stream0_IRQHandler                  0x0800026f   Thumb Code     0  startup_stm32f429xx.o(.text)
    DMA1_Stream1_IRQHandler                  0x0800026f   Thumb Code     0  startup_stm32f429xx.o(.text)
    DMA1_Stream2_IRQHandler                  0x0800026f   Thumb Code     0  startup_stm32f429xx.o(.text)
    DMA1_Stream3_IRQHandler                  0x0800026f   Thumb Code     0  startup_stm32f429xx.o(.text)
    DMA1_Stream4_IRQHandler                  0x0800026f   Thumb Code     0  startup_stm32f429xx.o(.text)
    DMA1_Stream5_IRQHandler                  0x0800026f   Thumb Code     0  startup_stm32f429xx.o(.text)
    DMA1_Stream6_IRQHandler                  0x0800026f   Thumb Code     0  startup_stm32f429xx.o(.text)
    DMA1_Stream7_IRQHandler                  0x0800026f   Thumb Code     0  startup_stm32f429xx.o(.text)
    DMA2D_IRQHandler                         0x0800026f   Thumb Code     0  startup_stm32f429xx.o(.text)
    DMA2_Stream0_IRQHandler                  0x0800026f   Thumb Code     0  startup_stm32f429xx.o(.text)
    DMA2_Stream1_IRQHandler                  0x0800026f   Thumb Code     0  startup_stm32f429xx.o(.text)
    DMA2_Stream2_IRQHandler                  0x0800026f   Thumb Code     0  startup_stm32f429xx.o(.text)
    DMA2_Stream3_IRQHandler                  0x0800026f   Thumb Code     0  startup_stm32f429xx.o(.text)
    DMA2_Stream4_IRQHandler                  0x0800026f   Thumb Code     0  startup_stm32f429xx.o(.text)
    DMA2_Stream5_IRQHandler                  0x0800026f   Thumb Code     0  startup_stm32f429xx.o(.text)
    DMA2_Stream6_IRQHandler                  0x0800026f   Thumb Code     0  startup_stm32f429xx.o(.text)
    DMA2_Stream7_IRQHandler                  0x0800026f   Thumb Code     0  startup_stm32f429xx.o(.text)
    ETH_IRQHandler                           0x0800026f   Thumb Code     0  startup_stm32f429xx.o(.text)
    ETH_WKUP_IRQHandler                      0x0800026f   Thumb Code     0  startup_stm32f429xx.o(.text)
    EXTI0_IRQHandler                         0x0800026f   Thumb Code     0  startup_stm32f429xx.o(.text)
    EXTI15_10_IRQHandler                     0x0800026f   Thumb Code     0  startup_stm32f429xx.o(.text)
    EXTI1_IRQHandler                         0x0800026f   Thumb Code     0  startup_stm32f429xx.o(.text)
    EXTI2_IRQHandler                         0x0800026f   Thumb Code     0  startup_stm32f429xx.o(.text)
    EXTI3_IRQHandler                         0x0800026f   Thumb Code     0  startup_stm32f429xx.o(.text)
    EXTI4_IRQHandler                         0x0800026f   Thumb Code     0  startup_stm32f429xx.o(.text)
    EXTI9_5_IRQHandler                       0x0800026f   Thumb Code     0  startup_stm32f429xx.o(.text)
    FLASH_IRQHandler                         0x0800026f   Thumb Code     0  startup_stm32f429xx.o(.text)
    FMC_IRQHandler                           0x0800026f   Thumb Code     0  startup_stm32f429xx.o(.text)
    FPU_IRQHandler                           0x0800026f   Thumb Code     0  startup_stm32f429xx.o(.text)
    HASH_RNG_IRQHandler                      0x0800026f   Thumb Code     0  startup_stm32f429xx.o(.text)
    I2C1_ER_IRQHandler                       0x0800026f   Thumb Code     0  startup_stm32f429xx.o(.text)
    I2C1_EV_IRQHandler                       0x0800026f   Thumb Code     0  startup_stm32f429xx.o(.text)
    I2C2_ER_IRQHandler                       0x0800026f   Thumb Code     0  startup_stm32f429xx.o(.text)
    I2C2_EV_IRQHandler                       0x0800026f   Thumb Code     0  startup_stm32f429xx.o(.text)
    I2C3_ER_IRQHandler                       0x0800026f   Thumb Code     0  startup_stm32f429xx.o(.text)
    I2C3_EV_IRQHandler                       0x0800026f   Thumb Code     0  startup_stm32f429xx.o(.text)
    LTDC_ER_IRQHandler                       0x0800026f   Thumb Code     0  startup_stm32f429xx.o(.text)
    LTDC_IRQHandler                          0x0800026f   Thumb Code     0  startup_stm32f429xx.o(.text)
    OTG_FS_IRQHandler                        0x0800026f   Thumb Code     0  startup_stm32f429xx.o(.text)
    OTG_FS_WKUP_IRQHandler                   0x0800026f   Thumb Code     0  startup_stm32f429xx.o(.text)
    OTG_HS_EP1_IN_IRQHandler                 0x0800026f   Thumb Code     0  startup_stm32f429xx.o(.text)
    OTG_HS_EP1_OUT_IRQHandler                0x0800026f   Thumb Code     0  startup_stm32f429xx.o(.text)
    OTG_HS_IRQHandler                        0x0800026f   Thumb Code     0  startup_stm32f429xx.o(.text)
    OTG_HS_WKUP_IRQHandler                   0x0800026f   Thumb Code     0  startup_stm32f429xx.o(.text)
    PVD_IRQHandler                           0x0800026f   Thumb Code     0  startup_stm32f429xx.o(.text)
    RCC_IRQHandler                           0x0800026f   Thumb Code     0  startup_stm32f429xx.o(.text)
    RTC_Alarm_IRQHandler                     0x0800026f   Thumb Code     0  startup_stm32f429xx.o(.text)
    RTC_WKUP_IRQHandler                      0x0800026f   Thumb Code     0  startup_stm32f429xx.o(.text)
    SAI1_IRQHandler                          0x0800026f   Thumb Code     0  startup_stm32f429xx.o(.text)
    SDIO_IRQHandler                          0x0800026f   Thumb Code     0  startup_stm32f429xx.o(.text)
    SPI1_IRQHandler                          0x0800026f   Thumb Code     0  startup_stm32f429xx.o(.text)
    SPI2_IRQHandler                          0x0800026f   Thumb Code     0  startup_stm32f429xx.o(.text)
    SPI3_IRQHandler                          0x0800026f   Thumb Code     0  startup_stm32f429xx.o(.text)
    SPI4_IRQHandler                          0x0800026f   Thumb Code     0  startup_stm32f429xx.o(.text)
    SPI5_IRQHandler                          0x0800026f   Thumb Code     0  startup_stm32f429xx.o(.text)
    SPI6_IRQHandler                          0x0800026f   Thumb Code     0  startup_stm32f429xx.o(.text)
    TAMP_STAMP_IRQHandler                    0x0800026f   Thumb Code     0  startup_stm32f429xx.o(.text)
    TIM1_BRK_TIM9_IRQHandler                 0x0800026f   Thumb Code     0  startup_stm32f429xx.o(.text)
    TIM1_CC_IRQHandler                       0x0800026f   Thumb Code     0  startup_stm32f429xx.o(.text)
    TIM1_TRG_COM_TIM11_IRQHandler            0x0800026f   Thumb Code     0  startup_stm32f429xx.o(.text)
    TIM1_UP_TIM10_IRQHandler                 0x0800026f   Thumb Code     0  startup_stm32f429xx.o(.text)
    TIM2_IRQHandler                          0x0800026f   Thumb Code     0  startup_stm32f429xx.o(.text)
    TIM3_IRQHandler                          0x0800026f   Thumb Code     0  startup_stm32f429xx.o(.text)
    TIM4_IRQHandler                          0x0800026f   Thumb Code     0  startup_stm32f429xx.o(.text)
    TIM5_IRQHandler                          0x0800026f   Thumb Code     0  startup_stm32f429xx.o(.text)
    TIM6_DAC_IRQHandler                      0x0800026f   Thumb Code     0  startup_stm32f429xx.o(.text)
    TIM7_IRQHandler                          0x0800026f   Thumb Code     0  startup_stm32f429xx.o(.text)
    TIM8_BRK_TIM12_IRQHandler                0x0800026f   Thumb Code     0  startup_stm32f429xx.o(.text)
    TIM8_CC_IRQHandler                       0x0800026f   Thumb Code     0  startup_stm32f429xx.o(.text)
    TIM8_TRG_COM_TIM14_IRQHandler            0x0800026f   Thumb Code     0  startup_stm32f429xx.o(.text)
    TIM8_UP_TIM13_IRQHandler                 0x0800026f   Thumb Code     0  startup_stm32f429xx.o(.text)
    UART4_IRQHandler                         0x0800026f   Thumb Code     0  startup_stm32f429xx.o(.text)
    UART5_IRQHandler                         0x0800026f   Thumb Code     0  startup_stm32f429xx.o(.text)
    UART7_IRQHandler                         0x0800026f   Thumb Code     0  startup_stm32f429xx.o(.text)
    UART8_IRQHandler                         0x0800026f   Thumb Code     0  startup_stm32f429xx.o(.text)
    USART3_IRQHandler                        0x0800026f   Thumb Code     0  startup_stm32f429xx.o(.text)
    USART6_IRQHandler                        0x0800026f   Thumb Code     0  startup_stm32f429xx.o(.text)
    WWDG_IRQHandler                          0x0800026f   Thumb Code     0  startup_stm32f429xx.o(.text)
    __user_initial_stackheap                 0x08000271   Thumb Code     0  startup_stm32f429xx.o(.text)
    __use_no_semihosting                     0x08000295   Thumb Code     2  use_no_semi_2.o(.text)
    __2printf                                0x08000299   Thumb Code    20  noretval__2printf.o(.text)
    __printf                                 0x080002b1   Thumb Code   104  __printf.o(.text)
    _printf_int_dec                          0x08000319   Thumb Code   104  _printf_dec.o(.text)
    __use_two_region_memory                  0x08000391   Thumb Code     2  heapauxi.o(.text)
    __rt_heap_escrow$2region                 0x08000393   Thumb Code     2  heapauxi.o(.text)
    __rt_heap_expand$2region                 0x08000395   Thumb Code     2  heapauxi.o(.text)
    __I$use$semihosting                      0x08000397   Thumb Code     0  use_no_semi.o(.text)
    __use_no_semihosting_swi                 0x08000397   Thumb Code     2  use_no_semi.o(.text)
    _printf_int_common                       0x08000399   Thumb Code   178  _printf_intcommon.o(.text)
    _printf_char_file                        0x0800044d   Thumb Code    32  _printf_char_file.o(.text)
    _printf_char_common                      0x0800047b   Thumb Code    32  _printf_char_common.o(.text)
    ferror                                   0x080004a1   Thumb Code     8  ferror.o(.text)
    __user_setup_stackheap                   0x080004a9   Thumb Code    74  sys_stackheap_outer.o(.text)
    exit                                     0x080004f3   Thumb Code    18  exit.o(.text)
    __user_libspace                          0x08000505   Thumb Code     8  libspace.o(.text)
    __user_perproc_libspace                  0x08000505   Thumb Code     0  libspace.o(.text)
    __user_perthread_libspace                0x08000505   Thumb Code     0  libspace.o(.text)
    BoardInit                                0x0800050d   Thumb Code    38  configure.o(i.BoardInit)
    BusFault_Handler                         0x08000533   Thumb Code     2  stm32f4xx_it.o(i.BusFault_Handler)
    CAN1_RX0_IRQHandler                      0x08000535   Thumb Code     6  stm32f4xx_it.o(i.CAN1_RX0_IRQHandler)
    CAN1_TX_IRQHandler                       0x08000541   Thumb Code     6  stm32f4xx_it.o(i.CAN1_TX_IRQHandler)
    CAN_Config                               0x0800054d   Thumb Code    90  can.o(i.CAN_Config)
    CAN_Mode_Config                          0x08000609   Thumb Code    84  can.o(i.CAN_Mode_Config)
    CAN_SetMsg                               0x08000791   Thumb Code    58  can.o(i.CAN_SetMsg)
    DebugMon_Handler                         0x08000831   Thumb Code     2  stm32f4xx_it.o(i.DebugMon_Handler)
    HAL_CAN_ConfigFilter                     0x08000835   Thumb Code   218  stm32f4xx_hal_can.o(i.HAL_CAN_ConfigFilter)
    HAL_CAN_ErrorCallback                    0x08000919   Thumb Code     6  can.o(i.HAL_CAN_ErrorCallback)
    HAL_CAN_IRQHandler                       0x0800092d   Thumb Code   370  stm32f4xx_hal_can.o(i.HAL_CAN_IRQHandler)
    HAL_CAN_Init                             0x08000aad   Thumb Code   324  stm32f4xx_hal_can.o(i.HAL_CAN_Init)
    HAL_CAN_MspInit                          0x08000bf1   Thumb Code     2  stm32f4xx_hal_can.o(i.HAL_CAN_MspInit)
    HAL_CAN_Receive_IT                       0x08000bf3   Thumb Code   132  stm32f4xx_hal_can.o(i.HAL_CAN_Receive_IT)
    HAL_CAN_RxCpltCallback                   0x08000c79   Thumb Code    42  can.o(i.HAL_CAN_RxCpltCallback)
    HAL_CAN_Transmit_IT                      0x08000cad   Thumb Code   324  stm32f4xx_hal_can.o(i.HAL_CAN_Transmit_IT)
    HAL_CAN_TxCpltCallback                   0x08000df1   Thumb Code     2  stm32f4xx_hal_can.o(i.HAL_CAN_TxCpltCallback)
    HAL_DMA_Abort_IT                         0x08000df3   Thumb Code    36  stm32f4xx_hal_dma.o(i.HAL_DMA_Abort_IT)
    HAL_Delay                                0x08000e17   Thumb Code    22  stm32f4xx_hal.o(i.HAL_Delay)
    HAL_GPIO_Init                            0x08000e2d   Thumb Code   422  stm32f4xx_hal_gpio.o(i.HAL_GPIO_Init)
    HAL_GetTick                              0x08001009   Thumb Code     6  stm32f4xx_hal.o(i.HAL_GetTick)
    HAL_IncTick                              0x08001015   Thumb Code    10  stm32f4xx_hal.o(i.HAL_IncTick)
    HAL_Init                                 0x08001025   Thumb Code    48  stm32f4xx_hal.o(i.HAL_Init)
    HAL_InitTick                             0x08001059   Thumb Code    34  stm32f4xx_hal.o(i.HAL_InitTick)
    HAL_MspInit                              0x08001081   Thumb Code     2  stm32f4xx_hal.o(i.HAL_MspInit)
    HAL_NVIC_EnableIRQ                       0x08001083   Thumb Code    22  stm32f4xx_hal_cortex.o(i.HAL_NVIC_EnableIRQ)
    HAL_NVIC_SetPriority                     0x08001099   Thumb Code    60  stm32f4xx_hal_cortex.o(i.HAL_NVIC_SetPriority)
    HAL_NVIC_SetPriorityGrouping             0x080010d9   Thumb Code    26  stm32f4xx_hal_cortex.o(i.HAL_NVIC_SetPriorityGrouping)
    HAL_PWREx_EnableOverDrive                0x080010fd   Thumb Code   122  stm32f4xx_hal_pwr_ex.o(i.HAL_PWREx_EnableOverDrive)
    HAL_RCC_ClockConfig                      0x08001185   Thumb Code   356  stm32f4xx_hal_rcc.o(i.HAL_RCC_ClockConfig)
    HAL_RCC_GetPCLK1Freq                     0x080012f9   Thumb Code    34  stm32f4xx_hal_rcc.o(i.HAL_RCC_GetPCLK1Freq)
    HAL_RCC_GetPCLK2Freq                     0x08001329   Thumb Code    34  stm32f4xx_hal_rcc.o(i.HAL_RCC_GetPCLK2Freq)
    HAL_RCC_GetSysClockFreq                  0x08001359   Thumb Code   104  stm32f4xx_hal_rcc.o(i.HAL_RCC_GetSysClockFreq)
    HAL_RCC_OscConfig                        0x080013cd   Thumb Code   706  stm32f4xx_hal_rcc.o(i.HAL_RCC_OscConfig)
    HAL_SYSTICK_CLKSourceConfig              0x080016a5   Thumb Code    24  stm32f4xx_hal_cortex.o(i.HAL_SYSTICK_CLKSourceConfig)
    HAL_SYSTICK_Config                       0x080016bd   Thumb Code    40  stm32f4xx_hal_cortex.o(i.HAL_SYSTICK_Config)
    HAL_UART_ErrorCallback                   0x080016e5   Thumb Code     2  stm32f4xx_hal_uart.o(i.HAL_UART_ErrorCallback)
    HAL_UART_IRQHandler                      0x080016e9   Thumb Code   266  stm32f4xx_hal_uart.o(i.HAL_UART_IRQHandler)
    HAL_UART_Init                            0x080017f9   Thumb Code    98  stm32f4xx_hal_uart.o(i.HAL_UART_Init)
    HAL_UART_MspInit                         0x0800185d   Thumb Code   134  usart.o(i.HAL_UART_MspInit)
    HAL_UART_Receive                         0x080018f1   Thumb Code   186  stm32f4xx_hal_uart.o(i.HAL_UART_Receive)
    HAL_UART_RxCpltCallback                  0x080019ab   Thumb Code     2  stm32f4xx_hal_uart.o(i.HAL_UART_RxCpltCallback)
    HAL_UART_TxCpltCallback                  0x080019ad   Thumb Code     2  stm32f4xx_hal_uart.o(i.HAL_UART_TxCpltCallback)
    HardFault_Handler                        0x080019af   Thumb Code     2  stm32f4xx_it.o(i.HardFault_Handler)
    Init_RxMes                               0x080019b1   Thumb Code    46  can.o(i.Init_RxMes)
    MemManage_Handler                        0x080019e5   Thumb Code     2  stm32f4xx_it.o(i.MemManage_Handler)
    NMI_Handler                              0x080019e7   Thumb Code     2  stm32f4xx_it.o(i.NMI_Handler)
    PendSV_Handler                           0x08001a09   Thumb Code     2  stm32f4xx_it.o(i.PendSV_Handler)
    SVC_Handler                              0x08001a0b   Thumb Code     2  stm32f4xx_it.o(i.SVC_Handler)
    Stm32_Clock_Init                         0x08001a0d   Thumb Code   122  sys.o(i.Stm32_Clock_Init)
    SysTick_Handler                          0x08001a91   Thumb Code     4  stm32f4xx_it.o(i.SysTick_Handler)
    SystemInit                               0x08001a95   Thumb Code    66  system_stm32f4xx.o(i.SystemInit)
    USART1_IRQHandler                        0x08001f11   Thumb Code   100  usart.o(i.USART1_IRQHandler)
    USART2_IRQHandler                        0x08001f7d   Thumb Code    52  rs485.o(i.USART2_IRQHandler)
    UsageFault_Handler                       0x08001fb9   Thumb Code     2  stm32f4xx_it.o(i.UsageFault_Handler)
    _sys_exit                                0x08001fbb   Thumb Code     2  usart.o(i._sys_exit)
    delay_init                               0x08001fbd   Thumb Code    16  delay.o(i.delay_init)
    delay_ms                                 0x08001fd1   Thumb Code    26  delay.o(i.delay_ms)
    delay_us                                 0x08001fed   Thumb Code    48  delay.o(i.delay_us)
    fputc                                    0x08002021   Thumb Code    14  usart.o(i.fputc)
    main                                     0x08002035   Thumb Code   138  main.o(i.main)
    uart_init                                0x08002149   Thumb Code    28  usart.o(i.uart_init)
    _fp_init                                 0x0800216d   Thumb Code    10  fpinit.o(x$fpl$fpinit)
    __fplib_config_fpu_vfp                   0x08002175   Thumb Code     0  fpinit.o(x$fpl$fpinit)
    __fplib_config_pureend_doubles           0x08002175   Thumb Code     0  fpinit.o(x$fpl$fpinit)
    APBAHBPrescTable                         0x08002188   Data          16  stm32f4xx_hal_rcc.o(.constdata)
    Region$$Table$$Base                      0x08002198   Number         0  anon$$obj.o(Region$$Table)
    Region$$Table$$Limit                     0x080021b8   Number         0  anon$$obj.o(Region$$Table)
    flag                                     0x20000000   Data           4  main.o(.data)
    RS485_RX_CNT                             0x20000008   Data           1  rs485.o(.data)
    USART_RX_STA                             0x2000000a   Data           2  usart.o(.data)
    __stdout                                 0x2000000c   Data           4  usart.o(.data)
    uwTick                                   0x20000010   Data           4  stm32f4xx_hal.o(.data)
    SystemCoreClock                          0x20000014   Data           4  system_stm32f4xx.o(.data)
    Can_Handle                               0x20000018   Data          64  can.o(.bss)
    TxMessage                                0x20000058   Data          28  can.o(.bss)
    RxMessage                                0x20000074   Data          36  can.o(.bss)
    USART2_RS485Handler                      0x20000098   Data          64  rs485.o(.bss)
    RS485_RX_BUF                             0x200000d8   Data          64  rs485.o(.bss)
    USART_RX_BUF                             0x20000118   Data         200  usart.o(.bss)
    UART1_Handler                            0x200001e0   Data          64  usart.o(.bss)
    __libspace_start                         0x20000220   Data          96  libspace.o(.bss)
    __temporary_stack_top$libspace           0x20000280   Data           0  libspace.o(.bss)
    ltdc_lcd_framebuf                        0xc0000000   Data       2048000  ltdc.o(.ARM.__AT_0xC0000000)



==============================================================================

Memory Map of the image

  Image Entry point : 0x080001ad

  Load Region LR_IROM1 (Base: 0x08000000, Size: 0x000021d0, Max: 0x00100000, ABSOLUTE)

    Execution Region ER_IROM1 (Base: 0x08000000, Size: 0x000021b8, Max: 0x00100000, ABSOLUTE)

    Base Addr    Size         Type   Attr      Idx    E Section Name        Object

    0x08000000   0x000001ac   Data   RO          266    RESET               startup_stm32f429xx.o
    0x080001ac   0x00000008   Code   RO         4751  * !!!main             c_w.l(__main.o)
    0x080001b4   0x00000034   Code   RO         4936    !!!scatter          c_w.l(__scatter.o)
    0x080001e8   0x0000001a   Code   RO         4938    !!handler_copy      c_w.l(__scatter_copy.o)
    0x08000202   0x00000002   PAD
    0x08000204   0x0000001c   Code   RO         4940    !!handler_zi        c_w.l(__scatter_zi.o)
    0x08000220   0x00000000   Code   RO         4746    .ARM.Collect$$_printf_percent$$00000000  c_w.l(_printf_percent.o)
    0x08000220   0x00000006   Code   RO         4745    .ARM.Collect$$_printf_percent$$00000009  c_w.l(_printf_d.o)
    0x08000226   0x00000004   Code   RO         4772    .ARM.Collect$$_printf_percent$$00000017  c_w.l(_printf_percent_end.o)
    0x0800022a   0x00000002   Code   RO         4810    .ARM.Collect$$libinit$$00000000  c_w.l(libinit.o)
    0x0800022c   0x00000004   Code   RO         4816    .ARM.Collect$$libinit$$00000001  c_w.l(libinit2.o)
    0x08000230   0x00000000   Code   RO         4819    .ARM.Collect$$libinit$$00000004  c_w.l(libinit2.o)
    0x08000230   0x00000000   Code   RO         4822    .ARM.Collect$$libinit$$0000000A  c_w.l(libinit2.o)
    0x08000230   0x00000000   Code   RO         4824    .ARM.Collect$$libinit$$0000000C  c_w.l(libinit2.o)
    0x08000230   0x00000000   Code   RO         4826    .ARM.Collect$$libinit$$0000000E  c_w.l(libinit2.o)
    0x08000230   0x00000000   Code   RO         4829    .ARM.Collect$$libinit$$00000011  c_w.l(libinit2.o)
    0x08000230   0x00000000   Code   RO         4831    .ARM.Collect$$libinit$$00000013  c_w.l(libinit2.o)
    0x08000230   0x00000000   Code   RO         4833    .ARM.Collect$$libinit$$00000015  c_w.l(libinit2.o)
    0x08000230   0x00000000   Code   RO         4835    .ARM.Collect$$libinit$$00000017  c_w.l(libinit2.o)
    0x08000230   0x00000000   Code   RO         4837    .ARM.Collect$$libinit$$00000019  c_w.l(libinit2.o)
    0x08000230   0x00000000   Code   RO         4839    .ARM.Collect$$libinit$$0000001B  c_w.l(libinit2.o)
    0x08000230   0x00000000   Code   RO         4841    .ARM.Collect$$libinit$$0000001D  c_w.l(libinit2.o)
    0x08000230   0x00000000   Code   RO         4843    .ARM.Collect$$libinit$$0000001F  c_w.l(libinit2.o)
    0x08000230   0x00000000   Code   RO         4845    .ARM.Collect$$libinit$$00000021  c_w.l(libinit2.o)
    0x08000230   0x00000000   Code   RO         4847    .ARM.Collect$$libinit$$00000023  c_w.l(libinit2.o)
    0x08000230   0x00000000   Code   RO         4849    .ARM.Collect$$libinit$$00000025  c_w.l(libinit2.o)
    0x08000230   0x00000000   Code   RO         4853    .ARM.Collect$$libinit$$0000002C  c_w.l(libinit2.o)
    0x08000230   0x00000000   Code   RO         4855    .ARM.Collect$$libinit$$0000002E  c_w.l(libinit2.o)
    0x08000230   0x00000000   Code   RO         4857    .ARM.Collect$$libinit$$00000030  c_w.l(libinit2.o)
    0x08000230   0x00000000   Code   RO         4859    .ARM.Collect$$libinit$$00000032  c_w.l(libinit2.o)
    0x08000230   0x00000002   Code   RO         4860    .ARM.Collect$$libinit$$00000033  c_w.l(libinit2.o)
    0x08000232   0x00000002   Code   RO         4878    .ARM.Collect$$libshutdown$$00000000  c_w.l(libshutdown.o)
    0x08000234   0x00000000   Code   RO         4888    .ARM.Collect$$libshutdown$$00000002  c_w.l(libshutdown2.o)
    0x08000234   0x00000000   Code   RO         4890    .ARM.Collect$$libshutdown$$00000004  c_w.l(libshutdown2.o)
    0x08000234   0x00000000   Code   RO         4893    .ARM.Collect$$libshutdown$$00000007  c_w.l(libshutdown2.o)
    0x08000234   0x00000000   Code   RO         4896    .ARM.Collect$$libshutdown$$0000000A  c_w.l(libshutdown2.o)
    0x08000234   0x00000000   Code   RO         4898    .ARM.Collect$$libshutdown$$0000000C  c_w.l(libshutdown2.o)
    0x08000234   0x00000000   Code   RO         4901    .ARM.Collect$$libshutdown$$0000000F  c_w.l(libshutdown2.o)
    0x08000234   0x00000002   Code   RO         4902    .ARM.Collect$$libshutdown$$00000010  c_w.l(libshutdown2.o)
    0x08000236   0x00000000   Code   RO         4767    .ARM.Collect$$rtentry$$00000000  c_w.l(__rtentry.o)
    0x08000236   0x00000000   Code   RO         4779    .ARM.Collect$$rtentry$$00000002  c_w.l(__rtentry2.o)
    0x08000236   0x00000006   Code   RO         4791    .ARM.Collect$$rtentry$$00000004  c_w.l(__rtentry4.o)
    0x0800023c   0x00000000   Code   RO         4781    .ARM.Collect$$rtentry$$00000009  c_w.l(__rtentry2.o)
    0x0800023c   0x00000004   Code   RO         4782    .ARM.Collect$$rtentry$$0000000A  c_w.l(__rtentry2.o)
    0x08000240   0x00000000   Code   RO         4784    .ARM.Collect$$rtentry$$0000000C  c_w.l(__rtentry2.o)
    0x08000240   0x00000008   Code   RO         4785    .ARM.Collect$$rtentry$$0000000D  c_w.l(__rtentry2.o)
    0x08000248   0x00000002   Code   RO         4814    .ARM.Collect$$rtexit$$00000000  c_w.l(rtexit.o)
    0x0800024a   0x00000000   Code   RO         4862    .ARM.Collect$$rtexit$$00000002  c_w.l(rtexit2.o)
    0x0800024a   0x00000004   Code   RO         4863    .ARM.Collect$$rtexit$$00000003  c_w.l(rtexit2.o)
    0x0800024e   0x00000006   Code   RO         4864    .ARM.Collect$$rtexit$$00000004  c_w.l(rtexit2.o)
    0x08000254   0x00000040   Code   RO          267    .text               startup_stm32f429xx.o
    0x08000294   0x00000002   Code   RO         4693    .text               c_w.l(use_no_semi_2.o)
    0x08000296   0x00000002   PAD
    0x08000298   0x00000018   Code   RO         4697    .text               c_w.l(noretval__2printf.o)
    0x080002b0   0x00000068   Code   RO         4699    .text               c_w.l(__printf.o)
    0x08000318   0x00000078   Code   RO         4701    .text               c_w.l(_printf_dec.o)
    0x08000390   0x00000006   Code   RO         4749    .text               c_w.l(heapauxi.o)
    0x08000396   0x00000002   Code   RO         4765    .text               c_w.l(use_no_semi.o)
    0x08000398   0x000000b2   Code   RO         4768    .text               c_w.l(_printf_intcommon.o)
    0x0800044a   0x00000002   PAD
    0x0800044c   0x00000024   Code   RO         4770    .text               c_w.l(_printf_char_file.o)
    0x08000470   0x00000030   Code   RO         4793    .text               c_w.l(_printf_char_common.o)
    0x080004a0   0x00000008   Code   RO         4795    .text               c_w.l(ferror.o)
    0x080004a8   0x0000004a   Code   RO         4799    .text               c_w.l(sys_stackheap_outer.o)
    0x080004f2   0x00000012   Code   RO         4803    .text               c_w.l(exit.o)
    0x08000504   0x00000008   Code   RO         4811    .text               c_w.l(libspace.o)
    0x0800050c   0x00000026   Code   RO          274    i.BoardInit         configure.o
    0x08000532   0x00000002   Code   RO         4536    i.BusFault_Handler  stm32f4xx_it.o
    0x08000534   0x0000000c   Code   RO         4537    i.CAN1_RX0_IRQHandler  stm32f4xx_it.o
    0x08000540   0x0000000c   Code   RO         4538    i.CAN1_TX_IRQHandler  stm32f4xx_it.o
    0x0800054c   0x00000060   Code   RO          368    i.CAN_Config        can.o
    0x080005ac   0x0000005c   Code   RO          369    i.CAN_GPIO_Config   can.o
    0x08000608   0x00000060   Code   RO          370    i.CAN_Mode_Config   can.o
    0x08000668   0x00000126   Code   RO         1352    i.CAN_Receive_IT    stm32f4xx_hal_can.o
    0x0800078e   0x00000002   PAD
    0x08000790   0x00000040   Code   RO          371    i.CAN_SetMsg        can.o
    0x080007d0   0x00000060   Code   RO         1353    i.CAN_Transmit_IT   stm32f4xx_hal_can.o
    0x08000830   0x00000002   Code   RO         4539    i.DebugMon_Handler  stm32f4xx_it.o
    0x08000832   0x00000002   PAD
    0x08000834   0x000000e4   Code   RO         1354    i.HAL_CAN_ConfigFilter  stm32f4xx_hal_can.o
    0x08000918   0x00000014   Code   RO          372    i.HAL_CAN_ErrorCallback  can.o
    0x0800092c   0x00000180   Code   RO         1359    i.HAL_CAN_IRQHandler  stm32f4xx_hal_can.o
    0x08000aac   0x00000144   Code   RO         1360    i.HAL_CAN_Init      stm32f4xx_hal_can.o
    0x08000bf0   0x00000002   Code   RO         1362    i.HAL_CAN_MspInit   stm32f4xx_hal_can.o
    0x08000bf2   0x00000084   Code   RO         1364    i.HAL_CAN_Receive_IT  stm32f4xx_hal_can.o
    0x08000c76   0x00000002   PAD
    0x08000c78   0x00000034   Code   RO          373    i.HAL_CAN_RxCpltCallback  can.o
    0x08000cac   0x00000144   Code   RO         1368    i.HAL_CAN_Transmit_IT  stm32f4xx_hal_can.o
    0x08000df0   0x00000002   Code   RO         1369    i.HAL_CAN_TxCpltCallback  stm32f4xx_hal_can.o
    0x08000df2   0x00000024   Code   RO         1609    i.HAL_DMA_Abort_IT  stm32f4xx_hal_dma.o
    0x08000e16   0x00000016   Code   RO         1200    i.HAL_Delay         stm32f4xx_hal.o
    0x08000e2c   0x000001dc   Code   RO         1935    i.HAL_GPIO_Init     stm32f4xx_hal_gpio.o
    0x08001008   0x0000000c   Code   RO         1208    i.HAL_GetTick       stm32f4xx_hal.o
    0x08001014   0x00000010   Code   RO         1209    i.HAL_IncTick       stm32f4xx_hal.o
    0x08001024   0x00000034   Code   RO         1210    i.HAL_Init          stm32f4xx_hal.o
    0x08001058   0x00000028   Code   RO         1211    i.HAL_InitTick      stm32f4xx_hal.o
    0x08001080   0x00000002   Code   RO         1213    i.HAL_MspInit       stm32f4xx_hal.o
    0x08001082   0x00000016   Code   RO         1485    i.HAL_NVIC_EnableIRQ  stm32f4xx_hal_cortex.o
    0x08001098   0x00000040   Code   RO         1491    i.HAL_NVIC_SetPriority  stm32f4xx_hal_cortex.o
    0x080010d8   0x00000024   Code   RO         1492    i.HAL_NVIC_SetPriorityGrouping  stm32f4xx_hal_cortex.o
    0x080010fc   0x00000088   Code   RO         2399    i.HAL_PWREx_EnableOverDrive  stm32f4xx_hal_pwr_ex.o
    0x08001184   0x00000174   Code   RO         2466    i.HAL_RCC_ClockConfig  stm32f4xx_hal_rcc.o
    0x080012f8   0x00000030   Code   RO         2473    i.HAL_RCC_GetPCLK1Freq  stm32f4xx_hal_rcc.o
    0x08001328   0x00000030   Code   RO         2474    i.HAL_RCC_GetPCLK2Freq  stm32f4xx_hal_rcc.o
    0x08001358   0x00000074   Code   RO         2475    i.HAL_RCC_GetSysClockFreq  stm32f4xx_hal_rcc.o
    0x080013cc   0x000002d8   Code   RO         2478    i.HAL_RCC_OscConfig  stm32f4xx_hal_rcc.o
    0x080016a4   0x00000018   Code   RO         1494    i.HAL_SYSTICK_CLKSourceConfig  stm32f4xx_hal_cortex.o
    0x080016bc   0x00000028   Code   RO         1496    i.HAL_SYSTICK_Config  stm32f4xx_hal_cortex.o
    0x080016e4   0x00000002   Code   RO         4063    i.HAL_UART_ErrorCallback  stm32f4xx_hal_uart.o
    0x080016e6   0x00000002   PAD
    0x080016e8   0x00000110   Code   RO         4066    i.HAL_UART_IRQHandler  stm32f4xx_hal_uart.o
    0x080017f8   0x00000062   Code   RO         4067    i.HAL_UART_Init     stm32f4xx_hal_uart.o
    0x0800185a   0x00000002   PAD
    0x0800185c   0x00000094   Code   RO         1132    i.HAL_UART_MspInit  usart.o
    0x080018f0   0x000000ba   Code   RO         4070    i.HAL_UART_Receive  stm32f4xx_hal_uart.o
    0x080019aa   0x00000002   Code   RO         4073    i.HAL_UART_RxCpltCallback  stm32f4xx_hal_uart.o
    0x080019ac   0x00000002   Code   RO         4078    i.HAL_UART_TxCpltCallback  stm32f4xx_hal_uart.o
    0x080019ae   0x00000002   Code   RO         4540    i.HardFault_Handler  stm32f4xx_it.o
    0x080019b0   0x00000034   Code   RO          374    i.Init_RxMes        can.o
    0x080019e4   0x00000002   Code   RO         4541    i.MemManage_Handler  stm32f4xx_it.o
    0x080019e6   0x00000002   Code   RO         4542    i.NMI_Handler       stm32f4xx_it.o
    0x080019e8   0x00000020   Code   RO         1498    i.NVIC_SetPriority  stm32f4xx_hal_cortex.o
    0x08001a08   0x00000002   Code   RO         4543    i.PendSV_Handler    stm32f4xx_it.o
    0x08001a0a   0x00000002   Code   RO         4544    i.SVC_Handler       stm32f4xx_it.o
    0x08001a0c   0x00000084   Code   RO         1105    i.Stm32_Clock_Init  sys.o
    0x08001a90   0x00000004   Code   RO         4545    i.SysTick_Handler   stm32f4xx_it.o
    0x08001a94   0x00000054   Code   RO         4627    i.SystemInit        system_stm32f4xx.o
    0x08001ae8   0x00000010   Code   RO         4080    i.UART_DMAAbortOnError  stm32f4xx_hal_uart.o
    0x08001af8   0x0000001c   Code   RO         4086    i.UART_EndRxTransfer  stm32f4xx_hal_uart.o
    0x08001b14   0x0000008c   Code   RO         4088    i.UART_Receive_IT   stm32f4xx_hal_uart.o
    0x08001ba0   0x000002ac   Code   RO         4089    i.UART_SetConfig    stm32f4xx_hal_uart.o
    0x08001e4c   0x00000062   Code   RO         4090    i.UART_Transmit_IT  stm32f4xx_hal_uart.o
    0x08001eae   0x00000062   Code   RO         4091    i.UART_WaitOnFlagUntilTimeout  stm32f4xx_hal_uart.o
    0x08001f10   0x0000006c   Code   RO         1133    i.USART1_IRQHandler  usart.o
    0x08001f7c   0x0000003c   Code   RO          993    i.USART2_IRQHandler  rs485.o
    0x08001fb8   0x00000002   Code   RO         4546    i.UsageFault_Handler  stm32f4xx_it.o
    0x08001fba   0x00000002   Code   RO         1134    i._sys_exit         usart.o
    0x08001fbc   0x00000014   Code   RO          437    i.delay_init        delay.o
    0x08001fd0   0x0000001a   Code   RO          438    i.delay_ms          delay.o
    0x08001fea   0x00000002   PAD
    0x08001fec   0x00000034   Code   RO          439    i.delay_us          delay.o
    0x08002020   0x00000014   Code   RO         1135    i.fputc             usart.o
    0x08002034   0x00000114   Code   RO            4    i.main              main.o
    0x08002148   0x00000024   Code   RO         1136    i.uart_init         usart.o
    0x0800216c   0x0000000a   Code   RO         4870    x$fpl$fpinit        fz_wm.l(fpinit.o)
    0x08002176   0x00000002   PAD
    0x08002178   0x00000010   Data   RO            5    .constdata          main.o
    0x08002188   0x00000010   Data   RO         2479    .constdata          stm32f4xx_hal_rcc.o
    0x08002198   0x00000020   Data   RO         4934    Region$$Table       anon$$obj.o


    Execution Region RW_IRAM1 (Base: 0x20000000, Size: 0x00000880, Max: 0x00030000, ABSOLUTE)

    Base Addr    Size         Type   Attr      Idx    E Section Name        Object

    0x20000000   0x00000004   Data   RW            6    .data               main.o
    0x20000004   0x00000004   Data   RW          440    .data               delay.o
    0x20000008   0x00000001   Data   RW          995    .data               rs485.o
    0x20000009   0x00000001   PAD
    0x2000000a   0x00000002   Data   RW         1138    .data               usart.o
    0x2000000c   0x00000004   Data   RW         1139    .data               usart.o
    0x20000010   0x00000004   Data   RW         1216    .data               stm32f4xx_hal.o
    0x20000014   0x00000004   Data   RW         4630    .data               system_stm32f4xx.o
    0x20000018   0x00000080   Zero   RW          375    .bss                can.o
    0x20000098   0x00000080   Zero   RW          994    .bss                rs485.o
    0x20000118   0x00000108   Zero   RW         1137    .bss                usart.o
    0x20000220   0x00000060   Zero   RW         4812    .bss                c_w.l(libspace.o)
    0x20000280   0x00000200   Zero   RW          265    HEAP                startup_stm32f429xx.o
    0x20000480   0x00000400   Zero   RW          264    STACK               startup_stm32f429xx.o



  Load Region LR$$.ARM.__AT_0xC0000000 (Base: 0xc0000000, Size: 0x00000000, Max: 0x001f4000, ABSOLUTE)

    Execution Region ER$$.ARM.__AT_0xC0000000 (Base: 0xc0000000, Size: 0x001f4000, Max: 0x001f4000, ABSOLUTE, UNINIT)

    Base Addr    Size         Type   Attr      Idx    E Section Name        Object

    0xc0000000   0x001f4000   Zero   RW          770    .ARM.__AT_0xC0000000  ltdc.o


==============================================================================

Image component sizes


      Code (inc. data)   RO Data    RW Data    ZI Data      Debug   Object Name

       472         62          0          0        128       4542   can.o
        38          0          0          0          0        488   configure.o
        98          8          0          4          0       1791   delay.o
         0          0          0          0    2048000       1866   ltdc.o
       276        138         16          4          0     401262   main.o
        60          8          0          1        128       1167   rs485.o
        64         26        428          0       1536        828   startup_stm32f429xx.o
       144         22          0          4          0       4133   stm32f4xx_hal.o
      1786         24          0          0          0       7153   stm32f4xx_hal_can.o
       218         14          0          0          0      30529   stm32f4xx_hal_cortex.o
        36          0          0          0          0       1059   stm32f4xx_hal_dma.o
       476         54          0          0          0       1832   stm32f4xx_hal_gpio.o
       136         14          0          0          0       1140   stm32f4xx_hal_pwr_ex.o
      1312         78         16          0          0       5055   stm32f4xx_hal_rcc.o
      1626         14          0          0          0       8682   stm32f4xx_hal_uart.o
        44         12          0          0          0       4869   stm32f4xx_it.o
       132         10          0          0          0       1091   sys.o
        84         18          0          4          0       1087   system_stm32f4xx.o
       314         36          0          6        264       4587   usart.o

    ----------------------------------------------------------------------
      7328        538        492         24    2050056     483161   Object Totals
         0          0         32          0          0          0   (incl. Generated)
        12          0          0          1          0          0   (incl. Padding)

    ----------------------------------------------------------------------

      Code (inc. data)   RO Data    RW Data    ZI Data      Debug   Library Member Name

         8          0          0          0          0         68   __main.o
       104          0          0          0          0         84   __printf.o
         0          0          0          0          0          0   __rtentry.o
        12          0          0          0          0          0   __rtentry2.o
         6          0          0          0          0          0   __rtentry4.o
        52          8          0          0          0          0   __scatter.o
        26          0          0          0          0          0   __scatter_copy.o
        28          0          0          0          0          0   __scatter_zi.o
        48          6          0          0          0         96   _printf_char_common.o
        36          4          0          0          0         80   _printf_char_file.o
         6          0          0          0          0          0   _printf_d.o
       120         16          0          0          0         92   _printf_dec.o
       178          0          0          0          0         88   _printf_intcommon.o
         0          0          0          0          0          0   _printf_percent.o
         4          0          0          0          0          0   _printf_percent_end.o
        18          0          0          0          0         80   exit.o
         8          0          0          0          0         68   ferror.o
         6          0          0          0          0        152   heapauxi.o
         2          0          0          0          0          0   libinit.o
         6          0          0          0          0          0   libinit2.o
         2          0          0          0          0          0   libshutdown.o
         2          0          0          0          0          0   libshutdown2.o
         8          4          0          0         96         68   libspace.o
        24          4          0          0          0         84   noretval__2printf.o
         2          0          0          0          0          0   rtexit.o
        10          0          0          0          0          0   rtexit2.o
        74          0          0          0          0         80   sys_stackheap_outer.o
         2          0          0          0          0         68   use_no_semi.o
         2          0          0          0          0         68   use_no_semi_2.o
        10          0          0          0          0        116   fpinit.o

    ----------------------------------------------------------------------
       812         42          0          0         96       1292   Library Totals
         8          0          0          0          0          0   (incl. Padding)

    ----------------------------------------------------------------------

      Code (inc. data)   RO Data    RW Data    ZI Data      Debug   Library Name

       794         42          0          0         96       1176   c_w.l
        10          0          0          0          0        116   fz_wm.l

    ----------------------------------------------------------------------
       812         42          0          0         96       1292   Library Totals

    ----------------------------------------------------------------------

==============================================================================


      Code (inc. data)   RO Data    RW Data    ZI Data      Debug   

      8140        580        492         24    2050152     477433   Grand Totals
      8140        580        492         24    2050152     477433   ELF Image Totals
      8140        580        492         24          0          0   ROM Totals

==============================================================================

    Total RO  Size (Code + RO Data)                 8632 (   8.43kB)
    Total RW  Size (RW Data + ZI Data)           2050176 (2002.13kB)
    Total ROM Size (Code + RO Data + RW Data)       8656 (   8.45kB)

==============================================================================

