Component: ARM Compiler 5.06 update 1 (build 61) Tool: armlink [4d35a8]

==============================================================================

Section Cross References

    stm32f4xx_hal.o(i.HAL_DeInit) refers to stm32f4xx_hal_msp_template.o(i.HAL_MspDeInit) for HAL_MspDeInit
    stm32f4xx_hal.o(i.HAL_Delay) refers to stm32f4xx_hal.o(i.HAL_GetTick) for HAL_GetTick
    stm32f4xx_hal.o(i.HAL_GetTick) refers to stm32f4xx_hal.o(.data) for .data
    stm32f4xx_hal.o(i.HAL_IncTick) refers to stm32f4xx_hal.o(.data) for .data
    stm32f4xx_hal.o(i.HAL_Init) refers to stm32f4xx_hal_cortex.o(i.HAL_NVIC_SetPriorityGrouping) for HAL_NVIC_SetPriorityGrouping
    stm32f4xx_hal.o(i.HAL_Init) refers to stm32f4xx_hal.o(i.HAL_InitTick) for HAL_InitTick
    stm32f4xx_hal.o(i.HAL_Init) refers to stm32f4xx_hal_msp_template.o(i.HAL_MspInit) for HAL_MspInit
    stm32f4xx_hal.o(i.HAL_InitTick) refers to stm32f4xx_hal_cortex.o(i.HAL_SYSTICK_Config) for HAL_SYSTICK_Config
    stm32f4xx_hal.o(i.HAL_InitTick) refers to stm32f4xx_hal_cortex.o(i.HAL_NVIC_SetPriority) for HAL_NVIC_SetPriority
    stm32f4xx_hal.o(i.HAL_InitTick) refers to system_stm32f4xx.o(.data) for SystemCoreClock
    stm32f4xx_hal_adc.o(i.ADC_DMAConvCplt) refers to stm32f4xx_hal_adc.o(i.HAL_ADC_ConvCpltCallback) for HAL_ADC_ConvCpltCallback
    stm32f4xx_hal_adc.o(i.ADC_DMAError) refers to stm32f4xx_hal_adc.o(i.HAL_ADC_ErrorCallback) for HAL_ADC_ErrorCallback
    stm32f4xx_hal_adc.o(i.ADC_DMAHalfConvCplt) refers to stm32f4xx_hal_adc.o(i.HAL_ADC_ConvHalfCpltCallback) for HAL_ADC_ConvHalfCpltCallback
    stm32f4xx_hal_adc.o(i.HAL_ADC_ConfigChannel) refers to system_stm32f4xx.o(.data) for SystemCoreClock
    stm32f4xx_hal_adc.o(i.HAL_ADC_DeInit) refers to stm32f4xx_hal_adc.o(i.HAL_ADC_MspDeInit) for HAL_ADC_MspDeInit
    stm32f4xx_hal_adc.o(i.HAL_ADC_IRQHandler) refers to stm32f4xx_hal_adc.o(i.HAL_ADC_ConvCpltCallback) for HAL_ADC_ConvCpltCallback
    stm32f4xx_hal_adc.o(i.HAL_ADC_IRQHandler) refers to stm32f4xx_hal_adc_ex.o(i.HAL_ADCEx_InjectedConvCpltCallback) for HAL_ADCEx_InjectedConvCpltCallback
    stm32f4xx_hal_adc.o(i.HAL_ADC_IRQHandler) refers to stm32f4xx_hal_adc.o(i.HAL_ADC_LevelOutOfWindowCallback) for HAL_ADC_LevelOutOfWindowCallback
    stm32f4xx_hal_adc.o(i.HAL_ADC_IRQHandler) refers to stm32f4xx_hal_adc.o(i.HAL_ADC_ErrorCallback) for HAL_ADC_ErrorCallback
    stm32f4xx_hal_adc.o(i.HAL_ADC_Init) refers to stm32f4xx_hal_adc.o(i.HAL_ADC_MspInit) for HAL_ADC_MspInit
    stm32f4xx_hal_adc.o(i.HAL_ADC_Init) refers to stm32f4xx_hal_adc.o(i.ADC_Init) for ADC_Init
    stm32f4xx_hal_adc.o(i.HAL_ADC_PollForConversion) refers to stm32f4xx_hal.o(i.HAL_GetTick) for HAL_GetTick
    stm32f4xx_hal_adc.o(i.HAL_ADC_PollForEvent) refers to stm32f4xx_hal.o(i.HAL_GetTick) for HAL_GetTick
    stm32f4xx_hal_adc.o(i.HAL_ADC_Start) refers to system_stm32f4xx.o(.data) for SystemCoreClock
    stm32f4xx_hal_adc.o(i.HAL_ADC_Start_DMA) refers to stm32f4xx_hal_dma.o(i.HAL_DMA_Start_IT) for HAL_DMA_Start_IT
    stm32f4xx_hal_adc.o(i.HAL_ADC_Start_DMA) refers to system_stm32f4xx.o(.data) for SystemCoreClock
    stm32f4xx_hal_adc.o(i.HAL_ADC_Start_DMA) refers to stm32f4xx_hal_adc.o(i.ADC_DMAConvCplt) for ADC_DMAConvCplt
    stm32f4xx_hal_adc.o(i.HAL_ADC_Start_DMA) refers to stm32f4xx_hal_adc.o(i.ADC_DMAHalfConvCplt) for ADC_DMAHalfConvCplt
    stm32f4xx_hal_adc.o(i.HAL_ADC_Start_DMA) refers to stm32f4xx_hal_adc.o(i.ADC_DMAError) for ADC_DMAError
    stm32f4xx_hal_adc.o(i.HAL_ADC_Start_IT) refers to system_stm32f4xx.o(.data) for SystemCoreClock
    stm32f4xx_hal_adc.o(i.HAL_ADC_Stop_DMA) refers to stm32f4xx_hal_dma.o(i.HAL_DMA_Abort) for HAL_DMA_Abort
    stm32f4xx_hal_adc_ex.o(i.ADC_MultiModeDMAConvCplt) refers to stm32f4xx_hal_adc.o(i.HAL_ADC_ConvCpltCallback) for HAL_ADC_ConvCpltCallback
    stm32f4xx_hal_adc_ex.o(i.ADC_MultiModeDMAError) refers to stm32f4xx_hal_adc.o(i.HAL_ADC_ErrorCallback) for HAL_ADC_ErrorCallback
    stm32f4xx_hal_adc_ex.o(i.ADC_MultiModeDMAHalfConvCplt) refers to stm32f4xx_hal_adc.o(i.HAL_ADC_ConvHalfCpltCallback) for HAL_ADC_ConvHalfCpltCallback
    stm32f4xx_hal_adc_ex.o(i.HAL_ADCEx_InjectedPollForConversion) refers to stm32f4xx_hal.o(i.HAL_GetTick) for HAL_GetTick
    stm32f4xx_hal_adc_ex.o(i.HAL_ADCEx_InjectedStart) refers to system_stm32f4xx.o(.data) for SystemCoreClock
    stm32f4xx_hal_adc_ex.o(i.HAL_ADCEx_InjectedStart_IT) refers to system_stm32f4xx.o(.data) for SystemCoreClock
    stm32f4xx_hal_adc_ex.o(i.HAL_ADCEx_MultiModeStart_DMA) refers to stm32f4xx_hal_dma.o(i.HAL_DMA_Start_IT) for HAL_DMA_Start_IT
    stm32f4xx_hal_adc_ex.o(i.HAL_ADCEx_MultiModeStart_DMA) refers to system_stm32f4xx.o(.data) for SystemCoreClock
    stm32f4xx_hal_adc_ex.o(i.HAL_ADCEx_MultiModeStart_DMA) refers to stm32f4xx_hal_adc_ex.o(i.ADC_MultiModeDMAConvCplt) for ADC_MultiModeDMAConvCplt
    stm32f4xx_hal_adc_ex.o(i.HAL_ADCEx_MultiModeStart_DMA) refers to stm32f4xx_hal_adc_ex.o(i.ADC_MultiModeDMAHalfConvCplt) for ADC_MultiModeDMAHalfConvCplt
[...]
    Removing stm32f4xx_ll_usb.o(i.USB_SetCurrentMode), (44 bytes).
    Removing stm32f4xx_ll_usb.o(i.USB_SetDevAddress), (34 bytes).
    Removing stm32f4xx_ll_usb.o(i.USB_SetDevSpeed), (14 bytes).
    Removing stm32f4xx_ll_usb.o(i.USB_StopDevice), (66 bytes).
    Removing stm32f4xx_ll_usb.o(i.USB_StopHost), (178 bytes).
    Removing stm32f4xx_ll_usb.o(i.USB_WritePacket), (38 bytes).
    Removing stm32f4xx_ll_usb.o(.data), (4 bytes).
    Removing system_stm32f4xx.o(.rev16_text), (4 bytes).
    Removing system_stm32f4xx.o(.revsh_text), (4 bytes).
    Removing system_stm32f4xx.o(.rrx_text), (6 bytes).
    Removing system_stm32f4xx.o(i.SystemCoreClockUpdate), (124 bytes).
    Removing system_stm32f4xx.o(.constdata), (16 bytes).
    Removing system_stm32f4xx.o(.constdata), (8 bytes).
    Removing board_init.o(.rev16_text), (4 bytes).
    Removing board_init.o(.revsh_text), (4 bytes).
    Removing board_init.o(.rrx_text), (6 bytes).
    Removing board_init.o(i.Error_Handler), (2 bytes).
    Removing board_init.o(i.GPIO_init), (2 bytes).
    Removing dev_i2c.o(.rev16_text), (4 bytes).
    Removing dev_i2c.o(.revsh_text), (4 bytes).
    Removing dev_i2c.o(.rrx_text), (6 bytes).
    Removing dev_i2c.o(i.IIC_Ack), (64 bytes).
    Removing dev_i2c.o(i.IIC_NAck), (64 bytes).
    Removing dev_i2c.o(i.IIC_Read_Byte), (88 bytes).
    Removing delay.o(.rev16_text), (4 bytes).
    Removing delay.o(.revsh_text), (4 bytes).
    Removing delay.o(.rrx_text), (6 bytes).
    Removing dev_oled.o(.rev16_text), (4 bytes).
    Removing dev_oled.o(.revsh_text), (4 bytes).
    Removing dev_oled.o(.rrx_text), (6 bytes).
    Removing dev_oled.o(i.OLED_HW_Init), (4 bytes).
    Removing dev_oled.o(i.OLED_ON), (24 bytes).
    Removing power_manage.o(.rev16_text), (4 bytes).
    Removing power_manage.o(.revsh_text), (4 bytes).
    Removing power_manage.o(.rrx_text), (6 bytes).
    Removing power_manage.o(i.Sys_Enter_Standby), (180 bytes).
    Removing power_manage.o(i.WKUP_Init), (76 bytes).
    Removing rtc.o(.rev16_text), (4 bytes).
    Removing rtc.o(.revsh_text), (4 bytes).
    Removing rtc.o(.rrx_text), (6 bytes).
    Removing rtc.o(i.HAL_RTC_MspInit), (76 bytes).
    Removing rtc.o(i.RTC_Init), (100 bytes).
    Removing rtc.o(i.RTC_Set_AlarmA), (80 bytes).
    Removing rtc.o(i.RTC_Set_Date), (36 bytes).
    Removing rtc.o(i.RTC_Set_Time), (44 bytes).
    Removing rtc.o(i.RTC_Set_WakeUp), (52 bytes).
    Removing dev_can.o(.rev16_text), (4 bytes).
    Removing dev_can.o(.revsh_text), (4 bytes).
    Removing dev_can.o(.rrx_text), (6 bytes).
    Removing dev_can.o(i.CAN_Config), (96 bytes).
    Removing dev_can.o(i.CAN_GPIO_Config), (92 bytes).
    Removing dev_can.o(i.CAN_Mode_Config), (100 bytes).
    Removing dev_can.o(i.CAN_SetMsg), (56 bytes).
    Removing dev_can.o(i.HAL_CAN_ErrorCallback), (2 bytes).
    Removing dev_can.o(i.HAL_CAN_RxCpltCallback), (48 bytes).
    Removing dev_can.o(i.Init_RxMes), (52 bytes).
    Removing dev_can.o(.bss), (128 bytes).
    Removing dev_usart.o(.rev16_text), (4 bytes).
    Removing dev_usart.o(.revsh_text), (4 bytes).
    Removing dev_usart.o(.rrx_text), (6 bytes).
    Removing dev_usart.o(i.HAL_UART_MspInit), (148 bytes).
    Removing dev_usart.o(i.uart_init), (36 bytes).
    Removing dev_usart.o(.data), (1 bytes).
    Removing recvhandle.o(.rev16_text), (4 bytes).
    Removing recvhandle.o(.revsh_text), (4 bytes).
    Removing recvhandle.o(.rrx_text), (6 bytes).
    Removing recvhandle.o(i.CanRecvService), (288 bytes).
    Removing recvhandle.o(i.SendNagetiveResponse), (32 bytes).
    Removing recvhandle.o(i.SendPositiveResponse), (32 bytes).
    Removing main.o(.rev16_text), (4 bytes).
    Removing main.o(.revsh_text), (4 bytes).
    Removing main.o(.rrx_text), (6 bytes).
    Removing main.o(.data), (4 bytes).

1326 unused section(s) (total 97821 bytes) removed from the image.

==============================================================================

Image Symbol Table

    Local Symbols

    Symbol Name                              Value     Ov Type        Size  Object(Section)

    ../clib/angel/boardlib.s                 0x00000000   Number         0  boardinit3.o ABSOLUTE
    ../clib/angel/boardlib.s                 0x00000000   Number         0  boardinit2.o ABSOLUTE
    ../clib/angel/boardlib.s                 0x00000000   Number         0  boardinit1.o ABSOLUTE
    ../clib/angel/boardlib.s                 0x00000000   Number         0  boardshut.o ABSOLUTE
    ../clib/angel/handlers.s                 0x00000000   Number         0  __scatter_copy.o ABSOLUTE
    ../clib/angel/handlers.s                 0x00000000   Number         0  __scatter_zi.o ABSOLUTE
    ../clib/angel/kernel.s                   0x00000000   Number         0  __rtentry4.o ABSOLUTE
    ../clib/angel/kernel.s                   0x00000000   Number         0  __rtentry.o ABSOLUTE
    ../clib/angel/kernel.s                   0x00000000   Number         0  rtexit.o ABSOLUTE
    ../clib/angel/kernel.s                   0x00000000   Number         0  rtexit2.o ABSOLUTE
    ../clib/angel/kernel.s                   0x00000000   Number         0  __rtentry2.o ABSOLUTE
    ../clib/angel/rt.s                       0x00000000   Number         0  rt_raise.o ABSOLUTE
    ../clib/angel/scatter.s                  0x00000000   Number         0  __scatter.o ABSOLUTE
    ../clib/angel/startup.s                  0x00000000   Number         0  __main.o ABSOLUTE
    ../clib/angel/sys.s                      0x00000000   Number         0  use_no_semi_2.o ABSOLUTE
    ../clib/angel/sys.s                      0x00000000   Number         0  indicate_semi.o ABSOLUTE
    ../clib/angel/sys.s                      0x00000000   Number         0  sys_stackheap_outer.o ABSOLUTE
    ../clib/angel/sys.s                      0x00000000   Number         0  use_no_semi.o ABSOLUTE
    ../clib/angel/sys.s                      0x00000000   Number         0  libspace.o ABSOLUTE
    ../clib/angel/sysapp.c                   0x00000000   Number         0  sys_wrch.o ABSOLUTE
    ../clib/angel/sysapp.c                   0x00000000   Number         0  sys_command.o ABSOLUTE
    ../clib/armsys.c                         0x00000000   Number         0  argv_veneer.o ABSOLUTE
    ../clib/armsys.c                         0x00000000   Number         0  no_argv.o ABSOLUTE
    ../clib/armsys.c                         0x00000000   Number         0  argv_veneer.o ABSOLUTE
    ../clib/armsys.c                         0x00000000   Number         0  _get_argv_nomalloc.o ABSOLUTE
    ../clib/heapalloc.c                      0x00000000   Number         0  hrguard.o ABSOLUTE
    ../clib/heapaux.c                        0x00000000   Number         0  heapauxi.o ABSOLUTE
    ../clib/libinit.s                        0x00000000   Number         0  libshutdown.o ABSOLUTE
    ../clib/libinit.s                        0x00000000   Number         0  libinit2.o ABSOLUTE
    ../clib/libinit.s                        0x00000000   Number         0  libinit.o ABSOLUTE
    ../clib/libinit.s                        0x00000000   Number         0  libshutdown2.o ABSOLUTE
    ../clib/memcpset.s                       0x00000000   Number         0  rt_memcpy_w.o ABSOLUTE
    ../clib/memcpset.s                       0x00000000   Number         0  rt_memclr_w.o ABSOLUTE
    ../clib/printf.c                         0x00000000   Number         0  _printf_intcommon.o ABSOLUTE
    ../clib/printf.c                         0x00000000   Number         0  _printf_char_common.o ABSOLUTE
    ../clib/printf.c                         0x00000000   Number         0  __printf_wp.o ABSOLUTE
    ../clib/printf.c                         0x00000000   Number         0  __printf_flags_ss_wp.o ABSOLUTE
    ../clib/printf.c                         0x00000000   Number         0  __printf_ss_wp.o ABSOLUTE
    ../clib/printf.c                         0x00000000   Number         0  __printf_flags_wp.o ABSOLUTE
    ../clib/printf.c                         0x00000000   Number         0  __printf_flags_ss.o ABSOLUTE
    ../clib/printf.c                         0x00000000   Number         0  __printf_ss.o ABSOLUTE
    ../clib/printf.c                         0x00000000   Number         0  _printf_char_file.o ABSOLUTE
    ../clib/printf.c                         0x00000000   Number         0  __printf_flags.o ABSOLUTE
    ../clib/printf.c                         0x00000000   Number         0  _printf_dec.o ABSOLUTE
    ../clib/printf.c                         0x00000000   Number         0  __printf.o ABSOLUTE
    ../clib/printf.c                         0x00000000   Number         0  noretval__2printf.o ABSOLUTE
    ../clib/printf.c                         0x00000000   Number         0  __printf_nopercent.o ABSOLUTE
    ../clib/printf.c                         0x00000000   Number         0  __2printf.o ABSOLUTE
    ../clib/printf_percent.s                 0x00000000   Number         0  _printf_percent_end.o ABSOLUTE
    ../clib/printf_percent.s                 0x00000000   Number         0  _printf_d.o ABSOLUTE
    ../clib/printf_percent.s                 0x00000000   Number         0  _printf_percent.o ABSOLUTE
    ../clib/signal.c                         0x00000000   Number         0  defsig_exit.o ABSOLUTE
    ../clib/signal.c                         0x00000000   Number         0  defsig_cppl_inner.o ABSOLUTE
    ../clib/signal.c                         0x00000000   Number         0  defsig_fpe_inner.o ABSOLUTE
    ../clib/signal.c                         0x00000000   Number         0  defsig_pvfn_inner.o ABSOLUTE
    ../clib/signal.c                         0x00000000   Number         0  defsig_abrt_inner.o ABSOLUTE
    ../clib/signal.c                         0x00000000   Number         0  defsig_rtmem_outer.o ABSOLUTE
    ../clib/signal.c                         0x00000000   Number         0  defsig_stak_inner.o ABSOLUTE
    ../clib/signal.c                         0x00000000   Number         0  defsig_rtred_inner.o ABSOLUTE
    ../clib/signal.c                         0x00000000   Number         0  defsig_general.o ABSOLUTE
    ../clib/signal.c                         0x00000000   Number         0  defsig_other.o ABSOLUTE
    ../clib/signal.c                         0x00000000   Number         0  __raise.o ABSOLUTE
    ../clib/signal.c                         0x00000000   Number         0  defsig_rtmem_formal.o ABSOLUTE
    ../clib/signal.c                         0x00000000   Number         0  defsig_rtmem_inner.o ABSOLUTE
    ../clib/signal.c                         0x00000000   Number         0  defsig_segv_inner.o ABSOLUTE
    ../clib/signal.s                         0x00000000   Number         0  defsig.o ABSOLUTE
    ../clib/stdio.c                          0x00000000   Number         0  ferror.o ABSOLUTE
    ../clib/stdio.c                          0x00000000   Number         0  ferror_locked.o ABSOLUTE
    ../clib/stdlib.c                         0x00000000   Number         0  exit.o ABSOLUTE
    ../fplib/fpinit.s                        0x00000000   Number         0  fpinit.o ABSOLUTE
    ..\Libraries\src\stm32f4xx_hal.c         0x00000000   Number         0  stm32f4xx_hal.o ABSOLUTE
    ..\Libraries\src\stm32f4xx_hal_adc.c     0x00000000   Number         0  stm32f4xx_hal_adc.o ABSOLUTE
    ..\Libraries\src\stm32f4xx_hal_adc_ex.c  0x00000000   Number         0  stm32f4xx_hal_adc_ex.o ABSOLUTE
    ..\Libraries\src\stm32f4xx_hal_can.c     0x00000000   Number         0  stm32f4xx_hal_can.o ABSOLUTE
    ..\Libraries\src\stm32f4xx_hal_cec.c     0x00000000   Number         0  stm32f4xx_hal_cec.o ABSOLUTE
    ..\Libraries\src\stm32f4xx_hal_cortex.c  0x00000000   Number         0  stm32f4xx_hal_cortex.o ABSOLUTE
    ..\Libraries\src\stm32f4xx_hal_crc.c     0x00000000   Number         0  stm32f4xx_hal_crc.o ABSOLUTE
    ..\Libraries\src\stm32f4xx_hal_cryp.c    0x00000000   Number         0  stm32f4xx_hal_cryp.o ABSOLUTE
    ..\Libraries\src\stm32f4xx_hal_cryp_ex.c 0x00000000   Number         0  stm32f4xx_hal_cryp_ex.o ABSOLUTE
    ..\Libraries\src\stm32f4xx_hal_dac.c     0x00000000   Number         0  stm32f4xx_hal_dac.o ABSOLUTE
    ..\Libraries\src\stm32f4xx_hal_dac_ex.c  0x00000000   Number         0  stm32f4xx_hal_dac_ex.o ABSOLUTE
    ..\Libraries\src\stm32f4xx_hal_dfsdm.c   0x00000000   Number         0  stm32f4xx_hal_dfsdm.o ABSOLUTE
    ..\Libraries\src\stm32f4xx_hal_dma.c     0x00000000   Number         0  stm32f4xx_hal_dma.o ABSOLUTE
    ..\Libraries\src\stm32f4xx_hal_dma_ex.c  0x00000000   Number         0  stm32f4xx_hal_dma_ex.o ABSOLUTE
    ..\Libraries\src\stm32f4xx_hal_dsi.c     0x00000000   Number         0  stm32f4xx_hal_dsi.o ABSOLUTE
    ..\Libraries\src\stm32f4xx_hal_eth.c     0x00000000   Number         0  stm32f4xx_hal_eth.o ABSOLUTE
    ..\Libraries\src\stm32f4xx_hal_flash.c   0x00000000   Number         0  stm32f4xx_hal_flash.o ABSOLUTE
    ..\Libraries\src\stm32f4xx_hal_flash_ex.c 0x00000000   Number         0  stm32f4xx_hal_flash_ex.o ABSOLUTE
    ..\Libraries\src\stm32f4xx_hal_flash_ramfunc.c 0x00000000   Number         0  stm32f4xx_hal_flash_ramfunc.o ABSOLUTE
    ..\Libraries\src\stm32f4xx_hal_fmpi2c.c  0x00000000   Number         0  stm32f4xx_hal_fmpi2c.o ABSOLUTE
    ..\Libraries\src\stm32f4xx_hal_fmpi2c_ex.c 0x00000000   Number         0  stm32f4xx_hal_fmpi2c_ex.o ABSOLUTE
    ..\Libraries\src\stm32f4xx_hal_gpio.c    0x00000000   Number         0  stm32f4xx_hal_gpio.o ABSOLUTE
    ..\Libraries\src\stm32f4xx_hal_hash.c    0x00000000   Number         0  stm32f4xx_hal_hash.o ABSOLUTE
    ..\Libraries\src\stm32f4xx_hal_hash_ex.c 0x00000000   Number         0  stm32f4xx_hal_hash_ex.o ABSOLUTE
    ..\Libraries\src\stm32f4xx_hal_hcd.c     0x00000000   Number         0  stm32f4xx_hal_hcd.o ABSOLUTE
    ..\Libraries\src\stm32f4xx_hal_i2c.c     0x00000000   Number         0  stm32f4xx_hal_i2c.o ABSOLUTE
    ..\Libraries\src\stm32f4xx_hal_i2c_ex.c  0x00000000   Number         0  stm32f4xx_hal_i2c_ex.o ABSOLUTE
    ..\Libraries\src\stm32f4xx_hal_i2s.c     0x00000000   Number         0  stm32f4xx_hal_i2s.o ABSOLUTE
    ..\Libraries\src\stm32f4xx_hal_i2s_ex.c  0x00000000   Number         0  stm32f4xx_hal_i2s_ex.o ABSOLUTE
    ..\Libraries\src\stm32f4xx_hal_irda.c    0x00000000   Number         0  stm32f4xx_hal_irda.o ABSOLUTE
    ..\Libraries\src\stm32f4xx_hal_iwdg.c    0x00000000   Number         0  stm32f4xx_hal_iwdg.o ABSOLUTE
    ..\Libraries\src\stm32f4xx_hal_lptim.c   0x00000000   Number         0  stm32f4xx_hal_lptim.o ABSOLUTE
    ..\Libraries\src\stm32f4xx_hal_ltdc.c    0x00000000   Number         0  stm32f4xx_hal_ltdc.o ABSOLUTE
    ..\Libraries\src\stm32f4xx_hal_ltdc_ex.c 0x00000000   Number         0  stm32f4xx_hal_ltdc_ex.o ABSOLUTE
    ..\Libraries\src\stm32f4xx_hal_msp_template.c 0x00000000   Number         0  stm32f4xx_hal_msp_template.o ABSOLUTE
    ..\Libraries\src\stm32f4xx_hal_nand.c    0x00000000   Number         0  stm32f4xx_hal_nand.o ABSOLUTE
    ..\Libraries\src\stm32f4xx_hal_nor.c     0x00000000   Number         0  stm32f4xx_hal_nor.o ABSOLUTE
    ..\Libraries\src\stm32f4xx_hal_pccard.c  0x00000000   Number         0  stm32f4xx_hal_pccard.o ABSOLUTE
    ..\Libraries\src\stm32f4xx_hal_pcd.c     0x00000000   Number         0  stm32f4xx_hal_pcd.o ABSOLUTE
    ..\Libraries\src\stm32f4xx_hal_pcd_ex.c  0x00000000   Number         0  stm32f4xx_hal_pcd_ex.o ABSOLUTE
    ..\Libraries\src\stm32f4xx_hal_pwr.c     0x00000000   Number         0  stm32f4xx_hal_pwr.o ABSOLUTE
    ..\Libraries\src\stm32f4xx_hal_pwr_ex.c  0x00000000   Number         0  stm32f4xx_hal_pwr_ex.o ABSOLUTE
    ..\Libraries\src\stm32f4xx_hal_qspi.c    0x00000000   Number         0  stm32f4xx_hal_qspi.o ABSOLUTE
    ..\Libraries\src\stm32f4xx_hal_rcc.c     0x00000000   Number         0  stm32f4xx_hal_rcc.o ABSOLUTE
    ..\Libraries\src\stm32f4xx_hal_rcc_ex.c  0x00000000   Number         0  stm32f4xx_hal_rcc_ex.o ABSOLUTE
    ..\Libraries\src\stm32f4xx_hal_rng.c     0x00000000   Number         0  stm32f4xx_hal_rng.o ABSOLUTE
    ..\Libraries\src\stm32f4xx_hal_rtc.c     0x00000000   Number         0  stm32f4xx_hal_rtc.o ABSOLUTE
    ..\Libraries\src\stm32f4xx_hal_rtc_ex.c  0x00000000   Number         0  stm32f4xx_hal_rtc_ex.o ABSOLUTE
    ..\Libraries\src\stm32f4xx_hal_sd.c      0x00000000   Number         0  stm32f4xx_hal_sd.o ABSOLUTE
    ..\Libraries\src\stm32f4xx_hal_sdram.c   0x00000000   Number         0  stm32f4xx_hal_sdram.o ABSOLUTE
    ..\Libraries\src\stm32f4xx_hal_smartcard.c 0x00000000   Number         0  stm32f4xx_hal_smartcard.o ABSOLUTE
    ..\Libraries\src\stm32f4xx_hal_spdifrx.c 0x00000000   Number         0  stm32f4xx_hal_spdifrx.o ABSOLUTE
    ..\Libraries\src\stm32f4xx_hal_spi.c     0x00000000   Number         0  stm32f4xx_hal_spi.o ABSOLUTE
    ..\Libraries\src\stm32f4xx_hal_sram.c    0x00000000   Number         0  stm32f4xx_hal_sram.o ABSOLUTE
    ..\Libraries\src\stm32f4xx_hal_tim.c     0x00000000   Number         0  stm32f4xx_hal_tim.o ABSOLUTE
    ..\Libraries\src\stm32f4xx_hal_tim_ex.c  0x00000000   Number         0  stm32f4xx_hal_tim_ex.o ABSOLUTE
    ..\Libraries\src\stm32f4xx_hal_uart.c    0x00000000   Number         0  stm32f4xx_hal_uart.o ABSOLUTE
    ..\Libraries\src\stm32f4xx_hal_usart.c   0x00000000   Number         0  stm32f4xx_hal_usart.o ABSOLUTE
    ..\Libraries\src\stm32f4xx_hal_wwdg.c    0x00000000   Number         0  stm32f4xx_hal_wwdg.o ABSOLUTE
    ..\Libraries\src\stm32f4xx_it.c          0x00000000   Number         0  stm32f4xx_it.o ABSOLUTE
    ..\Libraries\src\stm32f4xx_ll_fmc.c      0x00000000   Number         0  stm32f4xx_ll_fmc.o ABSOLUTE
    ..\Libraries\src\stm32f4xx_ll_fsmc.c     0x00000000   Number         0  stm32f4xx_ll_fsmc.o ABSOLUTE
    ..\Libraries\src\stm32f4xx_ll_sdmmc.c    0x00000000   Number         0  stm32f4xx_ll_sdmmc.o ABSOLUTE
    ..\Libraries\src\stm32f4xx_ll_usb.c      0x00000000   Number         0  stm32f4xx_ll_usb.o ABSOLUTE
    ..\Libraries\src\system_stm32f4xx.c      0x00000000   Number         0  system_stm32f4xx.o ABSOLUTE
    ..\Sources\Devices\board_init.c          0x00000000   Number         0  board_init.o ABSOLUTE
    ..\Sources\Devices\delay.c               0x00000000   Number         0  delay.o ABSOLUTE
    ..\Sources\Devices\dev_I2C.c             0x00000000   Number         0  dev_i2c.o ABSOLUTE
    ..\Sources\Devices\dev_can.c             0x00000000   Number         0  dev_can.o ABSOLUTE
    ..\Sources\Devices\dev_oled.c            0x00000000   Number         0  dev_oled.o ABSOLUTE
    ..\Sources\Devices\dev_usart.c           0x00000000   Number         0  dev_usart.o ABSOLUTE
    ..\Sources\Devices\power_manage.c        0x00000000   Number         0  power_manage.o ABSOLUTE
    ..\Sources\Devices\rtc.c                 0x00000000   Number         0  rtc.o ABSOLUTE
    ..\Sources\Diagnosis\recvhandle.c        0x00000000   Number         0  recvhandle.o ABSOLUTE
    ..\Sources\User\main.c                   0x00000000   Number         0  main.o ABSOLUTE
    ..\Sources\User\startup_stm32f429xx.s    0x00000000   Number         0  startup_stm32f429xx.o ABSOLUTE
    ..\\Libraries\\src\\stm32f4xx_hal.c      0x00000000   Number         0  stm32f4xx_hal.o ABSOLUTE
    ..\\Libraries\\src\\stm32f4xx_hal_adc.c  0x00000000   Number         0  stm32f4xx_hal_adc.o ABSOLUTE
    ..\\Libraries\\src\\stm32f4xx_hal_adc_ex.c 0x00000000   Number         0  stm32f4xx_hal_adc_ex.o ABSOLUTE
    ..\\Libraries\\src\\stm32f4xx_hal_can.c  0x00000000   Number         0  stm32f4xx_hal_can.o ABSOLUTE
    ..\\Libraries\\src\\stm32f4xx_hal_cec.c  0x00000000   Number         0  stm32f4xx_hal_cec.o ABSOLUTE
    ..\\Libraries\\src\\stm32f4xx_hal_cortex.c 0x00000000   Number         0  stm32f4xx_hal_cortex.o ABSOLUTE
    ..\\Libraries\\src\\stm32f4xx_hal_crc.c  0x00000000   Number         0  stm32f4xx_hal_crc.o ABSOLUTE
    ..\\Libraries\\src\\stm32f4xx_hal_cryp.c 0x00000000   Number         0  stm32f4xx_hal_cryp.o ABSOLUTE
    ..\\Libraries\\src\\stm32f4xx_hal_cryp_ex.c 0x00000000   Number         0  stm32f4xx_hal_cryp_ex.o ABSOLUTE
    ..\\Libraries\\src\\stm32f4xx_hal_dac.c  0x00000000   Number         0  stm32f4xx_hal_dac.o ABSOLUTE
    ..\\Libraries\\src\\stm32f4xx_hal_dac_ex.c 0x00000000   Number         0  stm32f4xx_hal_dac_ex.o ABSOLUTE
    ..\\Libraries\\src\\stm32f4xx_hal_dfsdm.c 0x00000000   Number         0  stm32f4xx_hal_dfsdm.o ABSOLUTE
    ..\\Libraries\\src\\stm32f4xx_hal_dma.c  0x00000000   Number         0  stm32f4xx_hal_dma.o ABSOLUTE
    ..\\Libraries\\src\\stm32f4xx_hal_dma_ex.c 0x00000000   Number         0  stm32f4xx_hal_dma_ex.o ABSOLUTE
    ..\\Libraries\\src\\stm32f4xx_hal_dsi.c  0x00000000   Number         0  stm32f4xx_hal_dsi.o ABSOLUTE
    ..\\Libraries\\src\\stm32f4xx_hal_eth.c  0x00000000   Number         0  stm32f4xx_hal_eth.o ABSOLUTE
    ..\\Libraries\\src\\stm32f4xx_hal_flash.c 0x00000000   Number         0  stm32f4xx_hal_flash.o ABSOLUTE
    ..\\Libraries\\src\\stm32f4xx_hal_flash_ex.c 0x00000000   Number         0  stm32f4xx_hal_flash_ex.o ABSOLUTE
    ..\\Libraries\\src\\stm32f4xx_hal_flash_ramfunc.c 0x00000000   Number         0  stm32f4xx_hal_flash_ramfunc.o ABSOLUTE
    ..\\Libraries\\src\\stm32f4xx_hal_fmpi2c.c 0x00000000   Number         0  stm32f4xx_hal_fmpi2c.o ABSOLUTE
    ..\\Libraries\\src\\stm32f4xx_hal_fmpi2c_ex.c 0x00000000   Number         0  stm32f4xx_hal_fmpi2c_ex.o ABSOLUTE
    ..\\Libraries\\src\\stm32f4xx_hal_gpio.c 0x00000000   Number         0  stm32f4xx_hal_gpio.o ABSOLUTE
    ..\\Libraries\\src\\stm32f4xx_hal_hash.c 0x00000000   Number         0  stm32f4xx_hal_hash.o ABSOLUTE
    ..\\Libraries\\src\\stm32f4xx_hal_hash_ex.c 0x00000000   Number         0  stm32f4xx_hal_hash_ex.o ABSOLUTE
    ..\\Libraries\\src\\stm32f4xx_hal_hcd.c  0x00000000   Number         0  stm32f4xx_hal_hcd.o ABSOLUTE
    ..\\Libraries\\src\\stm32f4xx_hal_i2c.c  0x00000000   Number         0  stm32f4xx_hal_i2c.o ABSOLUTE
    ..\\Libraries\\src\\stm32f4xx_hal_i2c_ex.c 0x00000000   Number         0  stm32f4xx_hal_i2c_ex.o ABSOLUTE
    ..\\Libraries\\src\\stm32f4xx_hal_i2s.c  0x00000000   Number         0  stm32f4xx_hal_i2s.o ABSOLUTE
    ..\\Libraries\\src\\stm32f4xx_hal_i2s_ex.c 0x00000000   Number         0  stm32f4xx_hal_i2s_ex.o ABSOLUTE
    ..\\Libraries\\src\\stm32f4xx_hal_irda.c 0x00000000   Number         0  stm32f4xx_hal_irda.o ABSOLUTE
    ..\\Libraries\\src\\stm32f4xx_hal_iwdg.c 0x00000000   Number         0  stm32f4xx_hal_iwdg.o ABSOLUTE
    ..\\Libraries\\src\\stm32f4xx_hal_lptim.c 0x00000000   Number         0  stm32f4xx_hal_lptim.o ABSOLUTE
    ..\\Libraries\\src\\stm32f4xx_hal_ltdc.c 0x00000000   Number         0  stm32f4xx_hal_ltdc.o ABSOLUTE
    ..\\Libraries\\src\\stm32f4xx_hal_ltdc_ex.c 0x00000000   Number         0  stm32f4xx_hal_ltdc_ex.o ABSOLUTE
    ..\\Libraries\\src\\stm32f4xx_hal_msp_template.c 0x00000000   Number         0  stm32f4xx_hal_msp_template.o ABSOLUTE
    ..\\Libraries\\src\\stm32f4xx_hal_nand.c 0x00000000   Number         0  stm32f4xx_hal_nand.o ABSOLUTE
    ..\\Libraries\\src\\stm32f4xx_hal_nor.c  0x00000000   Number         0  stm32f4xx_hal_nor.o ABSOLUTE
    ..\\Libraries\\src\\stm32f4xx_hal_pccard.c 0x00000000   Number         0  stm32f4xx_hal_pccard.o ABSOLUTE
    ..\\Libraries\\src\\stm32f4xx_hal_pcd.c  0x00000000   Number         0  stm32f4xx_hal_pcd.o ABSOLUTE
    ..\\Libraries\\src\\stm32f4xx_hal_pcd_ex.c 0x00000000   Number         0  stm32f4xx_hal_pcd_ex.o ABSOLUTE
    ..\\Libraries\\src\\stm32f4xx_hal_pwr.c  0x00000000   Number         0  stm32f4xx_hal_pwr.o ABSOLUTE
    ..\\Libraries\\src\\stm32f4xx_hal_pwr_ex.c 0x00000000   Number         0  stm32f4xx_hal_pwr_ex.o ABSOLUTE
    ..\\Libraries\\src\\stm32f4xx_hal_qspi.c 0x00000000   Number         0  stm32f4xx_hal_qspi.o ABSOLUTE
    ..\\Libraries\\src\\stm32f4xx_hal_rcc.c  0x00000000   Number         0  stm32f4xx_hal_rcc.o ABSOLUTE
    ..\\Libraries\\src\\stm32f4xx_hal_rcc_ex.c 0x00000000   Number         0  stm32f4xx_hal_rcc_ex.o ABSOLUTE
    ..\\Libraries\\src\\stm32f4xx_hal_rng.c  0x00000000   Number         0  stm32f4xx_hal_rng.o ABSOLUTE
    ..\\Libraries\\src\\stm32f4xx_hal_rtc.c  0x00000000   Number         0  stm32f4xx_hal_rtc.o ABSOLUTE
    ..\\Libraries\\src\\stm32f4xx_hal_rtc_ex.c 0x00000000   Number         0  stm32f4xx_hal_rtc_ex.o ABSOLUTE
    ..\\Libraries\\src\\stm32f4xx_hal_sd.c   0x00000000   Number         0  stm32f4xx_hal_sd.o ABSOLUTE
    ..\\Libraries\\src\\stm32f4xx_hal_sdram.c 0x00000000   Number         0  stm32f4xx_hal_sdram.o ABSOLUTE
    ..\\Libraries\\src\\stm32f4xx_hal_smartcard.c 0x00000000   Number         0  stm32f4xx_hal_smartcard.o ABSOLUTE
    ..\\Libraries\\src\\stm32f4xx_hal_spdifrx.c 0x00000000   Number         0  stm32f4xx_hal_spdifrx.o ABSOLUTE
    ..\\Libraries\\src\\stm32f4xx_hal_spi.c  0x00000000   Number         0  stm32f4xx_hal_spi.o ABSOLUTE
    ..\\Libraries\\src\\stm32f4xx_hal_sram.c 0x00000000   Number         0  stm32f4xx_hal_sram.o ABSOLUTE
    ..\\Libraries\\src\\stm32f4xx_hal_tim.c  0x00000000   Number         0  stm32f4xx_hal_tim.o ABSOLUTE
    ..\\Libraries\\src\\stm32f4xx_hal_tim_ex.c 0x00000000   Number         0  stm32f4xx_hal_tim_ex.o ABSOLUTE
    ..\\Libraries\\src\\stm32f4xx_hal_uart.c 0x00000000   Number         0  stm32f4xx_hal_uart.o ABSOLUTE
    ..\\Libraries\\src\\stm32f4xx_hal_usart.c 0x00000000   Number         0  stm32f4xx_hal_usart.o ABSOLUTE
    ..\\Libraries\\src\\stm32f4xx_hal_wwdg.c 0x00000000   Number         0  stm32f4xx_hal_wwdg.o ABSOLUTE
    ..\\Libraries\\src\\stm32f4xx_it.c       0x00000000   Number         0  stm32f4xx_it.o ABSOLUTE
    ..\\Libraries\\src\\stm32f4xx_ll_fmc.c   0x00000000   Number         0  stm32f4xx_ll_fmc.o ABSOLUTE
    ..\\Libraries\\src\\stm32f4xx_ll_fsmc.c  0x00000000   Number         0  stm32f4xx_ll_fsmc.o ABSOLUTE
    ..\\Libraries\\src\\stm32f4xx_ll_sdmmc.c 0x00000000   Number         0  stm32f4xx_ll_sdmmc.o ABSOLUTE
    ..\\Libraries\\src\\stm32f4xx_ll_usb.c   0x00000000   Number         0  stm32f4xx_ll_usb.o ABSOLUTE
    ..\\Libraries\\src\\system_stm32f4xx.c   0x00000000   Number         0  system_stm32f4xx.o ABSOLUTE
    ..\\Sources\\Devices\\board_init.c       0x00000000   Number         0  board_init.o ABSOLUTE
    ..\\Sources\\Devices\\delay.c            0x00000000   Number         0  delay.o ABSOLUTE
    ..\\Sources\\Devices\\dev_I2C.c          0x00000000   Number         0  dev_i2c.o ABSOLUTE
    ..\\Sources\\Devices\\dev_can.c          0x00000000   Number         0  dev_can.o ABSOLUTE
    ..\\Sources\\Devices\\dev_oled.c         0x00000000   Number         0  dev_oled.o ABSOLUTE
    ..\\Sources\\Devices\\dev_usart.c        0x00000000   Number         0  dev_usart.o ABSOLUTE
    ..\\Sources\\Devices\\power_manage.c     0x00000000   Number         0  power_manage.o ABSOLUTE
    ..\\Sources\\Devices\\rtc.c              0x00000000   Number         0  rtc.o ABSOLUTE
    ..\\Sources\\Diagnosis\\recvhandle.c     0x00000000   Number         0  recvhandle.o ABSOLUTE
    ..\\Sources\\User\\main.c                0x00000000   Number         0  main.o ABSOLUTE
    dc.s                                     0x00000000   Number         0  dc.o ABSOLUTE
    RESET                                    0x08000000   Section      428  startup_stm32f429xx.o(RESET)
    !!!main                                  0x080001ac   Section        8  __main.o(!!!main)
    !!!scatter                               0x080001b4   Section       52  __scatter.o(!!!scatter)
    !!handler_copy                           0x080001e8   Section       26  __scatter_copy.o(!!handler_copy)
    !!handler_zi                             0x08000204   Section       28  __scatter_zi.o(!!handler_zi)
    .ARM.Collect$$_printf_percent$$00000000  0x08000220   Section        0  _printf_percent.o(.ARM.Collect$$_printf_percent$$00000000)
    .ARM.Collect$$_printf_percent$$00000017  0x08000220   Section        4  _printf_percent_end.o(.ARM.Collect$$_printf_percent$$00000017)
    .ARM.Collect$$libinit$$00000000          0x08000224   Section        2  libinit.o(.ARM.Collect$$libinit$$00000000)
    .ARM.Collect$$libinit$$00000001          0x08000226   Section        4  libinit2.o(.ARM.Collect$$libinit$$00000001)
    .ARM.Collect$$libinit$$00000004          0x0800022a   Section        0  libinit2.o(.ARM.Collect$$libinit$$00000004)
    .ARM.Collect$$libinit$$0000000A          0x0800022a   Section        0  libinit2.o(.ARM.Collect$$libinit$$0000000A)
    .ARM.Collect$$libinit$$0000000C          0x0800022a   Section        0  libinit2.o(.ARM.Collect$$libinit$$0000000C)
    .ARM.Collect$$libinit$$0000000E          0x0800022a   Section        0  libinit2.o(.ARM.Collect$$libinit$$0000000E)
    .ARM.Collect$$libinit$$00000011          0x0800022a   Section        0  libinit2.o(.ARM.Collect$$libinit$$00000011)
    .ARM.Collect$$libinit$$00000013          0x0800022a   Section        0  libinit2.o(.ARM.Collect$$libinit$$00000013)
    .ARM.Collect$$libinit$$00000015          0x0800022a   Section        0  libinit2.o(.ARM.Collect$$libinit$$00000015)
    .ARM.Collect$$libinit$$00000017          0x0800022a   Section        0  libinit2.o(.ARM.Collect$$libinit$$00000017)
    .ARM.Collect$$libinit$$00000019          0x0800022a   Section        0  libinit2.o(.ARM.Collect$$libinit$$00000019)
    .ARM.Collect$$libinit$$0000001B          0x0800022a   Section        0  libinit2.o(.ARM.Collect$$libinit$$0000001B)
    .ARM.Collect$$libinit$$0000001D          0x0800022a   Section        0  libinit2.o(.ARM.Collect$$libinit$$0000001D)
    .ARM.Collect$$libinit$$0000001F          0x0800022a   Section        0  libinit2.o(.ARM.Collect$$libinit$$0000001F)
    .ARM.Collect$$libinit$$00000021          0x0800022a   Section        0  libinit2.o(.ARM.Collect$$libinit$$00000021)
    .ARM.Collect$$libinit$$00000023          0x0800022a   Section        0  libinit2.o(.ARM.Collect$$libinit$$00000023)
    .ARM.Collect$$libinit$$00000025          0x0800022a   Section        0  libinit2.o(.ARM.Collect$$libinit$$00000025)
    .ARM.Collect$$libinit$$0000002C          0x0800022a   Section        0  libinit2.o(.ARM.Collect$$libinit$$0000002C)
    .ARM.Collect$$libinit$$0000002E          0x0800022a   Section        0  libinit2.o(.ARM.Collect$$libinit$$0000002E)
    .ARM.Collect$$libinit$$00000030          0x0800022a   Section        0  libinit2.o(.ARM.Collect$$libinit$$00000030)
    .ARM.Collect$$libinit$$00000032          0x0800022a   Section        0  libinit2.o(.ARM.Collect$$libinit$$00000032)
    .ARM.Collect$$libinit$$00000033          0x0800022a   Section        2  libinit2.o(.ARM.Collect$$libinit$$00000033)
    .ARM.Collect$$libshutdown$$00000000      0x0800022c   Section        2  libshutdown.o(.ARM.Collect$$libshutdown$$00000000)
    .ARM.Collect$$libshutdown$$00000002      0x0800022e   Section        0  libshutdown2.o(.ARM.Collect$$libshutdown$$00000002)
    .ARM.Collect$$libshutdown$$00000004      0x0800022e   Section        0  libshutdown2.o(.ARM.Collect$$libshutdown$$00000004)
    .ARM.Collect$$libshutdown$$00000007      0x0800022e   Section        0  libshutdown2.o(.ARM.Collect$$libshutdown$$00000007)
    .ARM.Collect$$libshutdown$$0000000A      0x0800022e   Section        0  libshutdown2.o(.ARM.Collect$$libshutdown$$0000000A)
    .ARM.Collect$$libshutdown$$0000000C      0x0800022e   Section        0  libshutdown2.o(.ARM.Collect$$libshutdown$$0000000C)
    .ARM.Collect$$libshutdown$$0000000F      0x0800022e   Section        0  libshutdown2.o(.ARM.Collect$$libshutdown$$0000000F)
    .ARM.Collect$$libshutdown$$00000010      0x0800022e   Section        2  libshutdown2.o(.ARM.Collect$$libshutdown$$00000010)
    .ARM.Collect$$rtentry$$00000000          0x08000230   Section        0  __rtentry.o(.ARM.Collect$$rtentry$$00000000)
    .ARM.Collect$$rtentry$$00000002          0x08000230   Section        0  __rtentry2.o(.ARM.Collect$$rtentry$$00000002)
    .ARM.Collect$$rtentry$$00000004          0x08000230   Section        6  __rtentry4.o(.ARM.Collect$$rtentry$$00000004)
    .ARM.Collect$$rtentry$$00000009          0x08000236   Section        0  __rtentry2.o(.ARM.Collect$$rtentry$$00000009)
    .ARM.Collect$$rtentry$$0000000A          0x08000236   Section        4  __rtentry2.o(.ARM.Collect$$rtentry$$0000000A)
    .ARM.Collect$$rtentry$$0000000C          0x0800023a   Section        0  __rtentry2.o(.ARM.Collect$$rtentry$$0000000C)
    .ARM.Collect$$rtentry$$0000000D          0x0800023a   Section        8  __rtentry2.o(.ARM.Collect$$rtentry$$0000000D)
    .ARM.Collect$$rtexit$$00000000           0x08000242   Section        2  rtexit.o(.ARM.Collect$$rtexit$$00000000)
    .ARM.Collect$$rtexit$$00000002           0x08000244   Section        0  rtexit2.o(.ARM.Collect$$rtexit$$00000002)
    .ARM.Collect$$rtexit$$00000003           0x08000244   Section        4  rtexit2.o(.ARM.Collect$$rtexit$$00000003)
    .ARM.Collect$$rtexit$$00000004           0x08000248   Section        6  rtexit2.o(.ARM.Collect$$rtexit$$00000004)
    .text                                    0x08000250   Section       64  startup_stm32f429xx.o(.text)
    $v0                                      0x08000250   Number         0  startup_stm32f429xx.o(.text)
    .text                                    0x08000290   Section        2  use_no_semi_2.o(.text)
    .text                                    0x08000294   Section        0  noretval__2printf.o(.text)
    .text                                    0x080002ac   Section        0  __printf.o(.text)
    .text                                    0x08000314   Section       78  rt_memclr_w.o(.text)
    .text                                    0x08000362   Section        0  heapauxi.o(.text)
    .text                                    0x08000368   Section        2  use_no_semi.o(.text)
    .text                                    0x0800036c   Section        0  _printf_char_file.o(.text)
    .text                                    0x08000390   Section        0  _printf_char_common.o(.text)
    _printf_input_char                       0x08000391   Thumb Code    10  _printf_char_common.o(.text)
    .text                                    0x080003c0   Section        0  ferror.o(.text)
    .text                                    0x080003c8   Section       74  sys_stackheap_outer.o(.text)
    .text                                    0x08000412   Section        0  exit.o(.text)
    .text                                    0x08000424   Section        8  libspace.o(.text)
    i.BusFault_Handler                       0x0800042c   Section        0  stm32f4xx_it.o(i.BusFault_Handler)
    i.DebugMon_Handler                       0x0800042e   Section        0  stm32f4xx_it.o(i.DebugMon_Handler)
    i.EXTI2_IRQHandler                       0x08000430   Section        0  power_manage.o(i.EXTI2_IRQHandler)
    i.HAL_DMA_Abort_IT                       0x08000436   Section        0  stm32f4xx_hal_dma.o(i.HAL_DMA_Abort_IT)
    i.HAL_GPIO_EXTI_Callback                 0x0800045c   Section        0  power_manage.o(i.HAL_GPIO_EXTI_Callback)
    i.HAL_GPIO_EXTI_IRQHandler               0x08000478   Section        0  stm32f4xx_hal_gpio.o(i.HAL_GPIO_EXTI_IRQHandler)
    i.HAL_GPIO_Init                          0x08000490   Section        0  stm32f4xx_hal_gpio.o(i.HAL_GPIO_Init)
    i.HAL_GPIO_ReadPin                       0x0800066c   Section        0  stm32f4xx_hal_gpio.o(i.HAL_GPIO_ReadPin)
    i.HAL_GPIO_WritePin                      0x08000676   Section        0  stm32f4xx_hal_gpio.o(i.HAL_GPIO_WritePin)
    i.HAL_GetTick                            0x08000680   Section        0  stm32f4xx_hal.o(i.HAL_GetTick)
    i.HAL_IncTick                            0x0800068c   Section        0  stm32f4xx_hal.o(i.HAL_IncTick)
    i.HAL_InitTick                           0x0800069c   Section        0  stm32f4xx_hal.o(i.HAL_InitTick)
    i.HAL_NVIC_SetPriority                   0x080006c4   Section        0  stm32f4xx_hal_cortex.o(i.HAL_NVIC_SetPriority)
    i.HAL_PWREx_EnableOverDrive              0x08000704   Section        0  stm32f4xx_hal_pwr_ex.o(i.HAL_PWREx_EnableOverDrive)
    i.HAL_RCC_ClockConfig                    0x0800078c   Section        0  stm32f4xx_hal_rcc.o(i.HAL_RCC_ClockConfig)
    i.HAL_RCC_GetSysClockFreq                0x08000900   Section        0  stm32f4xx_hal_rcc.o(i.HAL_RCC_GetSysClockFreq)
    i.HAL_RCC_OscConfig                      0x08000974   Section        0  stm32f4xx_hal_rcc.o(i.HAL_RCC_OscConfig)
    i.HAL_RTCEx_AlarmBEventCallback          0x08000c4c   Section        0  stm32f4xx_hal_rtc_ex.o(i.HAL_RTCEx_AlarmBEventCallback)
    i.HAL_RTCEx_WakeUpTimerEventCallback     0x08000c4e   Section        0  rtc.o(i.HAL_RTCEx_WakeUpTimerEventCallback)
    i.HAL_RTCEx_WakeUpTimerIRQHandler        0x08000c50   Section        0  stm32f4xx_hal_rtc_ex.o(i.HAL_RTCEx_WakeUpTimerIRQHandler)
    i.HAL_RTC_AlarmAEventCallback            0x08000c88   Section        0  rtc.o(i.HAL_RTC_AlarmAEventCallback)
    i.HAL_RTC_AlarmIRQHandler                0x08000c9c   Section        0  stm32f4xx_hal_rtc.o(i.HAL_RTC_AlarmIRQHandler)
    i.HAL_SYSTICK_CLKSourceConfig            0x08000cf8   Section        0  stm32f4xx_hal_cortex.o(i.HAL_SYSTICK_CLKSourceConfig)
    i.HAL_SYSTICK_Config                     0x08000d10   Section        0  stm32f4xx_hal_cortex.o(i.HAL_SYSTICK_Config)
    i.HAL_UART_ErrorCallback                 0x08000d38   Section        0  stm32f4xx_hal_uart.o(i.HAL_UART_ErrorCallback)
    i.HAL_UART_IRQHandler                    0x08000d3c   Section        0  stm32f4xx_hal_uart.o(i.HAL_UART_IRQHandler)
    i.HAL_UART_Receive                       0x08000e4c   Section        0  stm32f4xx_hal_uart.o(i.HAL_UART_Receive)
    i.HAL_UART_RxCpltCallback                0x08000f06   Section        0  stm32f4xx_hal_uart.o(i.HAL_UART_RxCpltCallback)
    i.HAL_UART_TxCpltCallback                0x08000f08   Section        0  stm32f4xx_hal_uart.o(i.HAL_UART_TxCpltCallback)
    i.HardFault_Handler                      0x08000f0a   Section        0  stm32f4xx_it.o(i.HardFault_Handler)
    i.IIC_Init                               0x08000f0c   Section        0  dev_i2c.o(i.IIC_Init)
    i.IIC_SCL_W                              0x08000f60   Section        0  dev_i2c.o(i.IIC_SCL_W)
    i.IIC_SDA_R                              0x08000f7c   Section        0  dev_i2c.o(i.IIC_SDA_R)
    i.IIC_SDA_W                              0x08000f88   Section        0  dev_i2c.o(i.IIC_SDA_W)
    i.IIC_Send_Byte                          0x08000fa4   Section        0  dev_i2c.o(i.IIC_Send_Byte)
    i.IIC_Start                              0x08000ff8   Section        0  dev_i2c.o(i.IIC_Start)
    i.IIC_Stop                               0x08001038   Section        0  dev_i2c.o(i.IIC_Stop)
    i.IIC_Wait_Ack                           0x08001078   Section        0  dev_i2c.o(i.IIC_Wait_Ack)
    i.MemManage_Handler                      0x080010c8   Section        0  stm32f4xx_it.o(i.MemManage_Handler)
    i.NMI_Handler                            0x080010ca   Section        0  stm32f4xx_it.o(i.NMI_Handler)
    i.NVIC_SetPriority                       0x080010cc   Section        0  stm32f4xx_hal_cortex.o(i.NVIC_SetPriority)
    NVIC_SetPriority                         0x080010cd   Thumb Code    32  stm32f4xx_hal_cortex.o(i.NVIC_SetPriority)
    i.OLED_CLS                               0x080010ec   Section        0  dev_oled.o(i.OLED_CLS)
    i.OLED_Fill                              0x080010f2   Section        0  dev_oled.o(i.OLED_Fill)
    i.OLED_Init                              0x08001128   Section        0  dev_oled.o(i.OLED_Init)
    i.OLED_SetPos                            0x080011e0   Section        0  dev_oled.o(i.OLED_SetPos)
    i.OLED_ShowStr                           0x08001208   Section        0  dev_oled.o(i.OLED_ShowStr)
    i.PendSV_Handler                         0x080012d8   Section        0  stm32f4xx_it.o(i.PendSV_Handler)
    i.RTC_Alarm_IRQHandler                   0x080012dc   Section        0  rtc.o(i.RTC_Alarm_IRQHandler)
    i.RTC_WKUP_IRQHandler                    0x080012e8   Section        0  rtc.o(i.RTC_WKUP_IRQHandler)
    i.SVC_Handler                            0x080012f4   Section        0  stm32f4xx_it.o(i.SVC_Handler)
    i.SysTick_Handler                        0x080012f6   Section        0  stm32f4xx_it.o(i.SysTick_Handler)
    i.SystemClock_Config                     0x080012fc   Section        0  board_init.o(i.SystemClock_Config)
    i.SystemInit                             0x08001380   Section        0  system_stm32f4xx.o(i.SystemInit)
    i.UART_DMAAbortOnError                   0x080013d4   Section        0  stm32f4xx_hal_uart.o(i.UART_DMAAbortOnError)
    UART_DMAAbortOnError                     0x080013d5   Thumb Code    16  stm32f4xx_hal_uart.o(i.UART_DMAAbortOnError)
    i.UART_EndRxTransfer                     0x080013e4   Section        0  stm32f4xx_hal_uart.o(i.UART_EndRxTransfer)
    UART_EndRxTransfer                       0x080013e5   Thumb Code    28  stm32f4xx_hal_uart.o(i.UART_EndRxTransfer)
    i.UART_Receive_IT                        0x08001400   Section        0  stm32f4xx_hal_uart.o(i.UART_Receive_IT)
    UART_Receive_IT                          0x08001401   Thumb Code   140  stm32f4xx_hal_uart.o(i.UART_Receive_IT)
    i.UART_Transmit_IT                       0x0800148c   Section        0  stm32f4xx_hal_uart.o(i.UART_Transmit_IT)
    UART_Transmit_IT                         0x0800148d   Thumb Code    98  stm32f4xx_hal_uart.o(i.UART_Transmit_IT)
    i.UART_WaitOnFlagUntilTimeout            0x080014ee   Section        0  stm32f4xx_hal_uart.o(i.UART_WaitOnFlagUntilTimeout)
    UART_WaitOnFlagUntilTimeout              0x080014ef   Thumb Code    98  stm32f4xx_hal_uart.o(i.UART_WaitOnFlagUntilTimeout)
    i.USART1_IRQHandler                      0x08001550   Section        0  dev_usart.o(i.USART1_IRQHandler)
    i.UsageFault_Handler                     0x080015bc   Section        0  stm32f4xx_it.o(i.UsageFault_Handler)
    i.WriteCmd                               0x080015be   Section        0  dev_oled.o(i.WriteCmd)
    i.WriteDat                               0x080015ec   Section        0  dev_oled.o(i.WriteDat)
    i._sys_exit                              0x0800161a   Section        0  dev_usart.o(i._sys_exit)
    i.delay_init                             0x0800161c   Section        0  delay.o(i.delay_init)
    i.delay_ms                               0x08001630   Section        0  delay.o(i.delay_ms)
    i.delay_us                               0x0800164c   Section        0  delay.o(i.delay_us)
    i.fputc                                  0x08001680   Section        0  dev_usart.o(i.fputc)
    i.main                                   0x08001694   Section        0  main.o(i.main)
    x$fpl$fpinit                             0x08001700   Section       10  fpinit.o(x$fpl$fpinit)
    $v0                                      0x08001700   Number         0  fpinit.o(x$fpl$fpinit)
    .constdata                               0x0800170a   Section       16  stm32f4xx_hal_rcc.o(.constdata)
    .constdata                               0x0800171a   Section     2072  dev_oled.o(.constdata)
    .data                                    0x20000000   Section        4  stm32f4xx_hal.o(.data)
    .data                                    0x20000004   Section        4  system_stm32f4xx.o(.data)
    .data                                    0x20000008   Section        4  delay.o(.data)
    fac_us                                   0x20000008   Data           4  delay.o(.data)
    .data                                    0x2000000c   Section        1  power_manage.o(.data)
    .data                                    0x2000000e   Section        2  dev_usart.o(.data)
    .data                                    0x20000010   Section        4  dev_usart.o(.data)
    .bss                                     0x20000014   Section       32  rtc.o(.bss)
    .bss                                     0x20000034   Section      264  dev_usart.o(.bss)
    .bss                                     0x2000013c   Section       96  libspace.o(.bss)
    HEAP                                     0x200001a0   Section      512  startup_stm32f429xx.o(HEAP)
    Heap_Mem                                 0x200001a0   Data         512  startup_stm32f429xx.o(HEAP)
    STACK                                    0x200003a0   Section     1024  startup_stm32f429xx.o(STACK)
    Stack_Mem                                0x200003a0   Data        1024  startup_stm32f429xx.o(STACK)
    __initial_sp                             0x200007a0   Data           0  startup_stm32f429xx.o(STACK)

    Global Symbols

    Symbol Name                              Value     Ov Type        Size  Object(Section)

    BuildAttributes$$THM_ISAv4$E$P$D$K$B$S$7EM$VFPi3$EXTD16$VFPS$VFMA$PE$A:L22UL41UL21$X:L11$S22US41US21$IEEE1$IW$USESV6$~STKCKD$USESV7$~SHL$OSPACE$ROPI$EBA8$UX$STANDARDLIB$REQ8$PRES8$EABIv2 0x00000000   Number         0  anon$$obj.o ABSOLUTE
    __ARM_use_no_argv                        0x00000000   Number         0  main.o ABSOLUTE
    __ARM_exceptions_init                     - Undefined Weak Reference
    __alloca_initialize                       - Undefined Weak Reference
    __arm_preinit_                            - Undefined Weak Reference
    __cpp_initialize__aeabi_                  - Undefined Weak Reference
    __cxa_finalize                            - Undefined Weak Reference
    __rt_locale                               - Undefined Weak Reference
    __sigvec_lookup                           - Undefined Weak Reference
    _atexit_init                              - Undefined Weak Reference
    _call_atexit_fns                          - Undefined Weak Reference
    _clock_init                               - Undefined Weak Reference
    _fp_trap_init                             - Undefined Weak Reference
    _fp_trap_shutdown                         - Undefined Weak Reference
    _get_lc_collate                           - Undefined Weak Reference
    _get_lc_ctype                             - Undefined Weak Reference
    _get_lc_monetary                          - Undefined Weak Reference
    _get_lc_numeric                           - Undefined Weak Reference
    _get_lc_time                              - Undefined Weak Reference
    _getenv_init                              - Undefined Weak Reference
    _handle_redirection                       - Undefined Weak Reference
    _init_alloc                               - Undefined Weak Reference
    _init_user_alloc                          - Undefined Weak Reference
    _initio                                   - Undefined Weak Reference
    _mutex_acquire                            - Undefined Weak Reference
    _mutex_release                            - Undefined Weak Reference
    _printf_post_padding                      - Undefined Weak Reference
    _printf_pre_padding                       - Undefined Weak Reference
    _printf_truncate_signed                   - Undefined Weak Reference
    _printf_truncate_unsigned                 - Undefined Weak Reference
    _rand_init                                - Undefined Weak Reference
    _signal_finish                            - Undefined Weak Reference
    _signal_init                              - Undefined Weak Reference
    _terminate_alloc                          - Undefined Weak Reference
    _terminate_user_alloc                     - Undefined Weak Reference
    _terminateio                              - Undefined Weak Reference
    __Vectors_Size                           0x000001ac   Number         0  startup_stm32f429xx.o ABSOLUTE
    __Vectors                                0x08000000   Data           4  startup_stm32f429xx.o(RESET)
    __Vectors_End                            0x080001ac   Data           0  startup_stm32f429xx.o(RESET)
    __main                                   0x080001ad   Thumb Code     8  __main.o(!!!main)
    __scatterload                            0x080001b5   Thumb Code     0  __scatter.o(!!!scatter)
    __scatterload_rt2                        0x080001b5   Thumb Code    44  __scatter.o(!!!scatter)
    __scatterload_rt2_thumb_only             0x080001b5   Thumb Code     0  __scatter.o(!!!scatter)
    __scatterload_null                       0x080001c3   Thumb Code     0  __scatter.o(!!!scatter)
    __scatterload_copy                       0x080001e9   Thumb Code    26  __scatter_copy.o(!!handler_copy)
    __scatterload_zeroinit                   0x08000205   Thumb Code    28  __scatter_zi.o(!!handler_zi)
    _printf_percent                          0x08000221   Thumb Code     0  _printf_percent.o(.ARM.Collect$$_printf_percent$$00000000)
    _printf_percent_end                      0x08000221   Thumb Code     0  _printf_percent_end.o(.ARM.Collect$$_printf_percent$$00000017)
    __rt_lib_init                            0x08000225   Thumb Code     0  libinit.o(.ARM.Collect$$libinit$$00000000)
    __rt_lib_init_fp_1                       0x08000227   Thumb Code     0  libinit2.o(.ARM.Collect$$libinit$$00000001)
    __rt_lib_init_alloca_1                   0x0800022b   Thumb Code     0  libinit2.o(.ARM.Collect$$libinit$$0000002E)
    __rt_lib_init_argv_1                     0x0800022b   Thumb Code     0  libinit2.o(.ARM.Collect$$libinit$$0000002C)
    __rt_lib_init_atexit_1                   0x0800022b   Thumb Code     0  libinit2.o(.ARM.Collect$$libinit$$0000001B)
    __rt_lib_init_clock_1                    0x0800022b   Thumb Code     0  libinit2.o(.ARM.Collect$$libinit$$00000021)
    __rt_lib_init_cpp_1                      0x0800022b   Thumb Code     0  libinit2.o(.ARM.Collect$$libinit$$00000032)
    __rt_lib_init_exceptions_1               0x0800022b   Thumb Code     0  libinit2.o(.ARM.Collect$$libinit$$00000030)
    __rt_lib_init_fp_trap_1                  0x0800022b   Thumb Code     0  libinit2.o(.ARM.Collect$$libinit$$0000001F)
    __rt_lib_init_getenv_1                   0x0800022b   Thumb Code     0  libinit2.o(.ARM.Collect$$libinit$$00000023)
    __rt_lib_init_heap_1                     0x0800022b   Thumb Code     0  libinit2.o(.ARM.Collect$$libinit$$0000000A)
    __rt_lib_init_lc_collate_1               0x0800022b   Thumb Code     0  libinit2.o(.ARM.Collect$$libinit$$00000011)
    __rt_lib_init_lc_ctype_1                 0x0800022b   Thumb Code     0  libinit2.o(.ARM.Collect$$libinit$$00000013)
    __rt_lib_init_lc_monetary_1              0x0800022b   Thumb Code     0  libinit2.o(.ARM.Collect$$libinit$$00000015)
    __rt_lib_init_lc_numeric_1               0x0800022b   Thumb Code     0  libinit2.o(.ARM.Collect$$libinit$$00000017)
    __rt_lib_init_lc_time_1                  0x0800022b   Thumb Code     0  libinit2.o(.ARM.Collect$$libinit$$00000019)
    __rt_lib_init_preinit_1                  0x0800022b   Thumb Code     0  libinit2.o(.ARM.Collect$$libinit$$00000004)
    __rt_lib_init_rand_1                     0x0800022b   Thumb Code     0  libinit2.o(.ARM.Collect$$libinit$$0000000E)
    __rt_lib_init_return                     0x0800022b   Thumb Code     0  libinit2.o(.ARM.Collect$$libinit$$00000033)
    __rt_lib_init_signal_1                   0x0800022b   Thumb Code     0  libinit2.o(.ARM.Collect$$libinit$$0000001D)
    __rt_lib_init_stdio_1                    0x0800022b   Thumb Code     0  libinit2.o(.ARM.Collect$$libinit$$00000025)
    __rt_lib_init_user_alloc_1               0x0800022b   Thumb Code     0  libinit2.o(.ARM.Collect$$libinit$$0000000C)
    __rt_lib_shutdown                        0x0800022d   Thumb Code     0  libshutdown.o(.ARM.Collect$$libshutdown$$00000000)
    __rt_lib_shutdown_cpp_1                  0x0800022f   Thumb Code     0  libshutdown2.o(.ARM.Collect$$libshutdown$$00000002)
    __rt_lib_shutdown_fp_trap_1              0x0800022f   Thumb Code     0  libshutdown2.o(.ARM.Collect$$libshutdown$$00000007)
    __rt_lib_shutdown_heap_1                 0x0800022f   Thumb Code     0  libshutdown2.o(.ARM.Collect$$libshutdown$$0000000F)
    __rt_lib_shutdown_return                 0x0800022f   Thumb Code     0  libshutdown2.o(.ARM.Collect$$libshutdown$$00000010)
    __rt_lib_shutdown_signal_1               0x0800022f   Thumb Code     0  libshutdown2.o(.ARM.Collect$$libshutdown$$0000000A)
    __rt_lib_shutdown_stdio_1                0x0800022f   Thumb Code     0  libshutdown2.o(.ARM.Collect$$libshutdown$$00000004)
    __rt_lib_shutdown_user_alloc_1           0x0800022f   Thumb Code     0  libshutdown2.o(.ARM.Collect$$libshutdown$$0000000C)
    __rt_entry                               0x08000231   Thumb Code     0  __rtentry.o(.ARM.Collect$$rtentry$$00000000)
    __rt_entry_presh_1                       0x08000231   Thumb Code     0  __rtentry2.o(.ARM.Collect$$rtentry$$00000002)
    __rt_entry_sh                            0x08000231   Thumb Code     0  __rtentry4.o(.ARM.Collect$$rtentry$$00000004)
    __rt_entry_li                            0x08000237   Thumb Code     0  __rtentry2.o(.ARM.Collect$$rtentry$$0000000A)
    __rt_entry_postsh_1                      0x08000237   Thumb Code     0  __rtentry2.o(.ARM.Collect$$rtentry$$00000009)
    __rt_entry_main                          0x0800023b   Thumb Code     0  __rtentry2.o(.ARM.Collect$$rtentry$$0000000D)
    __rt_entry_postli_1                      0x0800023b   Thumb Code     0  __rtentry2.o(.ARM.Collect$$rtentry$$0000000C)
    __rt_exit                                0x08000243   Thumb Code     0  rtexit.o(.ARM.Collect$$rtexit$$00000000)
    __rt_exit_ls                             0x08000245   Thumb Code     0  rtexit2.o(.ARM.Collect$$rtexit$$00000003)
    __rt_exit_prels_1                        0x08000245   Thumb Code     0  rtexit2.o(.ARM.Collect$$rtexit$$00000002)
    __rt_exit_exit                           0x08000249   Thumb Code     0  rtexit2.o(.ARM.Collect$$rtexit$$00000004)
    Reset_Handler                            0x08000251   Thumb Code     8  startup_stm32f429xx.o(.text)
    ADC_IRQHandler                           0x0800026b   Thumb Code     0  startup_stm32f429xx.o(.text)
    CAN1_RX0_IRQHandler                      0x0800026b   Thumb Code     0  startup_stm32f429xx.o(.text)
    CAN1_RX1_IRQHandler                      0x0800026b   Thumb Code     0  startup_stm32f429xx.o(.text)
    CAN1_SCE_IRQHandler                      0x0800026b   Thumb Code     0  startup_stm32f429xx.o(.text)
    CAN1_TX_IRQHandler                       0x0800026b   Thumb Code     0  startup_stm32f429xx.o(.text)
    CAN2_RX0_IRQHandler                      0x0800026b   Thumb Code     0  startup_stm32f429xx.o(.text)
    CAN2_RX1_IRQHandler                      0x0800026b   Thumb Code     0  startup_stm32f429xx.o(.text)
    CAN2_SCE_IRQHandler                      0x0800026b   Thumb Code     0  startup_stm32f429xx.o(.text)
    CAN2_TX_IRQHandler                       0x0800026b   Thumb Code     0  startup_stm32f429xx.o(.text)
    DCMI_IRQHandler                          0x0800026b   Thumb Code     0  startup_stm32f429xx.o(.text)
    DMA1_Stream0_IRQHandler                  0x0800026b   Thumb Code     0  startup_stm32f429xx.o(.text)
    DMA1_Stream1_IRQHandler                  0x0800026b   Thumb Code     0  startup_stm32f429xx.o(.text)
    DMA1_Stream2_IRQHandler                  0x0800026b   Thumb Code     0  startup_stm32f429xx.o(.text)
    DMA1_Stream3_IRQHandler                  0x0800026b   Thumb Code     0  startup_stm32f429xx.o(.text)
    DMA1_Stream4_IRQHandler                  0x0800026b   Thumb Code     0  startup_stm32f429xx.o(.text)
    DMA1_Stream5_IRQHandler                  0x0800026b   Thumb Code     0  startup_stm32f429xx.o(.text)
    DMA1_Stream6_IRQHandler                  0x0800026b   Thumb Code     0  startup_stm32f429xx.o(.text)
    DMA1_Stream7_IRQHandler                  0x0800026b   Thumb Code     0  startup_stm32f429xx.o(.text)
    DMA2D_IRQHandler                         0x0800026b   Thumb Code     0  startup_stm32f429xx.o(.text)
    DMA2_Stream0_IRQHandler                  0x0800026b   Thumb Code     0  startup_stm32f429xx.o(.text)
    DMA2_Stream1_IRQHandler                  0x0800026b   Thumb Code     0  startup_stm32f429xx.o(.text)
    DMA2_Stream2_IRQHandler                  0x0800026b   Thumb Code     0  startup_stm32f429xx.o(.text)
    DMA2_Stream3_IRQHandler                  0x0800026b   Thumb Code     0  startup_stm32f429xx.o(.text)
    DMA2_Stream4_IRQHandler                  0x0800026b   Thumb Code     0  startup_stm32f429xx.o(.text)
    DMA2_Stream5_IRQHandler                  0x0800026b   Thumb Code     0  startup_stm32f429xx.o(.text)
    DMA2_Stream6_IRQHandler                  0x0800026b   Thumb Code     0  startup_stm32f429xx.o(.text)
    DMA2_Stream7_IRQHandler                  0x0800026b   Thumb Code     0  startup_stm32f429xx.o(.text)
    ETH_IRQHandler                           0x0800026b   Thumb Code     0  startup_stm32f429xx.o(.text)
    ETH_WKUP_IRQHandler                      0x0800026b   Thumb Code     0  startup_stm32f429xx.o(.text)
    EXTI0_IRQHandler                         0x0800026b   Thumb Code     0  startup_stm32f429xx.o(.text)
    EXTI15_10_IRQHandler                     0x0800026b   Thumb Code     0  startup_stm32f429xx.o(.text)
    EXTI1_IRQHandler                         0x0800026b   Thumb Code     0  startup_stm32f429xx.o(.text)
    EXTI3_IRQHandler                         0x0800026b   Thumb Code     0  startup_stm32f429xx.o(.text)
    EXTI4_IRQHandler                         0x0800026b   Thumb Code     0  startup_stm32f429xx.o(.text)
    EXTI9_5_IRQHandler                       0x0800026b   Thumb Code     0  startup_stm32f429xx.o(.text)
    FLASH_IRQHandler                         0x0800026b   Thumb Code     0  startup_stm32f429xx.o(.text)
    FMC_IRQHandler                           0x0800026b   Thumb Code     0  startup_stm32f429xx.o(.text)
    FPU_IRQHandler                           0x0800026b   Thumb Code     0  startup_stm32f429xx.o(.text)
    HASH_RNG_IRQHandler                      0x0800026b   Thumb Code     0  startup_stm32f429xx.o(.text)
    I2C1_ER_IRQHandler                       0x0800026b   Thumb Code     0  startup_stm32f429xx.o(.text)
    I2C1_EV_IRQHandler                       0x0800026b   Thumb Code     0  startup_stm32f429xx.o(.text)
    I2C2_ER_IRQHandler                       0x0800026b   Thumb Code     0  startup_stm32f429xx.o(.text)
    I2C2_EV_IRQHandler                       0x0800026b   Thumb Code     0  startup_stm32f429xx.o(.text)
    I2C3_ER_IRQHandler                       0x0800026b   Thumb Code     0  startup_stm32f429xx.o(.text)
    I2C3_EV_IRQHandler                       0x0800026b   Thumb Code     0  startup_stm32f429xx.o(.text)
    LTDC_ER_IRQHandler                       0x0800026b   Thumb Code     0  startup_stm32f429xx.o(.text)
    LTDC_IRQHandler                          0x0800026b   Thumb Code     0  startup_stm32f429xx.o(.text)
    OTG_FS_IRQHandler                        0x0800026b   Thumb Code     0  startup_stm32f429xx.o(.text)
    OTG_FS_WKUP_IRQHandler                   0x0800026b   Thumb Code     0  startup_stm32f429xx.o(.text)
    OTG_HS_EP1_IN_IRQHandler                 0x0800026b   Thumb Code     0  startup_stm32f429xx.o(.text)
    OTG_HS_EP1_OUT_IRQHandler                0x0800026b   Thumb Code     0  startup_stm32f429xx.o(.text)
    OTG_HS_IRQHandler                        0x0800026b   Thumb Code     0  startup_stm32f429xx.o(.text)
    OTG_HS_WKUP_IRQHandler                   0x0800026b   Thumb Code     0  startup_stm32f429xx.o(.text)
    PVD_IRQHandler                           0x0800026b   Thumb Code     0  startup_stm32f429xx.o(.text)
    RCC_IRQHandler                           0x0800026b   Thumb Code     0  startup_stm32f429xx.o(.text)
    SAI1_IRQHandler                          0x0800026b   Thumb Code     0  startup_stm32f429xx.o(.text)
    SDIO_IRQHandler                          0x0800026b   Thumb Code     0  startup_stm32f429xx.o(.text)
    SPI1_IRQHandler                          0x0800026b   Thumb Code     0  startup_stm32f429xx.o(.text)
    SPI2_IRQHandler                          0x0800026b   Thumb Code     0  startup_stm32f429xx.o(.text)
    SPI3_IRQHandler                          0x0800026b   Thumb Code     0  startup_stm32f429xx.o(.text)
    SPI4_IRQHandler                          0x0800026b   Thumb Code     0  startup_stm32f429xx.o(.text)
    SPI5_IRQHandler                          0x0800026b   Thumb Code     0  startup_stm32f429xx.o(.text)
    SPI6_IRQHandler                          0x0800026b   Thumb Code     0  startup_stm32f429xx.o(.text)
    TAMP_STAMP_IRQHandler                    0x0800026b   Thumb Code     0  startup_stm32f429xx.o(.text)
    TIM1_BRK_TIM9_IRQHandler                 0x0800026b   Thumb Code     0  startup_stm32f429xx.o(.text)
    TIM1_CC_IRQHandler                       0x0800026b   Thumb Code     0  startup_stm32f429xx.o(.text)
    TIM1_TRG_COM_TIM11_IRQHandler            0x0800026b   Thumb Code     0  startup_stm32f429xx.o(.text)
    TIM1_UP_TIM10_IRQHandler                 0x0800026b   Thumb Code     0  startup_stm32f429xx.o(.text)
    TIM2_IRQHandler                          0x0800026b   Thumb Code     0  startup_stm32f429xx.o(.text)
    TIM3_IRQHandler                          0x0800026b   Thumb Code     0  startup_stm32f429xx.o(.text)
    TIM4_IRQHandler                          0x0800026b   Thumb Code     0  startup_stm32f429xx.o(.text)
    TIM5_IRQHandler                          0x0800026b   Thumb Code     0  startup_stm32f429xx.o(.text)
    TIM6_DAC_IRQHandler                      0x0800026b   Thumb Code     0  startup_stm32f429xx.o(.text)
    TIM7_IRQHandler                          0x0800026b   Thumb Code     0  startup_stm32f429xx.o(.text)
    TIM8_BRK_TIM12_IRQHandler                0x0800026b   Thumb Code     0  startup_stm32f429xx.o(.text)
    TIM8_CC_IRQHandler                       0x0800026b   Thumb Code     0  startup_stm32f429xx.o(.text)
    TIM8_TRG_COM_TIM14_IRQHandler            0x0800026b   Thumb Code     0  startup_stm32f429xx.o(.text)
    TIM8_UP_TIM13_IRQHandler                 0x0800026b   Thumb Code     0  startup_stm32f429xx.o(.text)
    UART4_IRQHandler                         0x0800026b   Thumb Code     0  startup_stm32f429xx.o(.text)
    UART5_IRQHandler                         0x0800026b   Thumb Code     0  startup_stm32f429xx.o(.text)
    UART7_IRQHandler                         0x0800026b   Thumb Code     0  startup_stm32f429xx.o(.text)
    UART8_IRQHandler                         0x0800026b   Thumb Code     0  startup_stm32f429xx.o(.text)
    USART2_IRQHandler                        0x0800026b   Thumb Code     0  startup_stm32f429xx.o(.text)
    USART3_IRQHandler                        0x0800026b   Thumb Code     0  startup_stm32f429xx.o(.text)
    USART6_IRQHandler                        0x0800026b   Thumb Code     0  startup_stm32f429xx.o(.text)
    WWDG_IRQHandler                          0x0800026b   Thumb Code     0  startup_stm32f429xx.o(.text)
    __user_initial_stackheap                 0x0800026d   Thumb Code     0  startup_stm32f429xx.o(.text)
    __use_no_semihosting                     0x08000291   Thumb Code     2  use_no_semi_2.o(.text)
    __2printf                                0x08000295   Thumb Code    20  noretval__2printf.o(.text)
    __printf                                 0x080002ad   Thumb Code   104  __printf.o(.text)
    __aeabi_memclr4                          0x08000315   Thumb Code     0  rt_memclr_w.o(.text)
    __aeabi_memclr8                          0x08000315   Thumb Code     0  rt_memclr_w.o(.text)
    __rt_memclr_w                            0x08000315   Thumb Code    78  rt_memclr_w.o(.text)
    _memset_w                                0x08000319   Thumb Code     0  rt_memclr_w.o(.text)
    __use_two_region_memory                  0x08000363   Thumb Code     2  heapauxi.o(.text)
    __rt_heap_escrow$2region                 0x08000365   Thumb Code     2  heapauxi.o(.text)
    __rt_heap_expand$2region                 0x08000367   Thumb Code     2  heapauxi.o(.text)
    __I$use$semihosting                      0x08000369   Thumb Code     0  use_no_semi.o(.text)
    __use_no_semihosting_swi                 0x08000369   Thumb Code     2  use_no_semi.o(.text)
    _printf_char_file                        0x0800036d   Thumb Code    32  _printf_char_file.o(.text)
    _printf_char_common                      0x0800039b   Thumb Code    32  _printf_char_common.o(.text)
    ferror                                   0x080003c1   Thumb Code     8  ferror.o(.text)
    __user_setup_stackheap                   0x080003c9   Thumb Code    74  sys_stackheap_outer.o(.text)
    exit                                     0x08000413   Thumb Code    18  exit.o(.text)
    __user_libspace                          0x08000425   Thumb Code     8  libspace.o(.text)
    __user_perproc_libspace                  0x08000425   Thumb Code     0  libspace.o(.text)
    __user_perthread_libspace                0x08000425   Thumb Code     0  libspace.o(.text)
    BusFault_Handler                         0x0800042d   Thumb Code     2  stm32f4xx_it.o(i.BusFault_Handler)
    DebugMon_Handler                         0x0800042f   Thumb Code     2  stm32f4xx_it.o(i.DebugMon_Handler)
    EXTI2_IRQHandler                         0x08000431   Thumb Code     6  power_manage.o(i.EXTI2_IRQHandler)
    HAL_DMA_Abort_IT                         0x08000437   Thumb Code    36  stm32f4xx_hal_dma.o(i.HAL_DMA_Abort_IT)
    HAL_GPIO_EXTI_Callback                   0x0800045d   Thumb Code    24  power_manage.o(i.HAL_GPIO_EXTI_Callback)
    HAL_GPIO_EXTI_IRQHandler                 0x08000479   Thumb Code    18  stm32f4xx_hal_gpio.o(i.HAL_GPIO_EXTI_IRQHandler)
    HAL_GPIO_Init                            0x08000491   Thumb Code   422  stm32f4xx_hal_gpio.o(i.HAL_GPIO_Init)
    HAL_GPIO_ReadPin                         0x0800066d   Thumb Code    10  stm32f4xx_hal_gpio.o(i.HAL_GPIO_ReadPin)
    HAL_GPIO_WritePin                        0x08000677   Thumb Code    10  stm32f4xx_hal_gpio.o(i.HAL_GPIO_WritePin)
    HAL_GetTick                              0x08000681   Thumb Code     6  stm32f4xx_hal.o(i.HAL_GetTick)
    HAL_IncTick                              0x0800068d   Thumb Code    10  stm32f4xx_hal.o(i.HAL_IncTick)
    HAL_InitTick                             0x0800069d   Thumb Code    34  stm32f4xx_hal.o(i.HAL_InitTick)
    HAL_NVIC_SetPriority                     0x080006c5   Thumb Code    60  stm32f4xx_hal_cortex.o(i.HAL_NVIC_SetPriority)
    HAL_PWREx_EnableOverDrive                0x08000705   Thumb Code   122  stm32f4xx_hal_pwr_ex.o(i.HAL_PWREx_EnableOverDrive)
    HAL_RCC_ClockConfig                      0x0800078d   Thumb Code   356  stm32f4xx_hal_rcc.o(i.HAL_RCC_ClockConfig)
    HAL_RCC_GetSysClockFreq                  0x08000901   Thumb Code   104  stm32f4xx_hal_rcc.o(i.HAL_RCC_GetSysClockFreq)
    HAL_RCC_OscConfig                        0x08000975   Thumb Code   706  stm32f4xx_hal_rcc.o(i.HAL_RCC_OscConfig)
    HAL_RTCEx_AlarmBEventCallback            0x08000c4d   Thumb Code     2  stm32f4xx_hal_rtc_ex.o(i.HAL_RTCEx_AlarmBEventCallback)
    HAL_RTCEx_WakeUpTimerEventCallback       0x08000c4f   Thumb Code     2  rtc.o(i.HAL_RTCEx_WakeUpTimerEventCallback)
    HAL_RTCEx_WakeUpTimerIRQHandler          0x08000c51   Thumb Code    52  stm32f4xx_hal_rtc_ex.o(i.HAL_RTCEx_WakeUpTimerIRQHandler)
    HAL_RTC_AlarmAEventCallback              0x08000c89   Thumb Code     6  rtc.o(i.HAL_RTC_AlarmAEventCallback)
    HAL_RTC_AlarmIRQHandler                  0x08000c9d   Thumb Code    86  stm32f4xx_hal_rtc.o(i.HAL_RTC_AlarmIRQHandler)
    HAL_SYSTICK_CLKSourceConfig              0x08000cf9   Thumb Code    24  stm32f4xx_hal_cortex.o(i.HAL_SYSTICK_CLKSourceConfig)
    HAL_SYSTICK_Config                       0x08000d11   Thumb Code    40  stm32f4xx_hal_cortex.o(i.HAL_SYSTICK_Config)
    HAL_UART_ErrorCallback                   0x08000d39   Thumb Code     2  stm32f4xx_hal_uart.o(i.HAL_UART_ErrorCallback)
    HAL_UART_IRQHandler                      0x08000d3d   Thumb Code   266  stm32f4xx_hal_uart.o(i.HAL_UART_IRQHandler)
    HAL_UART_Receive                         0x08000e4d   Thumb Code   186  stm32f4xx_hal_uart.o(i.HAL_UART_Receive)
    HAL_UART_RxCpltCallback                  0x08000f07   Thumb Code     2  stm32f4xx_hal_uart.o(i.HAL_UART_RxCpltCallback)
    HAL_UART_TxCpltCallback                  0x08000f09   Thumb Code     2  stm32f4xx_hal_uart.o(i.HAL_UART_TxCpltCallback)
    HardFault_Handler                        0x08000f0b   Thumb Code     2  stm32f4xx_it.o(i.HardFault_Handler)
    IIC_Init                                 0x08000f0d   Thumb Code    74  dev_i2c.o(i.IIC_Init)
    IIC_SCL_W                                0x08000f61   Thumb Code    24  dev_i2c.o(i.IIC_SCL_W)
    IIC_SDA_R                                0x08000f7d   Thumb Code     8  dev_i2c.o(i.IIC_SDA_R)
    IIC_SDA_W                                0x08000f89   Thumb Code    24  dev_i2c.o(i.IIC_SDA_W)
    IIC_Send_Byte                            0x08000fa5   Thumb Code    80  dev_i2c.o(i.IIC_Send_Byte)
    IIC_Start                                0x08000ff9   Thumb Code    60  dev_i2c.o(i.IIC_Start)
    IIC_Stop                                 0x08001039   Thumb Code    60  dev_i2c.o(i.IIC_Stop)
    IIC_Wait_Ack                             0x08001079   Thumb Code    76  dev_i2c.o(i.IIC_Wait_Ack)
    MemManage_Handler                        0x080010c9   Thumb Code     2  stm32f4xx_it.o(i.MemManage_Handler)
    NMI_Handler                              0x080010cb   Thumb Code     2  stm32f4xx_it.o(i.NMI_Handler)
    OLED_CLS                                 0x080010ed   Thumb Code     6  dev_oled.o(i.OLED_CLS)
    OLED_Fill                                0x080010f3   Thumb Code    54  dev_oled.o(i.OLED_Fill)
    OLED_Init                                0x08001129   Thumb Code   184  dev_oled.o(i.OLED_Init)
    OLED_SetPos                              0x080011e1   Thumb Code    38  dev_oled.o(i.OLED_SetPos)
    OLED_ShowStr                             0x08001209   Thumb Code   200  dev_oled.o(i.OLED_ShowStr)
    PendSV_Handler                           0x080012d9   Thumb Code     2  stm32f4xx_it.o(i.PendSV_Handler)
    RTC_Alarm_IRQHandler                     0x080012dd   Thumb Code     6  rtc.o(i.RTC_Alarm_IRQHandler)
    RTC_WKUP_IRQHandler                      0x080012e9   Thumb Code     6  rtc.o(i.RTC_WKUP_IRQHandler)
    SVC_Handler                              0x080012f5   Thumb Code     2  stm32f4xx_it.o(i.SVC_Handler)
    SysTick_Handler                          0x080012f7   Thumb Code     4  stm32f4xx_it.o(i.SysTick_Handler)
    SystemClock_Config                       0x080012fd   Thumb Code   124  board_init.o(i.SystemClock_Config)
    SystemInit                               0x08001381   Thumb Code    66  system_stm32f4xx.o(i.SystemInit)
    USART1_IRQHandler                        0x08001551   Thumb Code   100  dev_usart.o(i.USART1_IRQHandler)
    UsageFault_Handler                       0x080015bd   Thumb Code     2  stm32f4xx_it.o(i.UsageFault_Handler)
    WriteCmd                                 0x080015bf   Thumb Code    46  dev_oled.o(i.WriteCmd)
    WriteDat                                 0x080015ed   Thumb Code    46  dev_oled.o(i.WriteDat)
    _sys_exit                                0x0800161b   Thumb Code     2  dev_usart.o(i._sys_exit)
    delay_init                               0x0800161d   Thumb Code    16  delay.o(i.delay_init)
    delay_ms                                 0x08001631   Thumb Code    26  delay.o(i.delay_ms)
    delay_us                                 0x0800164d   Thumb Code    48  delay.o(i.delay_us)
    fputc                                    0x08001681   Thumb Code    14  dev_usart.o(i.fputc)
    main                                     0x08001695   Thumb Code    80  main.o(i.main)
    _fp_init                                 0x08001701   Thumb Code    10  fpinit.o(x$fpl$fpinit)
    __fplib_config_fpu_vfp                   0x08001709   Thumb Code     0  fpinit.o(x$fpl$fpinit)
    __fplib_config_pureend_doubles           0x08001709   Thumb Code     0  fpinit.o(x$fpl$fpinit)
    APBAHBPrescTable                         0x0800170a   Data          16  stm32f4xx_hal_rcc.o(.constdata)
    F6x8                                     0x0800171a   Data         552  dev_oled.o(.constdata)
    F8X16                                    0x08001942   Data        1520  dev_oled.o(.constdata)
    Region$$Table$$Base                      0x08001f34   Number         0  anon$$obj.o(Region$$Table)
    Region$$Table$$Limit                     0x08001f54   Number         0  anon$$obj.o(Region$$Table)
    uwTick                                   0x20000000   Data           4  stm32f4xx_hal.o(.data)
    SystemCoreClock                          0x20000004   Data           4  system_stm32f4xx.o(.data)
    wake_flag                                0x2000000c   Data           1  power_manage.o(.data)
    USART_RX_STA                             0x2000000e   Data           2  dev_usart.o(.data)
    __stdout                                 0x20000010   Data           4  dev_usart.o(.data)
    RTC_Handler                              0x20000014   Data          32  rtc.o(.bss)
    USART_RX_BUF                             0x20000034   Data         200  dev_usart.o(.bss)
    UART1_Handler                            0x200000fc   Data          64  dev_usart.o(.bss)
    __libspace_start                         0x2000013c   Data          96  libspace.o(.bss)
    __temporary_stack_top$libspace           0x2000019c   Data           0  libspace.o(.bss)



==============================================================================

Memory Map of the image

  Image Entry point : 0x080001ad

  Load Region LR_IROM1 (Base: 0x08000000, Size: 0x00001f68, Max: 0x00100000, ABSOLUTE)

    Execution Region ER_IROM1 (Base: 0x08000000, Size: 0x00001f54, Max: 0x00100000, ABSOLUTE)

    Base Addr    Size         Type   Attr      Idx    E Section Name        Object

    0x08000000   0x000001ac   Data   RO         8461    RESET               startup_stm32f429xx.o
    0x080001ac   0x00000008   Code   RO         8506  * !!!main             c_w.l(__main.o)
    0x080001b4   0x00000034   Code   RO         8674    !!!scatter          c_w.l(__scatter.o)
    0x080001e8   0x0000001a   Code   RO         8676    !!handler_copy      c_w.l(__scatter_copy.o)
    0x08000202   0x00000002   PAD
    0x08000204   0x0000001c   Code   RO         8678    !!handler_zi        c_w.l(__scatter_zi.o)
    0x08000220   0x00000000   Code   RO         8499    .ARM.Collect$$_printf_percent$$00000000  c_w.l(_printf_percent.o)
    0x08000220   0x00000004   Code   RO         8515    .ARM.Collect$$_printf_percent$$00000017  c_w.l(_printf_percent_end.o)
    0x08000224   0x00000002   Code   RO         8548    .ARM.Collect$$libinit$$00000000  c_w.l(libinit.o)
    0x08000226   0x00000004   Code   RO         8554    .ARM.Collect$$libinit$$00000001  c_w.l(libinit2.o)
    0x0800022a   0x00000000   Code   RO         8557    .ARM.Collect$$libinit$$00000004  c_w.l(libinit2.o)
    0x0800022a   0x00000000   Code   RO         8560    .ARM.Collect$$libinit$$0000000A  c_w.l(libinit2.o)
    0x0800022a   0x00000000   Code   RO         8562    .ARM.Collect$$libinit$$0000000C  c_w.l(libinit2.o)
    0x0800022a   0x00000000   Code   RO         8564    .ARM.Collect$$libinit$$0000000E  c_w.l(libinit2.o)
    0x0800022a   0x00000000   Code   RO         8567    .ARM.Collect$$libinit$$00000011  c_w.l(libinit2.o)
    0x0800022a   0x00000000   Code   RO         8569    .ARM.Collect$$libinit$$00000013  c_w.l(libinit2.o)
    0x0800022a   0x00000000   Code   RO         8571    .ARM.Collect$$libinit$$00000015  c_w.l(libinit2.o)
    0x0800022a   0x00000000   Code   RO         8573    .ARM.Collect$$libinit$$00000017  c_w.l(libinit2.o)
    0x0800022a   0x00000000   Code   RO         8575    .ARM.Collect$$libinit$$00000019  c_w.l(libinit2.o)
    0x0800022a   0x00000000   Code   RO         8577    .ARM.Collect$$libinit$$0000001B  c_w.l(libinit2.o)
    0x0800022a   0x00000000   Code   RO         8579    .ARM.Collect$$libinit$$0000001D  c_w.l(libinit2.o)
    0x0800022a   0x00000000   Code   RO         8581    .ARM.Collect$$libinit$$0000001F  c_w.l(libinit2.o)
    0x0800022a   0x00000000   Code   RO         8583    .ARM.Collect$$libinit$$00000021  c_w.l(libinit2.o)
    0x0800022a   0x00000000   Code   RO         8585    .ARM.Collect$$libinit$$00000023  c_w.l(libinit2.o)
    0x0800022a   0x00000000   Code   RO         8587    .ARM.Collect$$libinit$$00000025  c_w.l(libinit2.o)
    0x0800022a   0x00000000   Code   RO         8591    .ARM.Collect$$libinit$$0000002C  c_w.l(libinit2.o)
    0x0800022a   0x00000000   Code   RO         8593    .ARM.Collect$$libinit$$0000002E  c_w.l(libinit2.o)
    0x0800022a   0x00000000   Code   RO         8595    .ARM.Collect$$libinit$$00000030  c_w.l(libinit2.o)
    0x0800022a   0x00000000   Code   RO         8597    .ARM.Collect$$libinit$$00000032  c_w.l(libinit2.o)
    0x0800022a   0x00000002   Code   RO         8598    .ARM.Collect$$libinit$$00000033  c_w.l(libinit2.o)
    0x0800022c   0x00000002   Code   RO         8616    .ARM.Collect$$libshutdown$$00000000  c_w.l(libshutdown.o)
    0x0800022e   0x00000000   Code   RO         8626    .ARM.Collect$$libshutdown$$00000002  c_w.l(libshutdown2.o)
    0x0800022e   0x00000000   Code   RO         8628    .ARM.Collect$$libshutdown$$00000004  c_w.l(libshutdown2.o)
    0x0800022e   0x00000000   Code   RO         8631    .ARM.Collect$$libshutdown$$00000007  c_w.l(libshutdown2.o)
    0x0800022e   0x00000000   Code   RO         8634    .ARM.Collect$$libshutdown$$0000000A  c_w.l(libshutdown2.o)
    0x0800022e   0x00000000   Code   RO         8636    .ARM.Collect$$libshutdown$$0000000C  c_w.l(libshutdown2.o)
    0x0800022e   0x00000000   Code   RO         8639    .ARM.Collect$$libshutdown$$0000000F  c_w.l(libshutdown2.o)
    0x0800022e   0x00000002   Code   RO         8640    .ARM.Collect$$libshutdown$$00000010  c_w.l(libshutdown2.o)
    0x08000230   0x00000000   Code   RO         8510    .ARM.Collect$$rtentry$$00000000  c_w.l(__rtentry.o)
    0x08000230   0x00000000   Code   RO         8517    .ARM.Collect$$rtentry$$00000002  c_w.l(__rtentry2.o)
    0x08000230   0x00000006   Code   RO         8529    .ARM.Collect$$rtentry$$00000004  c_w.l(__rtentry4.o)
    0x08000236   0x00000000   Code   RO         8519    .ARM.Collect$$rtentry$$00000009  c_w.l(__rtentry2.o)
    0x08000236   0x00000004   Code   RO         8520    .ARM.Collect$$rtentry$$0000000A  c_w.l(__rtentry2.o)
    0x0800023a   0x00000000   Code   RO         8522    .ARM.Collect$$rtentry$$0000000C  c_w.l(__rtentry2.o)
    0x0800023a   0x00000008   Code   RO         8523    .ARM.Collect$$rtentry$$0000000D  c_w.l(__rtentry2.o)
    0x08000242   0x00000002   Code   RO         8552    .ARM.Collect$$rtexit$$00000000  c_w.l(rtexit.o)
    0x08000244   0x00000000   Code   RO         8600    .ARM.Collect$$rtexit$$00000002  c_w.l(rtexit2.o)
    0x08000244   0x00000004   Code   RO         8601    .ARM.Collect$$rtexit$$00000003  c_w.l(rtexit2.o)
    0x08000248   0x00000006   Code   RO         8602    .ARM.Collect$$rtexit$$00000004  c_w.l(rtexit2.o)
    0x0800024e   0x00000002   PAD
    0x08000250   0x00000040   Code   RO         8462    .text               startup_stm32f429xx.o
    0x08000290   0x00000002   Code   RO         8468    .text               c_w.l(use_no_semi_2.o)
    0x08000292   0x00000002   PAD
    0x08000294   0x00000018   Code   RO         8472    .text               c_w.l(noretval__2printf.o)
    0x080002ac   0x00000068   Code   RO         8474    .text               c_w.l(__printf.o)
    0x08000314   0x0000004e   Code   RO         8502    .text               c_w.l(rt_memclr_w.o)
    0x08000362   0x00000006   Code   RO         8504    .text               c_w.l(heapauxi.o)
    0x08000368   0x00000002   Code   RO         8508    .text               c_w.l(use_no_semi.o)
    0x0800036a   0x00000002   PAD
    0x0800036c   0x00000024   Code   RO         8513    .text               c_w.l(_printf_char_file.o)
    0x08000390   0x00000030   Code   RO         8531    .text               c_w.l(_printf_char_common.o)
    0x080003c0   0x00000008   Code   RO         8533    .text               c_w.l(ferror.o)
    0x080003c8   0x0000004a   Code   RO         8537    .text               c_w.l(sys_stackheap_outer.o)
    0x08000412   0x00000012   Code   RO         8541    .text               c_w.l(exit.o)
    0x08000424   0x00000008   Code   RO         8549    .text               c_w.l(libspace.o)
    0x0800042c   0x00000002   Code   RO         7194    i.BusFault_Handler  stm32f4xx_it.o
    0x0800042e   0x00000002   Code   RO         7195    i.DebugMon_Handler  stm32f4xx_it.o
    0x08000430   0x00000006   Code   RO         8132    i.EXTI2_IRQHandler  power_manage.o
    0x08000436   0x00000024   Code   RO         1268    i.HAL_DMA_Abort_IT  stm32f4xx_hal_dma.o
    0x0800045a   0x00000002   PAD
    0x0800045c   0x0000001c   Code   RO         8133    i.HAL_GPIO_EXTI_Callback  power_manage.o
    0x08000478   0x00000018   Code   RO         1856    i.HAL_GPIO_EXTI_IRQHandler  stm32f4xx_hal_gpio.o
    0x08000490   0x000001dc   Code   RO         1857    i.HAL_GPIO_Init     stm32f4xx_hal_gpio.o
    0x0800066c   0x0000000a   Code   RO         1859    i.HAL_GPIO_ReadPin  stm32f4xx_hal_gpio.o
    0x08000676   0x0000000a   Code   RO         1861    i.HAL_GPIO_WritePin  stm32f4xx_hal_gpio.o
    0x08000680   0x0000000c   Code   RO           19    i.HAL_GetTick       stm32f4xx_hal.o
    0x0800068c   0x00000010   Code   RO           20    i.HAL_IncTick       stm32f4xx_hal.o
    0x0800069c   0x00000028   Code   RO           22    i.HAL_InitTick      stm32f4xx_hal.o
    0x080006c4   0x00000040   Code   RO          811    i.HAL_NVIC_SetPriority  stm32f4xx_hal_cortex.o
    0x08000704   0x00000088   Code   RO         4120    i.HAL_PWREx_EnableOverDrive  stm32f4xx_hal_pwr_ex.o
    0x0800078c   0x00000174   Code   RO         4205    i.HAL_RCC_ClockConfig  stm32f4xx_hal_rcc.o
    0x08000900   0x00000074   Code   RO         4214    i.HAL_RCC_GetSysClockFreq  stm32f4xx_hal_rcc.o
    0x08000974   0x000002d8   Code   RO         4217    i.HAL_RCC_OscConfig  stm32f4xx_hal_rcc.o
    0x08000c4c   0x00000002   Code   RO         4578    i.HAL_RTCEx_AlarmBEventCallback  stm32f4xx_hal_rtc_ex.o
    0x08000c4e   0x00000002   Code   RO         8184    i.HAL_RTCEx_WakeUpTimerEventCallback  rtc.o
    0x08000c50   0x00000038   Code   RO         4612    i.HAL_RTCEx_WakeUpTimerIRQHandler  stm32f4xx_hal_rtc_ex.o
    0x08000c88   0x00000014   Code   RO         8185    i.HAL_RTC_AlarmAEventCallback  rtc.o
    0x08000c9c   0x0000005c   Code   RO         4442    i.HAL_RTC_AlarmIRQHandler  stm32f4xx_hal_rtc.o
    0x08000cf8   0x00000018   Code   RO          814    i.HAL_SYSTICK_CLKSourceConfig  stm32f4xx_hal_cortex.o
    0x08000d10   0x00000028   Code   RO          816    i.HAL_SYSTICK_Config  stm32f4xx_hal_cortex.o
    0x08000d38   0x00000002   Code   RO         6673    i.HAL_UART_ErrorCallback  stm32f4xx_hal_uart.o
    0x08000d3a   0x00000002   PAD
    0x08000d3c   0x00000110   Code   RO         6676    i.HAL_UART_IRQHandler  stm32f4xx_hal_uart.o
    0x08000e4c   0x000000ba   Code   RO         6680    i.HAL_UART_Receive  stm32f4xx_hal_uart.o
    0x08000f06   0x00000002   Code   RO         6683    i.HAL_UART_RxCpltCallback  stm32f4xx_hal_uart.o
    0x08000f08   0x00000002   Code   RO         6688    i.HAL_UART_TxCpltCallback  stm32f4xx_hal_uart.o
    0x08000f0a   0x00000002   Code   RO         7196    i.HardFault_Handler  stm32f4xx_it.o
    0x08000f0c   0x00000054   Code   RO         7927    i.IIC_Init          dev_i2c.o
    0x08000f60   0x0000001c   Code   RO         7930    i.IIC_SCL_W         dev_i2c.o
    0x08000f7c   0x0000000c   Code   RO         7931    i.IIC_SDA_R         dev_i2c.o
    0x08000f88   0x0000001c   Code   RO         7932    i.IIC_SDA_W         dev_i2c.o
    0x08000fa4   0x00000054   Code   RO         7933    i.IIC_Send_Byte     dev_i2c.o
    0x08000ff8   0x00000040   Code   RO         7934    i.IIC_Start         dev_i2c.o
    0x08001038   0x00000040   Code   RO         7935    i.IIC_Stop          dev_i2c.o
    0x08001078   0x00000050   Code   RO         7936    i.IIC_Wait_Ack      dev_i2c.o
    0x080010c8   0x00000002   Code   RO         7197    i.MemManage_Handler  stm32f4xx_it.o
    0x080010ca   0x00000002   Code   RO         7198    i.NMI_Handler       stm32f4xx_it.o
    0x080010cc   0x00000020   Code   RO          818    i.NVIC_SetPriority  stm32f4xx_hal_cortex.o
    0x080010ec   0x00000006   Code   RO         8052    i.OLED_CLS          dev_oled.o
    0x080010f2   0x00000036   Code   RO         8053    i.OLED_Fill         dev_oled.o
    0x08001128   0x000000b8   Code   RO         8055    i.OLED_Init         dev_oled.o
    0x080011e0   0x00000026   Code   RO         8057    i.OLED_SetPos       dev_oled.o
    0x08001206   0x00000002   PAD
    0x08001208   0x000000d0   Code   RO         8058    i.OLED_ShowStr      dev_oled.o
    0x080012d8   0x00000002   Code   RO         7199    i.PendSV_Handler    stm32f4xx_it.o
    0x080012da   0x00000002   PAD
    0x080012dc   0x0000000c   Code   RO         8187    i.RTC_Alarm_IRQHandler  rtc.o
    0x080012e8   0x0000000c   Code   RO         8193    i.RTC_WKUP_IRQHandler  rtc.o
    0x080012f4   0x00000002   Code   RO         7200    i.SVC_Handler       stm32f4xx_it.o
    0x080012f6   0x00000004   Code   RO         7201    i.SysTick_Handler   stm32f4xx_it.o
    0x080012fa   0x00000002   PAD
    0x080012fc   0x00000084   Code   RO         7889    i.SystemClock_Config  board_init.o
    0x08001380   0x00000054   Code   RO         7850    i.SystemInit        system_stm32f4xx.o
    0x080013d4   0x00000010   Code   RO         6690    i.UART_DMAAbortOnError  stm32f4xx_hal_uart.o
    0x080013e4   0x0000001c   Code   RO         6696    i.UART_EndRxTransfer  stm32f4xx_hal_uart.o
    0x08001400   0x0000008c   Code   RO         6698    i.UART_Receive_IT   stm32f4xx_hal_uart.o
    0x0800148c   0x00000062   Code   RO         6700    i.UART_Transmit_IT  stm32f4xx_hal_uart.o
    0x080014ee   0x00000062   Code   RO         6701    i.UART_WaitOnFlagUntilTimeout  stm32f4xx_hal_uart.o
    0x08001550   0x0000006c   Code   RO         8333    i.USART1_IRQHandler  dev_usart.o
    0x080015bc   0x00000002   Code   RO         7202    i.UsageFault_Handler  stm32f4xx_it.o
    0x080015be   0x0000002e   Code   RO         8059    i.WriteCmd          dev_oled.o
    0x080015ec   0x0000002e   Code   RO         8060    i.WriteDat          dev_oled.o
    0x0800161a   0x00000002   Code   RO         8334    i._sys_exit         dev_usart.o
    0x0800161c   0x00000014   Code   RO         8014    i.delay_init        delay.o
    0x08001630   0x0000001a   Code   RO         8015    i.delay_ms          delay.o
    0x0800164a   0x00000002   PAD
    0x0800164c   0x00000034   Code   RO         8016    i.delay_us          delay.o
    0x08001680   0x00000014   Code   RO         8335    i.fputc             dev_usart.o
    0x08001694   0x0000006c   Code   RO         8435    i.main              main.o
    0x08001700   0x0000000a   Code   RO         8608    x$fpl$fpinit        fz_wm.l(fpinit.o)
    0x0800170a   0x00000010   Data   RO         4218    .constdata          stm32f4xx_hal_rcc.o
    0x0800171a   0x00000818   Data   RO         8061    .constdata          dev_oled.o
    0x08001f32   0x00000002   PAD
    0x08001f34   0x00000020   Data   RO         8672    Region$$Table       anon$$obj.o


    Execution Region RW_IRAM1 (Base: 0x20000000, Size: 0x000007a0, Max: 0x00030000, ABSOLUTE)

    Base Addr    Size         Type   Attr      Idx    E Section Name        Object

    0x20000000   0x00000004   Data   RW           27    .data               stm32f4xx_hal.o
    0x20000004   0x00000004   Data   RW         7853    .data               system_stm32f4xx.o
    0x20000008   0x00000004   Data   RW         8017    .data               delay.o
    0x2000000c   0x00000001   Data   RW         8136    .data               power_manage.o
    0x2000000d   0x00000001   PAD
    0x2000000e   0x00000002   Data   RW         8338    .data               dev_usart.o
    0x20000010   0x00000004   Data   RW         8339    .data               dev_usart.o
    0x20000014   0x00000020   Zero   RW         8194    .bss                rtc.o
    0x20000034   0x00000108   Zero   RW         8337    .bss                dev_usart.o
    0x2000013c   0x00000060   Zero   RW         8550    .bss                c_w.l(libspace.o)
    0x2000019c   0x00000004   PAD
    0x200001a0   0x00000200   Zero   RW         8460    HEAP                startup_stm32f429xx.o
    0x200003a0   0x00000400   Zero   RW         8459    STACK               startup_stm32f429xx.o


==============================================================================

Image component sizes


      Code (inc. data)   RO Data    RW Data    ZI Data      Debug   Object Name

       132          8          0          0          0       1061   board_init.o
        98          8          0          4          0       1875   delay.o
       444         38          0          0          0       4685   dev_i2c.o
       582          8       2072          0          0       5348   dev_oled.o
       130         14          0          6        264       3576   dev_usart.o
       108         28          0          0          0        515   main.o
        34          4          0          1          0       1260   power_manage.o
        46         26          0          0         32       2718   rtc.o
        64         26        428          0       1536        836   startup_stm32f429xx.o
        68         18          0          4          0     404096   stm32f4xx_hal.o
       160          4          0          0          0      29393   stm32f4xx_hal_cortex.o
        36          0          0          0          0       1111   stm32f4xx_hal_dma.o
       520         60          0          0          0       3682   stm32f4xx_hal_gpio.o
       136         14          0          0          0       1188   stm32f4xx_hal_pwr_ex.o
      1216         50         16          0          0       4125   stm32f4xx_hal_rcc.o
        92          6          0          0          0       1142   stm32f4xx_hal_rtc.o
        58          4          0          0          0       1494   stm32f4xx_hal_rtc_ex.o
       844          6          0          0          0       7658   stm32f4xx_hal_uart.o
        20          0          0          0          0       4170   stm32f4xx_it.o
        84         18          0          4          0       1147   system_stm32f4xx.o

    ----------------------------------------------------------------------
      4884        340       2550         20       1832     481080   Object Totals
         0          0         32          0          0          0   (incl. Generated)
        12          0          2          1          0          0   (incl. Padding)

    ----------------------------------------------------------------------

      Code (inc. data)   RO Data    RW Data    ZI Data      Debug   Library Member Name

         8          0          0          0          0         68   __main.o
       104          0          0          0          0         84   __printf.o
         0          0          0          0          0          0   __rtentry.o
        12          0          0          0          0          0   __rtentry2.o
         6          0          0          0          0          0   __rtentry4.o
        52          8          0          0          0          0   __scatter.o
        26          0          0          0          0          0   __scatter_copy.o
        28          0          0          0          0          0   __scatter_zi.o
        48          6          0          0          0         96   _printf_char_common.o
        36          4          0          0          0         80   _printf_char_file.o
         0          0          0          0          0          0   _printf_percent.o
         4          0          0          0          0          0   _printf_percent_end.o
        18          0          0          0          0         80   exit.o
         8          0          0          0          0         68   ferror.o
         6          0          0          0          0        152   heapauxi.o
         2          0          0          0          0          0   libinit.o
         6          0          0          0          0          0   libinit2.o
         2          0          0          0          0          0   libshutdown.o
         2          0          0          0          0          0   libshutdown2.o
         8          4          0          0         96         68   libspace.o
        24          4          0          0          0         84   noretval__2printf.o
        78          0          0          0          0         80   rt_memclr_w.o
         2          0          0          0          0          0   rtexit.o
        10          0          0          0          0          0   rtexit2.o
        74          0          0          0          0         80   sys_stackheap_outer.o
         2          0          0          0          0         68   use_no_semi.o
         2          0          0          0          0         68   use_no_semi_2.o
        10          0          0          0          0        116   fpinit.o

    ----------------------------------------------------------------------
       586         26          0          0        100       1192   Library Totals
         8          0          0          0          4          0   (incl. Padding)

    ----------------------------------------------------------------------

      Code (inc. data)   RO Data    RW Data    ZI Data      Debug   Library Name

       568         26          0          0         96       1076   c_w.l
        10          0          0          0          0        116   fz_wm.l

    ----------------------------------------------------------------------
       586         26          0          0        100       1192   Library Totals

    ----------------------------------------------------------------------

==============================================================================


      Code (inc. data)   RO Data    RW Data    ZI Data      Debug   

      5470        366       2550         20       1932     475704   Grand Totals
      5470        366       2550         20       1932     475704   ELF Image Totals
      5470        366       2550         20          0          0   ROM Totals

==============================================================================

    Total RO  Size (Code + RO Data)                 8020 (   7.83kB)
    Total RW  Size (RW Data + ZI Data)              1952 (   1.91kB)
    Total ROM Size (Code + RO Data + RW Data)       8040 (   7.85kB)

==============================================================================

